 L4D_Versus_Tool

 Timestamp is 541dc7dd (Sat Sep 20 21:30:53 2014)

 Preferred load address is 10000000

 Start         Length     Name                   Class
 0001:00000000 00024161H .text                   CODE
 0001:00024170 0000006bH .text$x                 CODE
 0001:000241e0 00001093H .text$yc                CODE
 0001:00025280 000005afH .text$yd                CODE
 0002:00000000 00000190H .idata$5                DATA
 0002:00000190 00000004H .CRT$XCA                DATA
 0002:00000194 00000164H .CRT$XCU                DATA
 0002:000002f8 00000004H .CRT$XCZ                DATA
 0002:000002fc 00000004H .CRT$XIA                DATA
 0002:00000300 00000014H .CRT$XIC                DATA
 0002:00000314 00000004H .CRT$XIZ                DATA
 0002:00000318 00000004H .CRT$XPA                DATA
 0002:0000031c 00000004H .CRT$XPX                DATA
 0002:00000320 00000004H .CRT$XPXA               DATA
 0002:00000324 00000004H .CRT$XPZ                DATA
 0002:00000328 00000004H .CRT$XTA                DATA
 0002:0000032c 00000004H .CRT$XTZ                DATA
 0002:00000330 0000ba10H .rdata                  DATA
 0002:0000bd40 00000087H .rdata$debug            DATA
 0002:0000bdc8 00000634H .rdata$r                DATA
 0002:0000c400 00000024H .rdata$sxdata           DATA
 0002:0000c424 00000004H .rtc$IAA                DATA
 0002:0000c428 00000004H .rtc$IZZ                DATA
 0002:0000c42c 00000004H .rtc$TAA                DATA
 0002:0000c430 00000004H .rtc$TZZ                DATA
 0002:0000c438 0000080cH .xdata$x                DATA
 0002:0000cc44 00000064H .idata$2                DATA
 0002:0000cca8 00000014H .idata$3                DATA
 0002:0000ccbc 00000190H .idata$4                DATA
 0002:0000ce4c 000006fcH .idata$6                DATA
 0002:0000d550 00000077H .edata                  DATA
 0003:00000000 00002370H .data                   DATA
 0003:00002380 0000caccH .bss                    DATA

  Address         Publics by Value              Rva+Base       Lib:Object

 0000:00000000       __except_list              00000000     <absolute>
 0000:00000009       ___safe_se_handler_count   00000009     <absolute>
 0000:00000000       ___ImageBase               10000000     <linker-defined>
 0001:00000000       ?SinCos@@YAXMPAM0@Z        10001000 f i L4D_Versus_Tool.obj
 0001:00000020       ?Init@Ray_t@@QAEXABVVector@@0@Z 10001020 f i L4D_Versus_Tool.obj
 0001:000000b0       ?ArgS@CCommand@@QBEPBDXZ   100010b0 f i L4D_Versus_Tool.obj
 0001:000000d0       ?Arg@CCommand@@QBEPBDH@Z   100010d0 f i L4D_Versus_Tool.obj
 0001:000000f0       ??1bad_alloc@std@@UAE@XZ   100010f0 f i L4D_Versus_Tool.obj
 0001:00000100       ??_Gbad_alloc@std@@UAEPAXI@Z 10001100 f i L4D_Versus_Tool.obj
 0001:00000100       ??_Ebad_alloc@std@@UAEPAXI@Z 10001100 f i L4D_Versus_Tool.obj
 0001:00000130       ?compare@?$char_traits@D@std@@SAHPBD0I@Z 10001130 f i L4D_Versus_Tool.obj
 0001:000001b0       ??_GIGameEventListener@@UAEPAXI@Z 100011b0 f i L4D_Versus_Tool.obj
 0001:000001b0       ??_EIGameEventListener@@UAEPAXI@Z 100011b0 f i L4D_Versus_Tool.obj
 0001:000001d0       ?PluginUnload@@YAXXZ       100011d0 f   L4D_Versus_Tool.obj
 0001:000002b0       ?ZombieCounter@@YAX_N00@Z  100012b0 f   L4D_Versus_Tool.obj
 0001:00000480       ?Draw_PZTank_HealthBar@@YAXHHHHHHHH@Z 10001480 f   L4D_Versus_Tool.obj
 0001:00000940       ?GetOwnerPos@@YA?AVVector@@XZ 10001940 f   L4D_Versus_Tool.obj
 0001:00000990       ?GetBoneOrignP@@YA_NPAVC_BaseEntity@@PAVVector@@H@Z 10001990 f   L4D_Versus_Tool.obj
 0001:00000a20       ?Circle@@YAXABVVector@@00MHHHH_NM@Z 10001a20 f   L4D_Versus_Tool.obj
 0001:00000be0       ?GetCommandIndex@L4D_VT@@UAEHXZ 10001be0 f i L4D_Versus_Tool.obj
 0001:00000bf0       ?Unload@L4D_VT@@UAEXXZ     10001bf0 f   L4D_Versus_Tool.obj
 0001:00000c30       ?UnPause@L4D_VT@@UAEXXZ    10001c30 f   L4D_Versus_Tool.obj
 0001:00000c30       ?Pause@L4D_VT@@UAEXXZ      10001c30 f   L4D_Versus_Tool.obj
 0001:00000c40       ?GetPluginDescription@L4D_VT@@UAEPBDXZ 10001c40 f   L4D_Versus_Tool.obj
 0001:00000c50       ?ServerActivate@L4D_VT@@UAEXPAUedict_t@@HH@Z 10001c50 f   L4D_Versus_Tool.obj
 0001:00000c60       ?LevelShutdown@L4D_VT@@UAEXXZ 10001c60 f   L4D_Versus_Tool.obj
 0001:00000d30       ?SetValue@CEmptyConVar@@UAEXH@Z 10001d30 f   tier1:convar.obj
 0001:00000d30       ?ClientSettingsChanged@L4D_VT@@UAEXPAUedict_t@@@Z 10001d30 f   L4D_Versus_Tool.obj
 0001:00000d30       ?LevelInit@L4D_VT@@UAEXPBD@Z 10001d30 f   L4D_Versus_Tool.obj
 0001:00000d30       ?GameFrame@L4D_VT@@UAEX_N@Z 10001d30 f   L4D_Versus_Tool.obj
 0001:00000d30       ?SetValue@CEmptyConVar@@UAEXPBD@Z 10001d30 f   tier1:convar.obj
 0001:00000d30       ?ClientDisconnect@L4D_VT@@UAEXPAUedict_t@@@Z 10001d30 f   L4D_Versus_Tool.obj
 0001:00000d30       ?SetValue@CEmptyConVar@@UAEXM@Z 10001d30 f   tier1:convar.obj
 0001:00000d30       ?ClientActive@L4D_VT@@UAEXPAUedict_t@@@Z 10001d30 f   L4D_Versus_Tool.obj
 0001:00000d40       ?ClientPutInServer@L4D_VT@@UAEXPAUedict_t@@PBD@Z 10001d40 f   L4D_Versus_Tool.obj
 0001:00000d50       ?SetCommandClient@L4D_VT@@UAEXH@Z 10001d50 f   L4D_Versus_Tool.obj
 0001:00000d60       ?ClientConnect@L4D_VT@@UAE?AW4PLUGIN_RESULT@@PA_NPAUedict_t@@PBD2PADH@Z 10001d60 f   L4D_Versus_Tool.obj
 0001:00000d70       ?NetworkIDValidated@L4D_VT@@UAE?AW4PLUGIN_RESULT@@PBD0@Z 10001d70 f   L4D_Versus_Tool.obj
 0001:00000d70       ?ClientCommand@L4D_VT@@UAE?AW4PLUGIN_RESULT@@PAUedict_t@@ABVCCommand@@@Z 10001d70 f   L4D_Versus_Tool.obj
 0001:00000d80       ?OnQueryCvarValueFinished@L4D_VT@@UAEXHPAUedict_t@@W4EQueryCvarValueStatus@@PBD2@Z 10001d80 f   L4D_Versus_Tool.obj
 0001:000032d0       ??$_Allocate@D@std@@YAPADIPAD@Z 100042d0 f i L4D_Versus_Tool.obj
 0001:00003330       ??0bad_alloc@std@@QAE@ABV01@@Z 10004330 f i L4D_Versus_Tool.obj
 0001:00003350       ?L4D_VT_MainThread@@YGKPAX@Z 10004350 f   L4D_Versus_Tool.obj
 0001:00008440       ??_EL4D_VT@@W3AEPAXI@Z     10009440 f i L4D_Versus_Tool.obj
 0001:00008450       ??_EL4D_VT@@UAEPAXI@Z      10009450 f i L4D_Versus_Tool.obj
 0001:00008450       ??_GL4D_VT@@UAEPAXI@Z      10009450 f i L4D_Versus_Tool.obj
 0001:00008480       ?Load@L4D_VT@@UAE_NP6APAXPBDPAH@Z2@Z 10009480 f   L4D_Versus_Tool.obj
 0001:00008fb0       ?DumpClass_Client@@YAXPAVClientClass@@PAVRecvTable@@@Z 10009fb0 f   L4D_Versus_Tool.obj
 0001:000090b0       ?DumpClass_Server@@YAXPAVServerClass@@PAVSendTable@@@Z 1000a0b0 f   L4D_Versus_Tool.obj
 0001:00009ad0       ?find@?$basic_string@DU?$char_traits@D@std@@V?$allocator@D@2@@std@@QBEIPBDII@Z 1000aad0 f i L4D_Versus_Tool.obj
 0001:00009b90       ?allocate@?$allocator@D@std@@QAEPADI@Z 1000ab90 f i L4D_Versus_Tool.obj
 0001:00009bb0       ??$move_s@U?$char_traits@D@std@@@_Traits_helper@std@@YAPADPADIPBDI@Z 1000abb0 f i L4D_Versus_Tool.obj
 0001:00009c20       ?_Tidy@?$basic_string@DU?$char_traits@D@std@@V?$allocator@D@2@@std@@IAEX_NI@Z 1000ac20 f i L4D_Versus_Tool.obj
 0001:00009c70       ?erase@?$basic_string@DU?$char_traits@D@std@@V?$allocator@D@2@@std@@QAEAAV12@II@Z 1000ac70 f i L4D_Versus_Tool.obj
 0001:00009d00       ?_Copy@?$basic_string@DU?$char_traits@D@std@@V?$allocator@D@2@@std@@IAEXII@Z 1000ad00 f i L4D_Versus_Tool.obj
 0001:00009e50       ??1?$basic_string@DU?$char_traits@D@std@@V?$allocator@D@2@@std@@QAE@XZ 1000ae50 f i L4D_Versus_Tool.obj
 0001:00009e80       ?append@?$basic_string@DU?$char_traits@D@std@@V?$allocator@D@2@@std@@QAEAAV12@ABV12@II@Z 1000ae80 f i L4D_Versus_Tool.obj
 0001:00009f80       ?append@?$basic_string@DU?$char_traits@D@std@@V?$allocator@D@2@@std@@QAEAAV12@PBDI@Z 1000af80 f i L4D_Versus_Tool.obj
 0001:0000a090       ?assign@?$basic_string@DU?$char_traits@D@std@@V?$allocator@D@2@@std@@QAEAAV12@ABV12@II@Z 1000b090 f i L4D_Versus_Tool.obj
 0001:0000a170       ?assign@?$basic_string@DU?$char_traits@D@std@@V?$allocator@D@2@@std@@QAEAAV12@PBDI@Z 1000b170 f i L4D_Versus_Tool.obj
 0001:0000a250       ?replace@?$basic_string@DU?$char_traits@D@std@@V?$allocator@D@2@@std@@QAEAAV12@IIABV12@II@Z 1000b250 f i L4D_Versus_Tool.obj
 0001:0000a600       ??0?$basic_string@DU?$char_traits@D@std@@V?$allocator@D@2@@std@@QAE@ABV01@@Z 1000b600 f i L4D_Versus_Tool.obj
 0001:0000a630       ?replace@?$basic_string@DU?$char_traits@D@std@@V?$allocator@D@2@@std@@QAEAAV12@IIPBDI@Z 1000b630 f i L4D_Versus_Tool.obj
 0001:0000a810       ??0?$basic_string@DU?$char_traits@D@std@@V?$allocator@D@2@@std@@QAE@PBD@Z 1000b810 f i L4D_Versus_Tool.obj
 0001:0000a850       ??$?HDU?$char_traits@D@std@@V?$allocator@D@1@@std@@YA?AV?$basic_string@DU?$char_traits@D@std@@V?$allocator@D@2@@0@ABV10@0@Z 1000b850 f i L4D_Versus_Tool.obj
 0001:0000a8d0       ??$?HDU?$char_traits@D@std@@V?$allocator@D@1@@std@@YA?AV?$basic_string@DU?$char_traits@D@std@@V?$allocator@D@2@@0@ABV10@PBD@Z 1000b8d0 f i L4D_Versus_Tool.obj
 0001:0000a950       ??$?HDU?$char_traits@D@std@@V?$allocator@D@1@@std@@YA?AV?$basic_string@DU?$char_traits@D@std@@V?$allocator@D@2@@0@PBDABV10@@Z 1000b950 f i L4D_Versus_Tool.obj
 0001:0000a9d0       ?RecordDemo@@YAXXZ         1000b9d0 f   L4D_Versus_Tool.obj
 0001:0000b030       ?FireGameEvent@L4D_VT@@UAEXPAVKeyValues@@@Z 1000c030 f   L4D_Versus_Tool.obj
 0001:0000bd70       _cosf                      1000cd70 f i mathlib:mathlib_base.obj
 0001:0000bd80       ?_sqrtf@@YAMM@Z            1000cd80 f   mathlib:mathlib_base.obj
 0001:0000bd90       ?_rsqrtf@@YAMM@Z           1000cd90 f   mathlib:mathlib_base.obj
 0001:0000bda0       ?_VectorNormalize@@YIMAAVVector@@@Z 1000cda0 f   mathlib:mathlib_base.obj
 0001:0000bde0       ?_VectorNormalizeFast@@YIXAAVVector@@@Z 1000cde0 f   mathlib:mathlib_base.obj
 0001:0000be20       ?_InvRSquared@@YAMPBM@Z    1000ce20 f   mathlib:mathlib_base.obj
 0001:0000be50       ?MatrixGetColumn@@YAXABUmatrix3x4_t@@HAAVVector@@@Z 1000ce50 f   mathlib:mathlib_base.obj
 0001:0000be70       ?AngleVectors@@YAXABVQAngle@@PAVVector@@@Z 1000ce70 f   mathlib:mathlib_base.obj
 0001:0000bf00       ?VectorAngles@@YAXABVVector@@AAVQAngle@@@Z 1000cf00 f   mathlib:mathlib_base.obj
 0001:0000bfe0       ?AngleMatrix@@YAXABVQAngle@@AAUmatrix3x4_t@@@Z 1000cfe0 f   mathlib:mathlib_base.obj
 0001:0000c100       ?AngleMatrix@@YAXABVQAngle@@ABVVector@@AAUmatrix3x4_t@@@Z 1000d100 f   mathlib:mathlib_base.obj
 0001:0000c130       ?ConnectTier1Libraries@@YAXPAP6APAXPBDPAH@ZH@Z 1000d130 f   tier1:tier1.obj
 0001:0000c1a0       ?DisconnectTier1Libraries@@YAXXZ 1000d1a0 f   tier1:tier1.obj
 0001:0000c1c0       ?ConVar_Register@@YAXHPAVIConCommandBaseAccessor@@@Z 1000d1c0 f   tier1:convar.obj
 0001:0000c250       ?ConVar_Unregister@@YAXXZ  1000d250 f   tier1:convar.obj
 0001:0000c290       ?IsCommand@ConCommandBase@@UBE_NXZ 1000d290 f   tier1:convar.obj
 0001:0000c290       ?IsCommand@ConCommand@@UBE_NXZ 1000d290 f   tier1:convar.obj
 0001:0000c2a0       ?GetDLLIdentifier@ConCommandBase@@UBEHXZ 1000d2a0 f   tier1:convar.obj
 0001:0000c2b0       ?Create@ConCommandBase@@MAEXPBD0H@Z 1000d2b0 f   tier1:convar.obj
 0001:0000c300       ?Init@ConVar@@UAEXXZ       1000d300 f   tier1:convar.obj
 0001:0000c300       ?Init@ConCommandBase@@MAEXXZ 1000d300 f   tier1:convar.obj
 0001:0000c320       ?GetName@ConCommandBase@@UBEPBDXZ 1000d320 f   tier1:convar.obj
 0001:0000c330       ?IsFlagSet@ConCommandBase@@UBE_NH@Z 1000d330 f   tier1:convar.obj
 0001:0000c340       ?AddFlags@ConCommandBase@@UAEXH@Z 1000d340 f   tier1:convar.obj
 0001:0000c350       ?RemoveFlags@ConCommandBase@@UAEXH@Z 1000d350 f   tier1:convar.obj
 0001:0000c360       ?GetFlags@ConCommandBase@@UBEHXZ 1000d360 f   tier1:convar.obj
 0001:0000c370       ?GetHelpText@ConCommandBase@@UBEPBDXZ 1000d370 f   tier1:convar.obj
 0001:0000c380       ?IsRegistered@ConCommandBase@@UBE_NXZ 1000d380 f   tier1:convar.obj
 0001:0000c390       ?GetSplitScreenPlayerSlot@ConVar@@UBEHXZ 1000d390 f   tier1:convar.obj
 0001:0000c390       ?DefaultCompletionFunc@@YAHPBDQAY0EA@D@Z 1000d390 f   tier1:convar.obj
 0001:0000c3a0       ??0ConCommand@@QAE@PBDP6AXABVCCommand@@@Z0HP6AH0QAY0EA@D@Z@Z 1000d3a0 f   tier1:convar.obj
 0001:0000c440       ??1ConCommand@@UAE@XZ      1000d440 f   tier1:convar.obj
 0001:0000c450       ?Dispatch@ConCommand@@UAEXABVCCommand@@@Z 1000d450 f   tier1:convar.obj
 0001:0000c490       ?CanAutoComplete@ConCommand@@UAE_NXZ 1000d490 f   tier1:convar.obj
 0001:0000c4a0       ??1ConVar@@UAE@XZ          1000d4a0 f   tier1:convar.obj
 0001:0000c4d0       ?IsFlagSet@ConVar@@UBE_NH@Z 1000d4d0 f   tier1:convar.obj
 0001:0000c4f0       ?GetHelpText@ConVar@@UBEPBDXZ 1000d4f0 f   tier1:convar.obj
 0001:0000c500       ?AddFlags@ConVar@@UAEXH@Z  1000d500 f   tier1:convar.obj
 0001:0000c510       ?GetFlags@ConVar@@UBEHXZ   1000d510 f   tier1:convar.obj
 0001:0000c520       ?IsRegistered@ConVar@@UBE_NXZ 1000d520 f   tier1:convar.obj
 0001:0000c530       ?GetName@ConVar@@UBEPBDXZ  1000d530 f   tier1:convar.obj
 0001:0000c540       ?IsCommand@ConVar@@UBE_NXZ 1000d540 f   tier1:convar.obj
 0001:0000c550       ?GetBaseName@ConVar@@UBEPBDXZ 1000d550 f   tier1:convar.obj
 0001:0000c560       ?InternalSetValue@ConVar@@EAEXPBD@Z 1000d560 f   tier1:convar.obj
 0001:0000c5f0       ?ChangeStringValue@ConVar@@EAEXPBDM@Z 1000d5f0 f   tier1:convar.obj
 0001:0000c6a0       ?ClampValue@ConVar@@EAE_NAAM@Z 1000d6a0 f   tier1:convar.obj
 0001:0000c6f0       ?InternalSetFloatValue@ConVar@@EAEXM@Z 1000d6f0 f   tier1:convar.obj
 0001:0000c780       ?InternalSetIntValue@ConVar@@EAEXH@Z 1000d780 f   tier1:convar.obj
 0001:0000c800       ?Create@ConVar@@EAEXPBD0H0_NM1MP6AXPAVIConVar@@0M@Z@Z 1000d800 f   tier1:convar.obj
 0001:0000c8d0       ?SetValue@ConVar@@UAEXPBD@Z 1000d8d0 f   tier1:convar.obj
 0001:0000c8e0       ?SetValue@ConVar@@UAEXM@Z  1000d8e0 f   tier1:convar.obj
 0001:0000c900       ?SetValue@ConVar@@UAEXH@Z  1000d900 f   tier1:convar.obj
 0001:0000c910       ?IsFlagSet@ConVar@@WBI@BE_NH@Z 1000d910 f i tier1:convar.obj
 0001:0000c920       ?GetName@ConVar@@WBI@BEPBDXZ 1000d920 f i tier1:convar.obj
 0001:0000c930       ?RegisterConCommandBase@CDefaultAccessor@@UAE_NPAVConCommandBase@@@Z 1000d930 f i tier1:convar.obj
 0001:0000c950       ??_GConCommand@@UAEPAXI@Z  1000d950 f i tier1:convar.obj
 0001:0000c950       ??_GConCommandBase@@UAEPAXI@Z 1000d950 f i tier1:convar.obj
 0001:0000c950       ??_EConCommandBase@@UAEPAXI@Z 1000d950 f i tier1:convar.obj
 0001:0000c950       ??_EConCommand@@UAEPAXI@Z  1000d950 f i tier1:convar.obj
 0001:0000c980       ??_GConVar@@UAEPAXI@Z      1000d980 f i tier1:convar.obj
 0001:0000c980       ??_GCEmptyConVar@@UAEPAXI@Z 1000d980 f i tier1:convar.obj
 0001:0000c980       ??_EConVar@@UAEPAXI@Z      1000d980 f i tier1:convar.obj
 0001:0000c980       ??_ECEmptyConVar@@UAEPAXI@Z 1000d980 f i tier1:convar.obj
 0001:0000c9d0       ??0ConVar@@QAE@PBD0H0@Z    1000d9d0 f   tier1:convar.obj
 0001:0000ca30       ??0CEmptyConVar@@QAE@XZ    1000da30 f i tier1:convar.obj
 0001:0000cb00       ?GetName@CEmptyConVar@@UBEPBDXZ 1000db00 f i tier1:convar.obj
 0001:0000cb10       ?IsFlagSet@CEmptyConVar@@UBE_NH@Z 1000db10 f i tier1:convar.obj
 0001:0000cb20       ?GetName@CEmptyConVar@@WBI@BEPBDXZ 1000db20 f i tier1:convar.obj
 0001:0000cb30       ?IsFlagSet@CEmptyConVar@@WBI@BE_NH@Z 1000db30 f i tier1:convar.obj
 0001:0000cb40       ?Grow@?$CUtlMemory@VCUtlString@@H@@QAEXH@Z 1000db40 f i tier1:convar.obj
 0001:0000cbf0       ?AutoCompleteSuggest@ConCommand@@UAEHPBDAAV?$CUtlVector@VCUtlString@@V?$CUtlMemory@VCUtlString@@H@@@@@Z 1000dbf0 f   tier1:convar.obj
 0001:0000cd10       ?GetName@KeyValues@@QBEPBDXZ 1000dd10 f   tier1:KeyValues.obj
 0001:0000cd30       ??0KeyValues@@QAE@PBD@Z    1000dd30 f   tier1:KeyValues.obj
 0001:0000cd80       ?FindKey@KeyValues@@QAEPAV1@PBD_N@Z 1000dd80 f   tier1:KeyValues.obj
 0001:0000cea0       ?GetInt@KeyValues@@QAEHPBDH@Z 1000dea0 f   tier1:KeyValues.obj
 0001:0000cf20       ?SetString@KeyValues@@QAEXPBD0@Z 1000df20 f   tier1:KeyValues.obj
 0001:0000cf90       ?GetString@KeyValues@@QAEPBDPBD0@Z 1000df90 f   tier1:KeyValues.obj
 0001:0000d0d0       ??0InterfaceReg@@QAE@P6APAXXZPBD@Z 1000e0d0 f   tier1:interface.obj
 0001:0000d100       _CreateInterface           1000e100 f   tier1:interface.obj
 0001:0000d170       ?V_snprintf@@YAHPADHPBDZZ  1000e170 f   tier1:strtools.obj
 0001:0000d1c0       ?Grow@?$CUtlMemory@EH@@QAEXH@Z 1000e1c0 f i tier1:utlstring.obj
 0001:0000d270       ?Set@CUtlBinaryBlock@@QAEXPBXH@Z 1000e270 f   tier1:utlstring.obj
 0001:0000d2f0       ??0CUtlString@@QAE@PBD@Z   1000e2f0 f   tier1:utlstring.obj
 0001:0000d350       ??0CUtlString@@QAE@ABV0@@Z 1000e350 f   tier1:utlstring.obj
 0001:0000d3c0       ?FindConversion@CUtlCStringConversion@@UAEDPBDPAH@Z 1000e3c0 f   tier1:utlbuffer.obj
 0001:0000d3e0       ??0CUtlCharConversion@@QAE@DPBDHPAUConversionArray_t@0@@Z 1000e3e0 f   tier1:utlbuffer.obj
 0001:0000d480       ?FindConversion@CUtlCharConversion@@UAEDPBDPAH@Z 1000e480 f   tier1:utlbuffer.obj
 0001:0000d500       ?FindConversion@CUtlNoEscConversion@@UAEDPBDPAH@Z 1000e500 f i tier1:utlbuffer.obj
 0001:0000d520       ?ConnectTier2Libraries@@YAXPAP6APAXPBDPAH@ZH@Z 1000e520 f   tier2:tier2.obj
 0001:0000d690       ?DisconnectTier2Libraries@@YAXXZ 1000e690 f   tier2:tier2.obj
 0001:0000d6ca       ??0logic_error@std@@QAE@ABV?$basic_string@DU?$char_traits@D@std@@V?$allocator@D@2@@1@@Z 1000e6ca f i libcpmt:string.obj
 0001:0000d6ff       ?what@logic_error@std@@UBEPBDXZ 1000e6ff f i libcpmt:string.obj
 0001:0000d70d       ??1logic_error@std@@UAE@XZ 1000e70d f i libcpmt:string.obj
 0001:0000d72c       ??_Glogic_error@std@@UAEPAXI@Z 1000e72c f i libcpmt:string.obj
 0001:0000d72c       ??_Elogic_error@std@@UAEPAXI@Z 1000e72c f i libcpmt:string.obj
 0001:0000d74d       ??0length_error@std@@QAE@ABV?$basic_string@DU?$char_traits@D@std@@V?$allocator@D@2@@1@@Z 1000e74d f i libcpmt:string.obj
 0001:0000d76a       ??1length_error@std@@UAE@XZ 1000e76a f i libcpmt:string.obj
 0001:0000d775       ??_Elength_error@std@@UAEPAXI@Z 1000e775 f i libcpmt:string.obj
 0001:0000d775       ??_Glength_error@std@@UAEPAXI@Z 1000e775 f i libcpmt:string.obj
 0001:0000d79c       ??0out_of_range@std@@QAE@ABV?$basic_string@DU?$char_traits@D@std@@V?$allocator@D@2@@1@@Z 1000e79c f i libcpmt:string.obj
 0001:0000d7b9       ??1out_of_range@std@@UAE@XZ 1000e7b9 f i libcpmt:string.obj
 0001:0000d7c4       ??_Eout_of_range@std@@UAEPAXI@Z 1000e7c4 f i libcpmt:string.obj
 0001:0000d7c4       ??_Gout_of_range@std@@UAEPAXI@Z 1000e7c4 f i libcpmt:string.obj
 0001:0000d7eb       ?_Xlen@_String_base@std@@SAXXZ 1000e7eb f   libcpmt:string.obj
 0001:0000d823       ?_Xran@_String_base@std@@SAXXZ 1000e823 f   libcpmt:string.obj
 0001:0000d85b       ??0logic_error@std@@QAE@ABV01@@Z 1000e85b f i libcpmt:string.obj
 0001:0000d895       ??0length_error@std@@QAE@ABV01@@Z 1000e895 f i libcpmt:string.obj
 0001:0000d8b2       ??0out_of_range@std@@QAE@ABV01@@Z 1000e8b2 f i libcpmt:string.obj
 0001:0000d8cf       __fpclear                  1000e8cf f   LIBCMT:_fpinit_.obj
 0001:0000d8cf       __initp_misc_winxfltr      1000e8cf f   LIBCMT:winxfltr.obj
 0001:0000d8d0       __cfltcvt_init             1000e8d0 f   LIBCMT:_fpinit_.obj
 0001:0000d930       __fpmath                   1000e930 f   LIBCMT:_fpinit_.obj
 0001:0000d953       ??0exception@std@@QAE@XZ   1000e953 f   LIBCMT:stdexcpt.obj
 0001:0000d964       ??0exception@std@@QAE@ABQBD@Z 1000e964 f   LIBCMT:stdexcpt.obj
 0001:0000d9b7       ??0exception@std@@QAE@ABQBDH@Z 1000e9b7 f   LIBCMT:stdexcpt.obj
 0001:0000d9d4       ??0exception@std@@QAE@ABV01@@Z 1000e9d4 f   LIBCMT:stdexcpt.obj
 0001:0000da31       ??1exception@std@@UAE@XZ   1000ea31 f   LIBCMT:stdexcpt.obj
 0001:0000da47       ?what@exception@std@@UBEPBDXZ 1000ea47 f   LIBCMT:stdexcpt.obj
 0001:0000da54       ??_Gexception@std@@UAEPAXI@Z 1000ea54 f i LIBCMT:stdexcpt.obj
 0001:0000da54       ??_Eexception@std@@UAEPAXI@Z 1000ea54 f i LIBCMT:stdexcpt.obj
 0001:0000da75       ??1type_info@@UAE@XZ       1000ea75 f   LIBCMT:typinfo.obj
 0001:0000da85       ??_Gtype_info@@UAEPAXI@Z   1000ea85 f i LIBCMT:typinfo.obj
 0001:0000da85       ??_Etype_info@@UAEPAXI@Z   1000ea85 f i LIBCMT:typinfo.obj
 0001:0000daa6       ??8type_info@@QBE_NABV0@@Z 1000eaa6 f   LIBCMT:typinfo.obj
 0001:0000dac6       ??3@YAXPAX@Z               1000eac6 f   LIBCMT:delete.obj
 0001:0000dad1       _memcpy_s                  1000ead1 f   LIBCMT:memcpy_s.obj
 0001:0000db50       _memchr                    1000eb50 f   LIBCMT:memchr.obj
 0001:0000dbfd       _memmove_s                 1000ebfd f   LIBCMT:memmove_s.obj
 0001:0000dc5a       __localtime64_s            1000ec5a f   LIBCMT:loctim64.obj
 0001:0000df12       __localtime64              1000ef12 f   LIBCMT:loctim64.obj
 0001:0000df39       __time64                   1000ef39 f   LIBCMT:time64.obj
 0001:0000df8a       __purecall                 1000ef8a f   LIBCMT:purevirt.obj
 0001:0000dfc0       __ftol2_sse                1000efc0 f   LIBCMT:ftol2.obj
 0001:0000dfc9       __ftol2_pentium4           1000efc9 f   LIBCMT:ftol2.obj
 0001:0000dfdc       __ftol2_sse_excpt          1000efdc f   LIBCMT:ftol2.obj
 0001:0000dff6       __ftol2                    1000eff6 f   LIBCMT:ftol2.obj
 0001:0000e06b       _atol                      1000f06b f   LIBCMT:atox.obj
 0001:0000e081       _atoi                      1000f081 f   LIBCMT:atox.obj
 0001:0000e08c       ??0bad_alloc@std@@QAE@XZ   1000f08c f i LIBCMT:new.obj
 0001:0000e0a7       ??2@YAPAXI@Z               1000f0a7 f   LIBCMT:new.obj
 0001:0000e10c       __CxxThrowException@8      1000f10c f   LIBCMT:throw.obj
 0001:0000e158       __fclose_nolock            1000f158 f   LIBCMT:fclose.obj
 0001:0000e1cf       _fclose                    1000f1cf f   LIBCMT:fclose.obj
 0001:0000e24b       _fprintf                   1000f24b f   LIBCMT:fprintf.obj
 0001:0000e367       __fsopen                   1000f367 f   LIBCMT:fopen.obj
 0001:0000e42b       _fopen                     1000f42b f   LIBCMT:fopen.obj
 0001:0000e442       _sprintf                   1000f442 f   LIBCMT:sprintf.obj
 0001:0000e4bf       _remove                    1000f4bf f   LIBCMT:unlink.obj
 0001:0000e4ef       ?_JumpToContinuation@@YGXPAXPAUEHRegistrationNode@@@Z 1000f4ef f   LIBCMT:_trnsctrl_.obj
 0001:0000e521       ?_CallMemberFunction1@@YGXPAX00@Z 1000f521 f   LIBCMT:_trnsctrl_.obj
 0001:0000e521       ?_CallMemberFunction0@@YGXPAX0@Z 1000f521 f   LIBCMT:_trnsctrl_.obj
 0001:0000e521       ?_CallMemberFunction2@@YGXPAX00H@Z 1000f521 f   LIBCMT:_trnsctrl_.obj
 0001:0000e528       ?_UnwindNestedFrames@@YGXPAUEHRegistrationNode@@PAUEHExceptionRecord@@@Z 1000f528 f   LIBCMT:_trnsctrl_.obj
 0001:0000e57c       ___CxxFrameHandler3        1000f57c f   LIBCMT:_trnsctrl_.obj
 0001:0000e5e5       ?_CallSETranslator@@YAHPAUEHExceptionRecord@@PAUEHRegistrationNode@@PAX2PBU_s_FuncInfo@@H1@Z 1000f5e5 f   LIBCMT:_trnsctrl_.obj
 0001:0000e75b       ?_GetRangeOfTrysToCheck@@YAPBU_s_TryBlockMapEntry@@PBU_s_FuncInfo@@HHPAI1@Z 1000f75b f   LIBCMT:_trnsctrl_.obj
 0001:0000e7d0       __CreateFrameInfo          1000f7d0 f   LIBCMT:_trnsctrl_.obj
 0001:0000e7fc       __IsExceptionObjectToBeDestroyed 1000f7fc f   LIBCMT:_trnsctrl_.obj
 0001:0000e823       __FindAndUnlinkFrame       1000f823 f   LIBCMT:_trnsctrl_.obj
 0001:0000e875       ?_CallCatchBlock2@@YAPAXPAUEHRegistrationNode@@PBU_s_FuncInfo@@PAXHK@Z 1000f875 f   LIBCMT:_trnsctrl_.obj
 0001:0000e8d5       ??0_LocaleUpdate@@QAE@PAUlocaleinfo_struct@@@Z 1000f8d5 f i LIBCMT:strftime.obj
 0001:0000e95c       __freea                    1000f95c f i LIBCMT:strftime.obj
 0001:0000f260       __Strftime_l               10010260 f   LIBCMT:strftime.obj
 0001:0000f404       _strftime                  10010404 f   LIBCMT:strftime.obj
 0001:0000f4dd       ___onexitinit              100104dd f   LIBCMT:onexit.obj
 0001:0000f50e       __onexit                   1001050e f   LIBCMT:onexit.obj
 0001:0000f54a       _atexit                    1001054a f   LIBCMT:onexit.obj
 0001:0000f561       __CRT_INIT@12              10010561 f   LIBCMT:dllcrt0.obj
 0001:0000f78c       __DllMainCRTStartup@12     1001078c f   LIBCMT:dllcrt0.obj
 0001:0000f7b0       _acos                      100107b0 f   LIBCMT:_acos_.obj
 0001:0000f7f0       __CIacos                   100107f0 f   LIBCMT:_acos_.obj
 0001:0000f82b       __CIacos_default           1001082b f   LIBCMT:_acos_.obj
 0001:0000f83f       __acos_default             1001083f     LIBCMT:_acos_.obj
 0001:0000f900       _asin                      10010900 f   LIBCMT:_asin_.obj
 0001:0000f940       __CIasin                   10010940 f   LIBCMT:_asin_.obj
 0001:0000f97b       __CIasin_default           1001097b f   LIBCMT:_asin_.obj
 0001:0000f98f       __asin_default             1001098f     LIBCMT:_asin_.obj
 0001:0000fa50       _fmod                      10010a50 f   LIBCMT:_87fmod_.obj
 0001:0000fa5a       __CIfmod                   10010a5a f   LIBCMT:_87fmod_.obj
 0001:0000fa90       _pow                       10010a90 f   LIBCMT:_pow_.obj
 0001:0000fad0       __CIpow                    10010ad0 f   LIBCMT:_pow_.obj
 0001:0000fb0b       __CIpow_default            10010b0b f   LIBCMT:_pow_.obj
 0001:0000fb24       __pow_default              10010b24     LIBCMT:_pow_.obj
 0001:0000fd20       _floor                     10010d20 f   LIBCMT:_floor_pentium4_.obj
 0001:0000fd60       __floor_pentium4           10010d60 f   LIBCMT:_floor_pentium4_.obj
 0001:0000fe50       _memset                    10010e50 f   LIBCMT:memset.obj
 0001:0000fed0       __alloca_probe_16          10010ed0 f   LIBCMT:alloca16.obj
 0001:0000fee6       __alloca_probe_8           10010ee6     LIBCMT:alloca16.obj
 0001:0000ff00       _memmove                   10010f00 f   LIBCMT:memmove.obj
 0001:00010265       __atof_l                   10011265 f   LIBCMT:atof.obj
 0001:00010310       _atof                      10011310 f   LIBCMT:atof.obj
 0001:00010330       _memcpy                    10011330 f   LIBCMT:memcpy.obj
 0001:000106b0       _strchr                    100116b0 f   LIBCMT:strchr.obj
 0001:000106b6       ___from_strstr_to_strchr   100116b6     LIBCMT:strchr.obj
 0001:00010770       __chkstk                   10011770 f   LIBCMT:chkstk.obj
 0001:00010770       __alloca_probe             10011770     LIBCMT:chkstk.obj
 0001:0001079b       __isdigit_l                1001179b f i LIBCMT:_ctype.obj
 0001:000107ec       _isdigit                   100117ec f i LIBCMT:_ctype.obj
 0001:0001081a       __wtol                     1001181a f   LIBCMT:wtox.obj
 0001:00010830       __wtoi                     10011830 f   LIBCMT:wtox.obj
 0001:00010a6a       _strtol                    10011a6a f   LIBCMT:strtol.obj
 0001:00010aa0       _strncpy                   10011aa0 f   LIBCMT:strncpy.obj
 0001:00010bd0       _strstr                    10011bd0 f   LIBCMT:strstr.obj
 0001:00010c56       __tolower_l                10011c56 f   LIBCMT:tolower.obj
 0001:00010d6b       _tolower                   10011d6b f   LIBCMT:tolower.obj
 0001:00010da0       _strncat                   10011da0 f   LIBCMT:strncat.obj
 0001:00010ed5       __vsnprintf_l              10011ed5 f   LIBCMT:vsnprint.obj
 0001:00010f88       __vsnprintf                10011f88 f   LIBCMT:vsnprint.obj
 0001:00010fb0       __allmul                   10011fb0 f   LIBCMT:llmul.obj
 0001:00010ff0       __allrem                   10011ff0 f   LIBCMT:llrem.obj
 0001:000110b0       __alldiv                   100120b0 f   LIBCMT:lldiv.obj
 0001:00011160       _strlen                    10012160 f   LIBCMT:strlen.obj
 0001:000111eb       @__security_check_cookie@4 100121eb f   LIBCMT:secchk.obj
 0001:000111fa       __EH_prolog3               100121fa f   LIBCMT:ehprolg3.obj
 0001:0001122d       __EH_prolog3_catch         1001222d f   LIBCMT:ehprolg3.obj
 0001:00011263       __EH_epilog3               10012263 f   LIBCMT:ehprolg3.obj
 0001:00011277       __forcdecpt_l              10012277 f   LIBCMT:cvt.obj
 0001:000112ea       __cropzeros_l              100122ea f   LIBCMT:cvt.obj
 0001:0001136c       __positive                 1001236c f   LIBCMT:cvt.obj
 0001:00011388       __fassign_l                10012388 f   LIBCMT:cvt.obj
 0001:000113ca       __fassign                  100123ca f   LIBCMT:cvt.obj
 0001:00011403       __forcdecpt                10012403 f   LIBCMT:cvt.obj
 0001:00011416       __cropzeros                10012416 f   LIBCMT:cvt.obj
 0001:00011598       __cftoe_l                  10012598 f   LIBCMT:cvt.obj
 0001:00011668       __cftoe                    10012668 f   LIBCMT:cvt.obj
 0001:00011688       __cftoa_l                  10012688 f   LIBCMT:cvt.obj
 0001:00011af2       __cftof_l                  10012af2 f   LIBCMT:cvt.obj
 0001:00011bad       __cftog_l                  10012bad f   LIBCMT:cvt.obj
 0001:00011ca7       __cfltcvt_l                10012ca7 f   LIBCMT:cvt.obj
 0001:00011d2f       __cfltcvt                  10012d2f f   LIBCMT:cvt.obj
 0001:00011d52       __initp_misc_cfltcvt_tab   10012d52 f   LIBCMT:cmiscdat.obj
 0001:00011d73       __setdefaultprecision      10012d73 f   LIBCMT:fp8.obj
 0001:00011d9e       __ms_p5_test_fdiv          10012d9e f   LIBCMT:_testfdiv_.obj
 0001:00011ddc       __ms_p5_mp_test_fdiv       10012ddc f   LIBCMT:_testfdiv_.obj
 0001:00011e05       _strcpy_s                  10012e05 f   LIBCMT:strcpy_s.obj
 0001:00011e6d       _V6_HeapAlloc              10012e6d f   LIBCMT:malloc.obj
 0001:00011ebc       _malloc                    10012ebc f   LIBCMT:malloc.obj
 0001:00011f86       _free                      10012f86 f   LIBCMT:free.obj
 0001:00012014       ?_Type_info_dtor@type_info@@CAXPAV1@@Z 10013014 f   LIBCMT:typname.obj
 0001:00012090       _strcmp                    10013090 f   LIBCMT:strcmp.obj
 0001:00012118       __initp_misc_invarg        10013118 f   LIBCMT:invarg.obj
 0001:00012127       __invoke_watson            10013127 f   LIBCMT:invarg.obj
 0001:0001224f       __invalid_parameter        1001324f f   LIBCMT:invarg.obj
 0001:00012275       __get_errno_from_oserr     10013275 f   LIBCMT:dosmap.obj
 0001:000122b7       __errno                    100132b7 f   LIBCMT:dosmap.obj
 0001:000122ca       ___doserrno                100132ca f   LIBCMT:dosmap.obj
 0001:000122dd       __dosmaperr                100132dd f   LIBCMT:dosmap.obj
 0001:00012300       __set_daylight             10013300 f i LIBCMT:tzset.obj
 0001:00012311       __set_dstbias              10013311 f i LIBCMT:tzset.obj
 0001:00012322       __set_timezone             10013322 f i LIBCMT:tzset.obj
 0001:00012a48       ___tzset                   10013a48 f   LIBCMT:tzset.obj
 0001:00012a97       __isindst                  10013a97 f   LIBCMT:tzset.obj
 0001:00012ad8       __gmtime64_s               10013ad8 f   LIBCMT:gmtime64.obj
 0001:00012d1b       __get_daylight             10013d1b f   LIBCMT:timeset.obj
 0001:00012d54       __get_dstbias              10013d54 f   LIBCMT:timeset.obj
 0001:00012d8d       __get_timezone             10013d8d f   LIBCMT:timeset.obj
 0001:00012dc6       ___daylight                10013dc6 f   LIBCMT:timeset.obj
 0001:00012dcc       ___dstbias                 10013dcc f   LIBCMT:timeset.obj
 0001:00012dd2       ___timezone                10013dd2 f   LIBCMT:timeset.obj
 0001:00012dd8       ___tzname                  10013dd8 f   LIBCMT:timeset.obj
 0001:00012dde       ___getgmtimebuf            10013dde f   LIBCMT:gmtime.obj
 0001:00012e20       __aulldiv                  10013e20 f   LIBCMT:ulldiv.obj
 0001:00012e88       _abort                     10013e88 f   LIBCMT:abort.obj
 0001:00012f9f       __set_abort_behavior       10013f9f f   LIBCMT:abort.obj
 0001:00012fc0       __NMSG_WRITE               10013fc0 f   LIBCMT:crt0msg.obj
 0001:0001316b       __FF_MSGBANNER             1001416b f   LIBCMT:crt0msg.obj
 0001:000131a4       __encode_pointer           100141a4 f   LIBCMT:tidtable.obj
 0001:00013216       __encoded_null             10014216 f   LIBCMT:tidtable.obj
 0001:0001321f       __decode_pointer           1001421f f   LIBCMT:tidtable.obj
 0001:00013291       ___crtTlsAlloc@4           10014291 f   LIBCMT:tidtable.obj
 0001:0001329a       ___set_flsgetvalue         1001429a f   LIBCMT:tidtable.obj
 0001:000132ce       __mtterm                   100142ce f   LIBCMT:tidtable.obj
 0001:0001330b       __initptd                  1001430b f   LIBCMT:tidtable.obj
 0001:000133f2       __getptd_noexit            100143f2 f   LIBCMT:tidtable.obj
 0001:0001346b       __getptd                   1001446b f   LIBCMT:tidtable.obj
 0001:00013485       __freefls@4                10014485 f   LIBCMT:tidtable.obj
 0001:000135b4       __freeptd                  100145b4 f   LIBCMT:tidtable.obj
 0001:00013622       __mtinit                   10014622 f   LIBCMT:tidtable.obj
 0001:000137af       __initp_misc_purevirt      100147af f   LIBCMT:inithelp.obj
 0001:0001380e       __get_sse2_info            1001480e f   LIBCMT:cpu_disp.obj
 0001:00013870       ___sse2_available_init     10014870 f   LIBCMT:cpu_disp.obj
 0001:0001387d       __initp_heap_handler       1001487d f   LIBCMT:handler.obj
 0001:0001388c       __callnewh                 1001488c f   LIBCMT:handler.obj
 0001:000138b4       __close_nolock             100148b4 f   LIBCMT:close.obj
 0001:00013950       __close                    10014950 f   LIBCMT:close.obj
 0001:00013a1d       __fileno                   10014a1d f   LIBCMT:fileno.obj
 0001:00013a4f       __freebuf                  10014a4f f   LIBCMT:_freebuf.obj
 0001:00013a80       __flush                    10014a80 f   LIBCMT:fflush.obj
 0001:00013ae8       __fflush_nolock            10014ae8 f   LIBCMT:fflush.obj
 0001:00013c0a       __flushall                 10014c0a f   LIBCMT:fflush.obj
 0001:00013c13       ___iob_func                10014c13 f   LIBCMT:_file.obj
 0001:00013c19       ___initstdio               10014c19 f   LIBCMT:_file.obj
 0001:00013cca       ___endstdio                10014cca f   LIBCMT:_file.obj
 0001:00013cea       __lock_file                10014cea f   LIBCMT:_file.obj
 0001:00013d2b       __lock_file2               10014d2b f   LIBCMT:_file.obj
 0001:00013d5d       __unlock_file              10014d5d f   LIBCMT:_file.obj
 0001:00013d99       __unlock_file2             10014d99 f   LIBCMT:_file.obj
 0001:00013dc8       __SEH_prolog4              10014dc8 f   LIBCMT:sehprolg4.obj
 0001:00013e0d       __SEH_epilog4              10014e0d f   LIBCMT:sehprolg4.obj
 0001:00013e30       __except_handler4          10014e30 f   LIBCMT:chandler4.obj
 0001:00013fbc       __stbuf                    10014fbc f   LIBCMT:_sftbuf.obj
 0001:00014058       __ftbuf                    10015058 f   LIBCMT:_sftbuf.obj
 0001:00014132       __output_l                 10015132 f   LIBCMT:output.obj
 0001:00014cca       __ioinit                   10015cca f   LIBCMT:ioinit.obj
 0001:00014f1e       __ioterm                   10015f1e f   LIBCMT:ioinit.obj
 0001:00014f6c       __openfile                 10015f6c f   LIBCMT:_open.obj
 0001:00015235       __getstream                10016235 f   LIBCMT:stream.obj
 0001:00015370       __local_unwind4            10016370 f   LIBCMT:exsup4.obj
 0001:00015446       __seh_longjmp_unwind4@4    10016446 f   LIBCMT:exsup4.obj
 0001:00015462       @_EH4_CallFilterFunc@8     10016462 f   LIBCMT:exsup4.obj
 0001:00015479       @_EH4_TransferToHandler@8  10016479 f   LIBCMT:exsup4.obj
 0001:00015492       @_EH4_GlobalUnwind@4       10016492 f   LIBCMT:exsup4.obj
 0001:000154ac       @_EH4_LocalUnwind@16       100164ac f   LIBCMT:exsup4.obj
 0001:000154c3       __flsbuf                   100164c3 f   LIBCMT:_flsbuf.obj
 0001:00015627       ??0bad_exception@std@@QAE@PBD@Z 10016627 f i LIBCMT:frame.obj
 0001:00015645       ??1bad_exception@std@@UAE@XZ 10016645 f i LIBCMT:frame.obj
 0001:00015650       ??_Ebad_exception@std@@UAEPAXI@Z 10016650 f i LIBCMT:frame.obj
 0001:00015650       ??_Gbad_exception@std@@UAEPAXI@Z 10016650 f i LIBCMT:frame.obj
 0001:00015677       ___TypeMatch               10016677 f   LIBCMT:frame.obj
 0001:000156d6       ___FrameUnwindFilter       100166d6 f   LIBCMT:frame.obj
 0001:0001571f       ___FrameUnwindToState      1001671f f   LIBCMT:frame.obj
 0001:00015845       ___DestructExceptionObject 10016845 f   LIBCMT:frame.obj
 0001:0001589a       ___AdjustPointer           1001689a f   LIBCMT:frame.obj
 0001:00015b23       ___BuildCatchObjectHelper  10016b23 f   LIBCMT:frame.obj
 0001:00015ca2       ___BuildCatchObject        10016ca2 f   LIBCMT:frame.obj
 0001:000161dd       ??0bad_exception@std@@QAE@ABV01@@Z 100171dd f i LIBCMT:frame.obj
 0001:000161fa       ___InternalCxxFrameHandler 100171fa f   LIBCMT:frame.obj
 0001:000162e0       ?terminate@@YAXXZ          100172e0 f   LIBCMT:hooks.obj
 0001:00016319       ?unexpected@@YAXXZ         10017319 f   LIBCMT:hooks.obj
 0001:0001632c       ?_inconsistency@@YAXXZ     1001732c f   LIBCMT:hooks.obj
 0001:00016364       __initp_eh_hooks           10017364 f   LIBCMT:hooks.obj
 0001:00016380       __CallSettingFrame@12      10017380 f   LIBCMT:lowhelpr.obj
 0001:000163a7       __NLG_Return               100173a7     LIBCMT:lowhelpr.obj
 0001:000165f2       ___updatetmbcinfo          100175f2 f   LIBCMT:mbctype.obj
 0001:00016712       __setmbcp_nolock           10017712 f   LIBCMT:mbctype.obj
 0001:000168f7       __setmbcp                  100178f7 f   LIBCMT:mbctype.obj
 0001:00016a91       ___initmbctable            10017a91 f   LIBCMT:mbctype.obj
 0001:00016aaf       ___freetlocinfo            10017aaf f   LIBCMT:setlocal.obj
 0001:00016bf8       ___addlocaleref            10017bf8 f   LIBCMT:setlocal.obj
 0001:00016c87       ___removelocaleref         10017c87 f   LIBCMT:setlocal.obj
 0001:00016d5e       ___updatetlocinfo          10017d5e f   LIBCMT:setlocal.obj
 0001:00016dd4       __malloc_crt               10017dd4 f   LIBCMT:crtheap.obj
 0001:00016e19       __calloc_crt               10017e19 f   LIBCMT:crtheap.obj
 0001:00016e65       __realloc_crt              10017e65 f   LIBCMT:crtheap.obj
 0001:00016eb3       __recalloc_crt             10017eb3 f   LIBCMT:crtheap.obj
 0001:00016f05       ___ascii_stricmp           10017f05 f   LIBCMT:stricmp.obj
 0001:00016f3e       __isleadbyte_l             10017f3e f i LIBCMT:_wctype.obj
 0001:00016f76       _isleadbyte                10017f76 f i LIBCMT:_wctype.obj
 0001:00016f89       __msize                    10017f89 f   LIBCMT:msize.obj
 0001:0001702c       __crt_waiting_on_module_handle 1001802c f   LIBCMT:crt0dat.obj
 0001:0001705c       __amsg_exit                1001805c f   LIBCMT:crt0dat.obj
 0001:00017085       ___crtCorExitProcess       10018085 f   LIBCMT:crt0dat.obj
 0001:000170b0       ___crtExitProcess          100180b0 f   LIBCMT:crt0dat.obj
 0001:000170c8       __lockexit                 100180c8 f   LIBCMT:crt0dat.obj
 0001:000170d1       __unlockexit               100180d1 f   LIBCMT:crt0dat.obj
 0001:000170f7       __initterm_e               100180f7 f   LIBCMT:crt0dat.obj
 0001:0001711b       __cinit                    1001811b f   LIBCMT:crt0dat.obj
 0001:000172cc       __exit                     100182cc f   LIBCMT:crt0dat.obj
 0001:000172e2       __cexit                    100182e2 f   LIBCMT:crt0dat.obj
 0001:000172f1       __init_pointers            100182f1 f   LIBCMT:crt0dat.obj
 0001:0001733f       __setenvp                  1001833f f   LIBCMT:stdenvp.obj
 0001:000175b7       __setargv                  100185b7 f   LIBCMT:stdargv.obj
 0001:00017672       ___crtGetEnvironmentStringsA 10018672 f   LIBCMT:a_env.obj
 0001:000177a9       __RTC_Initialize           100187a9 f   LIBCMT:_initsect_.obj
 0001:000177cf       __RTC_Terminate            100187cf f   LIBCMT:_initsect_.obj
 0001:000177f5       __heap_init                100187f5 f   LIBCMT:heapinit.obj
 0001:00017825       __heap_term                10018825 f   LIBCMT:heapinit.obj
 0001:00017899       __XcptFilter               10018899 f   LIBCMT:winxfltr.obj
 0001:000179f9       ___CppXcptFilter           100189f9 f   LIBCMT:winxfltr.obj
 0001:00017a19       _DllMain@12                10018a19 f   LIBCMT:dllmain.obj
 0001:00017a1f       ___security_init_cookie    10018a1f f   LIBCMT:gs_support.obj
 0001:00017ab5       __sse2_mathfcns_init       10018ab5 f   LIBCMT:_mathfcns_.obj
 0001:00017ad0       __CIacos_pentium4          10018ad0 f   LIBCMT:_acos_pentium4_.obj
 0001:00017ae8       __acos_pentium4            10018ae8     LIBCMT:_acos_pentium4_.obj
 0001:00018030       __trandisp1                10019030 f   LIBCMT:_87disp_.obj
 0001:00018097       __trandisp2                10019097 f   LIBCMT:_87disp_.obj
 0001:00018123       __rttospopde               10019123     LIBCMT:_87disp_.obj
 0001:00018128       __rttospop                 10019128     LIBCMT:_87disp_.obj
 0001:0001812a       __rtnospop                 1001912a     LIBCMT:_87disp_.obj
 0001:0001812c       __rttosnpop                1001912c     LIBCMT:_87disp_.obj
 0001:0001812d       __rtnospopde               1001912d     LIBCMT:_87disp_.obj
 0001:00018134       __rtzeropop                10019134     LIBCMT:_87disp_.obj
 0001:00018136       __rtzeronpop               10019136     LIBCMT:_87disp_.obj
 0001:0001813b       __rtonepop                 1001913b     LIBCMT:_87disp_.obj
 0001:0001813d       __rtonenpop                1001913d     LIBCMT:_87disp_.obj
 0001:00018142       __tosnan1                  10019142     LIBCMT:_87disp_.obj
 0001:0001816d       __nosnan2                  1001916d     LIBCMT:_87disp_.obj
 0001:0001816f       __tosnan2                  1001916f     LIBCMT:_87disp_.obj
 0001:00018197       __nan2                     10019197     LIBCMT:_87disp_.obj
 0001:000181d6       __rtindfpop                100191d6     LIBCMT:_87disp_.obj
 0001:000181d8       __rtindfnpop               100191d8     LIBCMT:_87disp_.obj
 0001:000181e9       __rttosnpopde              100191e9     LIBCMT:_87disp_.obj
 0001:000181f3       __rtchsifneg               100191f3     LIBCMT:_87disp_.obj
 0001:00018200       __startTwoArgErrorHandling 10019200 f   LIBCMT:_genexcep_.obj
 0001:00018217       __startOneArgErrorHandling 10019217 f   LIBCMT:_genexcep_.obj
 0001:00018260       __twoToTOS                 10019260 f   LIBCMT:_common_.obj
 0001:00018275       __load_CW                  10019275 f   LIBCMT:_common_.obj
 0001:0001828c       __convertTOStoQNaN         1001928c f   LIBCMT:_common_.obj
 0001:000182a5       __fload_withFB             100192a5 f   LIBCMT:_common_.obj
 0001:000182e8       __checkTOS_withFB          100192e8 f   LIBCMT:_common_.obj
 0001:000182fe       __fast_exit                100192fe f   LIBCMT:_common_.obj
 0001:0001830b       __math_exit                1001930b f   LIBCMT:_common_.obj
 0001:00018335       __check_overflow_exit      10019335 f   LIBCMT:_common_.obj
 0001:00018349       __check_range_exit         10019349 f   LIBCMT:_common_.obj
 0001:000183f0       __CIasin_pentium4          100193f0 f   LIBCMT:_asin_pentium4_.obj
 0001:00018408       __asin_pentium4            10019408     LIBCMT:_asin_pentium4_.obj
 0001:00018970       __cintrindisp2             10019970 f   LIBCMT:_87cdisp_.obj
 0001:000189ae       __cintrindisp1             100199ae f   LIBCMT:_87cdisp_.obj
 0001:000189eb       __ctrandisp2               100199eb f   LIBCMT:_87cdisp_.obj
 0001:00018b81       __ctrandisp1               10019b81 f   LIBCMT:_87cdisp_.obj
 0001:00018bb4       __fload                    10019bb4 f   LIBCMT:_87cdisp_.obj
 0001:00018bf0       _fdiv_main_routine         10019bf0 f   LIBCMT:_adj_fdiv_.obj
 0001:00018d07       __adj_fdiv_r               10019d07 f   LIBCMT:_adj_fdiv_.obj
 0001:000191a6       __fdivp_sti_st             1001a1a6 f   LIBCMT:_adj_fdiv_.obj
 0001:000191b9       __fdivrp_sti_st            1001a1b9 f   LIBCMT:_adj_fdiv_.obj
 0001:000191cc       __adj_fdiv_m32             1001a1cc f   LIBCMT:_adj_fdiv_.obj
 0001:00019218       __adj_fdiv_m64             1001a218 f   LIBCMT:_adj_fdiv_.obj
 0001:00019264       __adj_fdiv_m16i            1001a264 f   LIBCMT:_adj_fdiv_.obj
 0001:00019298       __adj_fdiv_m32i            1001a298 f   LIBCMT:_adj_fdiv_.obj
 0001:000192cc       __adj_fdivr_m32            1001a2cc f   LIBCMT:_adj_fdiv_.obj
 0001:00019318       __adj_fdivr_m64            1001a318 f   LIBCMT:_adj_fdiv_.obj
 0001:00019364       __adj_fdivr_m16i           1001a364 f   LIBCMT:_adj_fdiv_.obj
 0001:00019398       __adj_fdivr_m32i           1001a398 f   LIBCMT:_adj_fdiv_.obj
 0001:000193cc       __safe_fdiv                1001a3cc f   LIBCMT:_adj_fdiv_.obj
 0001:000193e1       __safe_fdivr               1001a3e1 f   LIBCMT:_adj_fdiv_.obj
 0001:000193f6       __fprem_common             1001a3f6 f   LIBCMT:_adj_fdiv_.obj
 0001:000195fc       __adj_fprem                1001a5fc f   LIBCMT:_adj_fdiv_.obj
 0001:000196ae       __fprem1_common            1001a6ae f   LIBCMT:_adj_fdiv_.obj
 0001:000198b4       __adj_fprem1               1001a8b4 f   LIBCMT:_adj_fdiv_.obj
 0001:00019969       __safe_fprem               1001a969 f   LIBCMT:_adj_fdiv_.obj
 0001:0001996f       __safe_fprem1              1001a96f f   LIBCMT:_adj_fdiv_.obj
 0001:00019975       __adj_fpatan               1001a975 f   LIBCMT:_adj_fdiv_.obj
 0001:00019978       __adj_fptan                1001a978 f   LIBCMT:_adj_fdiv_.obj
 0001:00019980       __CIpow_pentium4           1001a980 f   LIBCMT:_pow_pentium4_.obj
 0001:00019999       __pow_pentium4             1001a999     LIBCMT:_pow_pentium4_.obj
 0001:0001a4f1       __fFEXP                    1001b4f1     LIBCMT:_87tran_.obj
 0001:0001a558       __rtinfpopse               1001b558     LIBCMT:_87tran_.obj
 0001:0001a55a       __rtinfnpopse              1001b55a     LIBCMT:_87tran_.obj
 0001:0001a56a       __fFLN                     1001b56a     LIBCMT:_87tran_.obj
 0001:0001a61f       __rtinfpop                 1001b61f     LIBCMT:_87tran_.obj
 0001:0001a621       __rtinfnpop                1001b621     LIBCMT:_87tran_.obj
 0001:0001a63e       __ffexpm1                  1001b63e     LIBCMT:_87tran_.obj
 0001:0001a6e7       __d_inttype                1001b6e7 f   LIBCMT:_powhlp_.obj
 0001:0001a74d       __powhlp                   1001b74d f   LIBCMT:_powhlp_.obj
 0001:0001a88d       ___libm_error_support      1001b88d f   LIBCMT:_libm_error_.obj
 0001:0001ab3d       __floor_default            1001bb3d f   LIBCMT:_floor_.obj
 0001:0001ac69       __VEC_memzero              1001bc69 f   LIBCMT:p4_memset.obj
 0001:0001ad7f       __VEC_memcpy               1001bd7f f   LIBCMT:p4_memcpy.obj
 0001:0001ae62       __fltin2                   1001be62 f   LIBCMT:_cfin_.obj
 0001:0001af09       __isctype_l                1001bf09 f   LIBCMT:isctype.obj
 0001:0001afc1       ___strgtold12_l            1001bfc1 f   LIBCMT:_strgtold_.obj
 0001:0001b8b3       _wcstol                    1001c8b3 f   LIBCMT:wcstol.obj
 0001:0001b8de       __iswctype_l               1001c8de f   LIBCMT:iswctype.obj
 0001:0001b970       __mtinitlocks              1001c970 f   LIBCMT:mlock.obj
 0001:0001b9bb       __mtdeletelocks            1001c9bb f   LIBCMT:mlock.obj
 0001:0001ba12       __unlock                   1001ca12 f   LIBCMT:mlock.obj
 0001:0001ba29       __mtinitlocknum            1001ca29 f   LIBCMT:mlock.obj
 0001:0001baec       __lock                     1001caec f   LIBCMT:mlock.obj
 0001:0001bec4       ___crtLCMapStringA         1001cec4 f   LIBCMT:a_map.obj
 0001:0001bf09       ___report_gsfailure        1001cf09 f   LIBCMT:gs_report.obj
 0001:0001c010       _strrchr                   1001d010 f   LIBCMT:strrchr.obj
 0001:0001c03d       __atodbl_l                 1001d03d f   LIBCMT:atodbl.obj
 0001:0001c0e5       __atoflt_l                 1001d0e5 f   LIBCMT:atodbl.obj
 0001:0001c18d       __fptostr                  1001d18d f   LIBCMT:_fptostr.obj
 0001:0001c24c       ___dtold                   1001d24c f   LIBCMT:_cfout_.obj
 0001:0001c309       __fltout2                  1001d309 f   LIBCMT:_cfout_.obj
 0001:0001c3a0       __alldvrm                  1001d3a0 f   LIBCMT:lldvrm.obj
 0001:0001c480       __aullshr                  1001d480 f   LIBCMT:ullshr.obj
 0001:0001c49f       __fptrap                   1001d49f f   LIBCMT:crt0fp.obj
 0001:0001c4a8       __controlfp_s              1001d4a8 f   LIBCMT:_contrlfp_.obj
 0001:0001c514       ___sbh_find_block          1001d514 f   LIBCMT:sbheap.obj
 0001:0001c544       ___sbh_free_block          1001d544 f   LIBCMT:sbheap.obj
 0001:0001c85a       ___sbh_alloc_new_region    1001d85a f   LIBCMT:sbheap.obj
 0001:0001c90a       ___sbh_alloc_new_group     1001d90a f   LIBCMT:sbheap.obj
 0001:0001ca12       ___sbh_resize_block        1001da12 f   LIBCMT:sbheap.obj
 0001:0001ccf3       ___sbh_alloc_block         1001dcf3 f   LIBCMT:sbheap.obj
 0001:0001cfd8       __crt_debugger_hook        1001dfd8 f   LIBCMT:dbghook.obj
 0001:0001cfe0       _strncpy_s                 1001dfe0 f   LIBCMT:strncpy_s.obj
 0001:0001d095       __getenv_helper_nolock     1001e095 f   LIBCMT:getenv.obj
 0001:0001d11c       ____lc_codepage_func       1001e11c f   LIBCMT:initctyp.obj
 0001:0001d142       __initp_misc_winsig        1001e142 f   LIBCMT:winsig.obj
 0001:0001d197       ___get_sigabrt             1001e197 f   LIBCMT:winsig.obj
 0001:0001d1a4       _raise                     1001e1a4 f   LIBCMT:winsig.obj
 0001:0001d354       ___crtMessageBoxA          1001e354 f   LIBCMT:crtmbox.obj
 0001:0001d4bd       _strcat_s                  1001e4bd f   LIBCMT:strcat_s.obj
 0001:0001d531       __set_error_mode           1001e531 f   LIBCMT:errmode.obj
 0001:0001d580       __aulldvrm                 1001e580 f   LIBCMT:ulldvrm.obj
 0001:0001d615       __set_osfhnd               1001e615 f   LIBCMT:osfinfo.obj
 0001:0001d696       __free_osfhnd              1001e696 f   LIBCMT:osfinfo.obj
 0001:0001d71c       __get_osfhandle            1001e71c f   LIBCMT:osfinfo.obj
 0001:0001d793       ___lock_fhandle            1001e793 f   LIBCMT:osfinfo.obj
 0001:0001d833       __unlock_fhandle           1001e833 f   LIBCMT:osfinfo.obj
 0001:0001d85a       __alloc_osfhnd             1001e85a f   LIBCMT:osfinfo.obj
 0001:0001d9f4       __write_nolock             1001e9f4 f   LIBCMT:write.obj
 0001:0001e127       __write                    1001f127 f   LIBCMT:write.obj
 0001:0001e203       __commit                   1001f203 f   LIBCMT:commit.obj
 0001:0001e2e4       __fcloseall                1001f2e4 f   LIBCMT:closeall.obj
 0001:0001e390       __ValidateImageBase        1001f390 f   LIBCMT:pesect.obj
 0001:0001e3d0       __FindPESection            1001f3d0 f   LIBCMT:pesect.obj
 0001:0001e420       __IsNonwritableInCurrentImage 1001f420 f   LIBCMT:pesect.obj
 0001:0001e4dd       __isatty                   1001f4dd f   LIBCMT:isatty.obj
 0001:0001e541       __get_printf_count_output  1001f541 f   LIBCMT:printf.obj
 0001:0001e557       __wctomb_s_l               1001f557 f   LIBCMT:wctomb.obj
 0001:0001e6c3       _wctomb_s                  1001f6c3 f   LIBCMT:wctomb.obj
 0001:0001e6e0       __initp_misc_initcrit      1001f6e0 f   LIBCMT:initcrit.obj
 0001:0001e6ef       ___crtInitCritSecAndSpinCount 1001f6ef f   LIBCMT:initcrit.obj
 0001:0001ee6e       __sopen_helper             1001fe6e f   LIBCMT:open.obj
 0001:0001ef3a       __sopen_s                  1001ff3a f   LIBCMT:open.obj
 0001:0001ef5a       __mbsnbicmp_l              1001ff5a f   LIBCMT:mbsnbicm.obj
 0001:0001f185       __mbsnbicmp                10020185 f   LIBCMT:mbsnbicm.obj
 0001:0001f19f       __mbsnbcmp_l               1002019f f   LIBCMT:mbsnbcmp.obj
 0001:0001f309       __mbsnbcmp                 10020309 f   LIBCMT:mbsnbcmp.obj
 0001:0001f324       __global_unwind2           10020324 f   LIBCMT:exsup.obj
 0001:0001f389       __local_unwind2            10020389 f   LIBCMT:exsup.obj
 0001:0001f40d       __abnormal_termination     1002040d f   LIBCMT:exsup.obj
 0001:0001f430       __NLG_Notify1              10020430 f   LIBCMT:exsup.obj
 0001:0001f439       __NLG_Notify               10020439 f   LIBCMT:exsup.obj
 0001:0001f450       __NLG_Dispatch             10020450     LIBCMT:exsup.obj
 0001:0001f450       __NLG_Dispatch2            10020450     LIBCMT:exsup.obj
 0001:0001f458       __NLG_Call                 10020458 f   LIBCMT:exsup.obj
 0001:0001f45a       __NLG_Return2              1002045a     LIBCMT:exsup.obj
 0001:0001f45b       __lseeki64_nolock          1002045b f   LIBCMT:lseeki64.obj
 0001:0001f4e0       __lseeki64                 100204e0 f   LIBCMT:lseeki64.obj
 0001:0001f5f9       __getbuf                   100205f9 f   LIBCMT:_getbuf.obj
 0001:0001f642       ?_ValidateRead@@YAHPBXI@Z  10020642 f   LIBCMT:validate.obj
 0001:0001f642       ?_ValidateExecute@@YAHP6GHXZ@Z 10020642 f   LIBCMT:validate.obj
 0001:0001f642       ?_ValidateWrite@@YAHPAXI@Z 10020642 f   LIBCMT:validate.obj
 0001:0001f80e       ___crtGetStringTypeA       1002080e f   LIBCMT:a_str.obj
 0001:0001f850       ___free_lc_time            10020850 f   LIBCMT:inittime.obj
 0001:0001f9e5       ___free_lconv_num          100209e5 f   LIBCMT:initnum.obj
 0001:0001fa2a       ___free_lconv_mon          10020a2a f   LIBCMT:initmon.obj
 0001:0001fac0       _strcspn                   10020ac0 f   LIBCMT:strcspn.obj
 0001:0001fb06       _strncmp                   10020b06 f   LIBCMT:strncmp.obj
 0001:0001fbd0       _strpbrk                   10020bd0 f   LIBCMT:strpbrk.obj
 0001:0001fc10       __calloc_impl              10020c10 f   LIBCMT:calloc_impl.obj
 0001:0001fd2e       _realloc                   10020d2e f   LIBCMT:realloc.obj
 0001:0001ff49       __recalloc                 10020f49 f   LIBCMT:recalloc.obj
 0001:0001ffc4       __initp_misc_rand_s        10020fc4 f   LIBCMT:rand_s.obj
 0001:00020026       __ismbblead                10021026 f   LIBCMT:ismbbyte.obj
 0001:0002003e       __87except                 1002103e f   LIBCMT:_87except_.obj
 0001:0002017d       __frnd                     1002117d f   LIBCMT:_frnd_.obj
 0001:00020191       __fpclass                  10021191 f   LIBCMT:_ieeemisc_.obj
 0001:00020225       __set_exp                  10021225 f   LIBCMT:_util_.obj
 0001:00020251       __sptype                   10021251 f   LIBCMT:_util_.obj
 0001:000202b1       __decomp                   100212b1 f   LIBCMT:_util_.obj
 0001:0002036a       __matherr                  1002136a f   LIBCMT:_matherr_.obj
 0001:0002036d       __raise_exc_ex             1002136d f   LIBCMT:_fpexcept_.obj
 0001:00020649       __raise_exc                10021649 f   LIBCMT:_fpexcept_.obj
 0001:0002066c       __handle_exc               1002166c f   LIBCMT:_fpexcept_.obj
 0001:0002084e       __set_errno_from_matherr   1002184e f   LIBCMT:_fpexcept_.obj
 0001:0002087b       __errcode                  1002187b f   LIBCMT:_fpexcept_.obj
 0001:000208af       __umatherr                 100218af f   LIBCMT:_fpexcept_.obj
 0001:0002094f       __handle_qnan1             1002194f f   LIBCMT:_fpexcept_.obj
 0001:000209a4       __except1                  100219a4 f   LIBCMT:_fpexcept_.obj
 0001:00020a6d       __statfp                   10021a6d f   LIBCMT:_fpctrl_.obj
 0001:00020a7d       __clrfp                    10021a7d f   LIBCMT:_fpctrl_.obj
 0001:00020a8e       __ctrlfp                   10021a8e f   LIBCMT:_fpctrl_.obj
 0001:00020ab7       __set_statfp               10021ab7 f   LIBCMT:_fpctrl_.obj
 0001:00020b0f       ___set_fpsr_sse2           10021b0f f   LIBCMT:_fpctrl_.obj
 0001:00020b81       __ld12tod                  10021b81 f   LIBCMT:_intrncvt_.obj
 0001:000210c5       __ld12tof                  100220c5 f   LIBCMT:_intrncvt_.obj
 0001:00021609       ___mtold12                 10022609 f   LIBCMT:_mantold_.obj
 0001:000217d7       __mbtowc_l                 100227d7 f   LIBCMT:mbtowc.obj
 0001:000218ee       _mbtowc                    100228ee f   LIBCMT:mbtowc.obj
 0001:00021908       __wchartodigit             10022908 f   LIBCMT:wchtodig.obj
 0001:00021ae3       ___crtGetStringTypeW       10022ae3 f   LIBCMT:w_str.obj
 0001:00021b21       ___ansicp                  10022b21 f   LIBCMT:convrtcp.obj
 0001:00021b6a       ___convertcp               10022b6a f   LIBCMT:convrtcp.obj
 0001:00021d1e       _$I10_OUTPUT               10022d1e f   LIBCMT:_x10fout_.obj
 0001:00022770       __control87                10023770 f i LIBCMT:_ieee87_.obj
 0001:00022a7f       __mbsnbicoll_l             10023a7f f   LIBCMT:mbsnbico.obj
 0001:00022b6d       __mbsnbicoll               10023b6d f   LIBCMT:mbsnbico.obj
 0001:00022b87       ___wtomb_environ           10023b87 f   LIBCMT:wtombenv.obj
 0001:00022c1e       __putwch_nolock            10023c1e f   LIBCMT:putwch.obj
 0001:00022ce3       __chsize_nolock            10023ce3 f   LIBCMT:chsize.obj
 0001:00022e99       __read_nolock              10023e99 f   LIBCMT:read.obj
 0001:0002345b       __lseek_nolock             1002445b f   LIBCMT:lseek.obj
 0001:000234d0       __setmode_nolock           100244d0 f   LIBCMT:setmode.obj
 0001:0002358c       __get_fmode                1002458c f   LIBCMT:setmode.obj
 0001:000235c5       __strnicmp_l               100245c5 f   LIBCMT:strnicmp.obj
 0001:000236b7       __strnicmp                 100246b7 f   LIBCMT:strnicmp.obj
 0001:00023aa3       ___crtCompareStringA       10024aa3 f   LIBCMT:a_cmp.obj
 0001:00023ae5       __strnicoll_l              10024ae5 f   LIBCMT:strnicol.obj
 0001:00023c8b       ___crtsetenv               10024c8b f   LIBCMT:setenv.obj
 0001:00023ed6       ___initconout              10024ed6 f   LIBCMT:initcon.obj
 0001:00023ef5       ___termcon                 10024ef5 f   LIBCMT:initcon.obj
 0001:00023f30       ___ascii_strnicmp          10024f30 f   LIBCMT:_strnicm.obj
 0001:00023f91       __strdup                   10024f91 f   LIBCMT:strdup.obj
 0001:00023fe6       __mbschr_l                 10024fe6 f   LIBCMT:mbschr.obj
 0001:000240a2       __mbschr                   100250a2 f   LIBCMT:mbschr.obj
 0001:000240ba       _RtlUnwind@16              100250ba f   kernel32:KERNEL32.dll
 0001:000240c0       __access_s                 100250c0 f   LIBCMT:access.obj
 0001:00024149       _access                    10025149 f   LIBCMT:access.obj
 0001:00024149       __access                   10025149 f   LIBCMT:access.obj
 0002:00000000       __imp__CreateSolidBrush@4  10027000     gdi32:GDI32.dll
 0002:00000004       \177GDI32_NULL_THUNK_DATA  10027004     gdi32:GDI32.dll
 0002:00000008       __imp__GetProcessHeap@0    10027008     kernel32:KERNEL32.dll
 0002:0000000c       __imp__WriteConsoleW@20    1002700c     kernel32:KERNEL32.dll
 0002:00000010       __imp__ReadFile@20         10027010     kernel32:KERNEL32.dll
 0002:00000014       __imp__CompareStringA@24   10027014     kernel32:KERNEL32.dll
 0002:00000018       __imp__CompareStringW@24   10027018     kernel32:KERNEL32.dll
 0002:0000001c       __imp__GetProcAddress@8    1002701c     kernel32:KERNEL32.dll
 0002:00000020       __imp__CreateThread@24     10027020     kernel32:KERNEL32.dll
 0002:00000024       __imp__WaitForSingleObject@8 10027024     kernel32:KERNEL32.dll
 0002:00000028       __imp__CloseHandle@4       10027028     kernel32:KERNEL32.dll
 0002:0000002c       __imp__Sleep@4             1002702c     kernel32:KERNEL32.dll
 0002:00000030       __imp__GetCurrentProcess@0 10027030     kernel32:KERNEL32.dll
 0002:00000034       __imp__SetEndOfFile@4      10027034     kernel32:KERNEL32.dll
 0002:00000038       __imp__GetModuleHandleA@4  10027038     kernel32:KERNEL32.dll
 0002:0000003c       __imp__GetConsoleOutputCP@0 1002703c     kernel32:KERNEL32.dll
 0002:00000040       __imp__WriteConsoleA@20    10027040     kernel32:KERNEL32.dll
 0002:00000044       __imp__GetStringTypeW@16   10027044     kernel32:KERNEL32.dll
 0002:00000048       __imp__GetStringTypeA@20   10027048     kernel32:KERNEL32.dll
 0002:0000004c       __imp__SetFilePointer@16   1002704c     kernel32:KERNEL32.dll
 0002:00000050       __imp__CreateFileA@28      10027050     kernel32:KERNEL32.dll
 0002:00000054       __imp__WideCharToMultiByte@32 10027054     kernel32:KERNEL32.dll
 0002:00000058       __imp__MultiByteToWideChar@24 10027058     kernel32:KERNEL32.dll
 0002:0000005c       __imp__GetSystemTimeAsFileTime@4 1002705c     kernel32:KERNEL32.dll
 0002:00000060       __imp__RaiseException@16   10027060     kernel32:KERNEL32.dll
 0002:00000064       __imp__GetLastError@0      10027064     kernel32:KERNEL32.dll
 0002:00000068       __imp__DeleteFileA@4       10027068     kernel32:KERNEL32.dll
 0002:0000006c       __imp__RtlUnwind@16        1002706c     kernel32:KERNEL32.dll
 0002:00000070       __imp__GetTimeFormatA@24   10027070     kernel32:KERNEL32.dll
 0002:00000074       __imp__GetDateFormatA@24   10027074     kernel32:KERNEL32.dll
 0002:00000078       __imp__GetCurrentThreadId@0 10027078     kernel32:KERNEL32.dll
 0002:0000007c       __imp__GetCommandLineA@0   1002707c     kernel32:KERNEL32.dll
 0002:00000080       __imp__SetEnvironmentVariableA@8 10027080     kernel32:KERNEL32.dll
 0002:00000084       __imp__HeapAlloc@12        10027084     kernel32:KERNEL32.dll
 0002:00000088       __imp__HeapFree@12         10027088     kernel32:KERNEL32.dll
 0002:0000008c       __imp__TerminateProcess@8  1002708c     kernel32:KERNEL32.dll
 0002:00000090       __imp__UnhandledExceptionFilter@4 10027090     kernel32:KERNEL32.dll
 0002:00000094       __imp__SetUnhandledExceptionFilter@4 10027094     kernel32:KERNEL32.dll
 0002:00000098       __imp__IsDebuggerPresent@0 10027098     kernel32:KERNEL32.dll
 0002:0000009c       __imp__GetTimeZoneInformation@4 1002709c     kernel32:KERNEL32.dll
 0002:000000a0       __imp__WriteFile@20        100270a0     kernel32:KERNEL32.dll
 0002:000000a4       __imp__GetStdHandle@4      100270a4     kernel32:KERNEL32.dll
 0002:000000a8       __imp__GetModuleFileNameA@12 100270a8     kernel32:KERNEL32.dll
 0002:000000ac       __imp__GetModuleHandleW@4  100270ac     kernel32:KERNEL32.dll
 0002:000000b0       __imp__TlsGetValue@4       100270b0     kernel32:KERNEL32.dll
 0002:000000b4       __imp__TlsAlloc@0          100270b4     kernel32:KERNEL32.dll
 0002:000000b8       __imp__TlsSetValue@8       100270b8     kernel32:KERNEL32.dll
 0002:000000bc       __imp__TlsFree@4           100270bc     kernel32:KERNEL32.dll
 0002:000000c0       __imp__InterlockedIncrement@4 100270c0     kernel32:KERNEL32.dll
 0002:000000c4       __imp__SetLastError@4      100270c4     kernel32:KERNEL32.dll
 0002:000000c8       __imp__InterlockedDecrement@4 100270c8     kernel32:KERNEL32.dll
 0002:000000cc       __imp__EnterCriticalSection@4 100270cc     kernel32:KERNEL32.dll
 0002:000000d0       __imp__LeaveCriticalSection@4 100270d0     kernel32:KERNEL32.dll
 0002:000000d4       __imp__SetHandleCount@4    100270d4     kernel32:KERNEL32.dll
 0002:000000d8       __imp__GetFileType@4       100270d8     kernel32:KERNEL32.dll
 0002:000000dc       __imp__GetStartupInfoA@4   100270dc     kernel32:KERNEL32.dll
 0002:000000e0       __imp__DeleteCriticalSection@4 100270e0     kernel32:KERNEL32.dll
 0002:000000e4       __imp__GetCPInfo@8         100270e4     kernel32:KERNEL32.dll
 0002:000000e8       __imp__GetACP@0            100270e8     kernel32:KERNEL32.dll
 0002:000000ec       __imp__GetOEMCP@0          100270ec     kernel32:KERNEL32.dll
 0002:000000f0       __imp__IsValidCodePage@4   100270f0     kernel32:KERNEL32.dll
 0002:000000f4       __imp__HeapSize@12         100270f4     kernel32:KERNEL32.dll
 0002:000000f8       __imp__ExitProcess@4       100270f8     kernel32:KERNEL32.dll
 0002:000000fc       __imp__FreeEnvironmentStringsA@4 100270fc     kernel32:KERNEL32.dll
 0002:00000100       __imp__GetEnvironmentStrings@0 10027100     kernel32:KERNEL32.dll
 0002:00000104       __imp__FreeEnvironmentStringsW@4 10027104     kernel32:KERNEL32.dll
 0002:00000108       __imp__GetEnvironmentStringsW@0 10027108     kernel32:KERNEL32.dll
 0002:0000010c       __imp__HeapCreate@12       1002710c     kernel32:KERNEL32.dll
 0002:00000110       __imp__HeapDestroy@4       10027110     kernel32:KERNEL32.dll
 0002:00000114       __imp__VirtualFree@12      10027114     kernel32:KERNEL32.dll
 0002:00000118       __imp__QueryPerformanceCounter@4 10027118     kernel32:KERNEL32.dll
 0002:0000011c       __imp__GetTickCount@0      1002711c     kernel32:KERNEL32.dll
 0002:00000120       __imp__GetCurrentProcessId@0 10027120     kernel32:KERNEL32.dll
 0002:00000124       __imp__LCMapStringA@24     10027124     kernel32:KERNEL32.dll
 0002:00000128       __imp__LCMapStringW@24     10027128     kernel32:KERNEL32.dll
 0002:0000012c       __imp__VirtualAlloc@16     1002712c     kernel32:KERNEL32.dll
 0002:00000130       __imp__HeapReAlloc@16      10027130     kernel32:KERNEL32.dll
 0002:00000134       __imp__LoadLibraryA@4      10027134     kernel32:KERNEL32.dll
 0002:00000138       __imp__GetLocaleInfoA@16   10027138     kernel32:KERNEL32.dll
 0002:0000013c       __imp__SetStdHandle@8      1002713c     kernel32:KERNEL32.dll
 0002:00000140       __imp__GetConsoleCP@0      10027140     kernel32:KERNEL32.dll
 0002:00000144       __imp__GetConsoleMode@8    10027144     kernel32:KERNEL32.dll
 0002:00000148       __imp__FlushFileBuffers@4  10027148     kernel32:KERNEL32.dll
 0002:0000014c       __imp__InitializeCriticalSectionAndSpinCount@8 1002714c     kernel32:KERNEL32.dll
 0002:00000150       __imp__GetFileAttributesA@4 10027150     kernel32:KERNEL32.dll
 0002:00000154       \177KERNEL32_NULL_THUNK_DATA 10027154     kernel32:KERNEL32.dll
 0002:00000158       __imp__GetDC@4             10027158     user32:USER32.dll
 0002:0000015c       __imp__ShowWindow@8        1002715c     user32:USER32.dll
 0002:00000160       __imp__FindWindowA@8       10027160     user32:USER32.dll
 0002:00000164       __imp__GetAsyncKeyState@4  10027164     user32:USER32.dll
 0002:00000168       \177USER32_NULL_THUNK_DATA 10027168     user32:USER32.dll
 0002:0000016c       __imp__Warning             1002716c     tier0:tier0.dll
 0002:00000170       __imp_?ConColorMsg@@YAXABVColor@@PBDZZ 10027170     tier0:tier0.dll
 0002:00000174       __imp__g_pMemAlloc         10027174     tier0:tier0.dll
 0002:00000178       __imp__Msg                 10027178     tier0:tier0.dll
 0002:0000017c       __imp__AssertValidStringPtr 1002717c     tier0:tier0.dll
 0002:00000180       __imp___AssertValidWritePtr 10027180     tier0:tier0.dll
 0002:00000184       \177tier0_NULL_THUNK_DATA  10027184     tier0:tier0.dll
 0002:00000188       __imp__KeyValuesSystem     10027188     vstdlib:vstdlib.dll
 0002:0000018c       \177vstdlib_NULL_THUNK_DATA 1002718c     vstdlib:vstdlib.dll
 0002:00000190       ___xc_a                    10027190     LIBCMT:crt0init.obj
 0002:000002f8       ___xc_z                    100272f8     LIBCMT:crt0init.obj
 0002:000002fc       ___xi_a                    100272fc     LIBCMT:crt0init.obj
 0002:00000314       ___xi_z                    10027314     LIBCMT:crt0init.obj
 0002:00000318       ___xp_a                    10027318     LIBCMT:crt0init.obj
 0002:00000324       ___xp_z                    10027324     LIBCMT:crt0init.obj
 0002:00000328       ___xt_a                    10027328     LIBCMT:crt0init.obj
 0002:0000032c       ___xt_z                    1002732c     LIBCMT:crt0init.obj
 0002:0000034c       ??_C@_0P@GHFPNOJB@bad?5allocation?$AA@ 1002734c     L4D_Versus_Tool.obj
 0002:00000364       ??_C@_00CNPNBAHC@?$AA@     10027364     L4D_Versus_Tool.obj
 0002:0000036c       ??_7bad_alloc@std@@6B@     1002736c     L4D_Versus_Tool.obj
 0002:00000378       ??_7IGameEventListener@@6B@ 10027378     L4D_Versus_Tool.obj
 0002:00000380       ??_C@_0BP@EAGJNPBM@plugin_unload?5L4D_Versus_Tool?6?$AA@ 10027380     L4D_Versus_Tool.obj
 0002:000003a0       ??_C@_0BD@PELHOKFO@Killed?5players?3?5?$CFd?$AA@ 100273a0     L4D_Versus_Tool.obj
 0002:000003b4       ??_C@_0CC@FBJIMKFA@Killed?5zombies?3?5?$CFd?5?$CIHeadshot?3?5?$CFd@ 100273b4     L4D_Versus_Tool.obj
 0002:000003d8       ??_C@_0CD@JEKJDLOO@playgamesound?5UI?2LittleReward?4wa@ 100273d8     L4D_Versus_Tool.obj
 0002:000003fc       ??_C@_0BD@EGBNOPBD@Killed?5zombies?3?5?$CFd?$AA@ 100273fc     L4D_Versus_Tool.obj
 0002:00000410       __real@41100000            10027410     L4D_Versus_Tool.obj
 0002:00000414       __real@3f666666            10027414     L4D_Versus_Tool.obj
 0002:00000418       ??_C@_05FLILCDFA@?$CI?$DM0?$DO?$CJ?$AA@ 10027418     L4D_Versus_Tool.obj
 0002:00000420       ??_C@_06JPHCDDEM@?$CI?$DM?9?$HM?$DO?$CJ?$AA@ 10027420     L4D_Versus_Tool.obj
 0002:00000428       ??_C@_07BGLECDFL@?$CI?$DM?9?9?$HM?$DO?$CJ?$AA@ 10027428     L4D_Versus_Tool.obj
 0002:00000430       ??_C@_08JFOOGAIM@?$CI?$DM?9?9?9?$HM?$DO?$CJ?$AA@ 10027430     L4D_Versus_Tool.obj
 0002:0000043c       ??_C@_09INNKHNLI@?$CI?$DM?9?9?9?9?$HM?$DO?$CJ?$AA@ 1002743c     L4D_Versus_Tool.obj
 0002:00000448       ??_C@_0L@KMHGLNBA@?$CI?$DM?9?9?9?9?9?$HM?$DO?$CJ?$AA@ 10027448     L4D_Versus_Tool.obj
 0002:00000454       ??_C@_0M@HEFKDKAK@?$CI?$DM?9?9?9?9?9?9?$HM?$DO?$CJ?$AA@ 10027454     L4D_Versus_Tool.obj
 0002:00000460       ??_C@_0N@IJOAOPPH@?$CI?$DM?9?9?9?9?9?9?9?$HM?$DO?$CJ?$AA@ 10027460     L4D_Versus_Tool.obj
 0002:00000470       ??_C@_0O@EKBBNLID@?$CI?$DM?9?9?9?9?9?9?9?9?$HM?$DO?$CJ?$AA@ 10027470     L4D_Versus_Tool.obj
 0002:00000480       ??_C@_0P@BNLKJPJC@?$CI?$DM?9?9?9?9?9?9?9?9?9?$HM?$DO?$CJ?$AA@ 10027480     L4D_Versus_Tool.obj
 0002:00000490       ??_C@_0BA@HHFNBECE@?$CI?$DM?9?9?9?9?9?9?9?9?9?9?$HM?$DO?$CJ?$AA@ 10027490     L4D_Versus_Tool.obj
 0002:000004a0       ??_C@_0BB@CDPHGLKK@?$CI?$DM?9?9?9?9?9?9?9?9?9?9?$HM?9?$DO?$CJ?$AA@ 100274a0     L4D_Versus_Tool.obj
 0002:000004b4       ??_C@_0BC@CJKDGPPC@?$CI?$DM?9?9?9?9?9?9?9?9?9?9?$HM?9?9?$DO?$CJ?$AA@ 100274b4     L4D_Versus_Tool.obj
 0002:000004c8       ??_C@_0BD@EMBJOCDA@?$CI?$DM?9?9?9?9?9?9?9?9?9?9?$HM?9?9?9?$DO?$CJ?$AA@ 100274c8     L4D_Versus_Tool.obj
 0002:000004dc       ??_C@_0BE@DJBGPLCB@?$CI?$DM?9?9?9?9?9?9?9?9?9?9?$HM?9?9?9?9?$DO?$CJ?$AA@ 100274dc     L4D_Versus_Tool.obj
 0002:000004f0       ??_C@_0BF@FDNDNEMK@?$CI?$DM?9?9?9?9?9?9?9?9?9?9?$HM?9?9?9?9?9?$DO?$CJ?$AA@ 100274f0     L4D_Versus_Tool.obj
 0002:00000508       ??_C@_0BG@GEGBCKBF@?$CI?$DM?9?9?9?9?9?9?9?9?9?9?$HM?9?9?9?9?9?9?$DO?$CJ?$AA@ 10027508     L4D_Versus_Tool.obj
 0002:00000520       ??_C@_0BH@HCDKFHKO@?$CI?$DM?9?9?9?9?9?9?9?9?9?9?$HM?9?9?9?9?9?9?9?$DO?$CJ?$AA@ 10027520     L4D_Versus_Tool.obj
 0002:00000538       ??_C@_0BI@COJPGGNH@?$CI?$DM?9?9?9?9?9?9?9?9?9?9?$HM?9?9?9?9?9?9?9?9?$DO?$CJ?$AA@ 10027538     L4D_Versus_Tool.obj
 0002:00000550       ??_C@_0BJ@HBKAKHO@?$CI?$DM?9?9?9?9?9?9?9?9?9?9?$HM?9?9?9?9?9?9?9?9?9?$DO?$CJ?$AA@ 10027550     L4D_Versus_Tool.obj
 0002:0000056c       ??_C@_0BK@KIDJJEFO@?$CI?$DM?9?9?9?9?9?9?9?9?9?9?$HM?9?9?9?9?9?9?9?9?9?9?$DO?$CJ?$AA@ 1002756c     L4D_Versus_Tool.obj
 0002:00000588       __real@3ec90fdb            10027588     L4D_Versus_Tool.obj
 0002:00000590       __real@3fe0000000000000    10027590     L4D_Versus_Tool.obj
 0002:00000598       __real@3ff0000000000000    10027598     L4D_Versus_Tool.obj
 0002:000005a0       __real@3c23d70a            100275a0     L4D_Versus_Tool.obj
 0002:000005ac       ??_7L4D_VT@@6BIServerPluginCallbacks@@@ 100275ac     L4D_Versus_Tool.obj
 0002:000005f8       ??_C@_0BN@KOJFOMNG@L4D_Versus_Tool?5v?52?40?0?5Senny?$AA@ 100275f8     L4D_Versus_Tool.obj
 0002:00000618       ??_C@_0BE@CMEKGLO@host_timescale?51?40?6?$AA@ 10027618     L4D_Versus_Tool.obj
 0002:0000062c       ??_C@_0BM@PMMOAFLJ@l4d_mat_postprocess_enable?6?$AA@ 1002762c     L4D_Versus_Tool.obj
 0002:00000648       ??_C@_0O@CNDIGMFE@surface?5?$DN?5?$CFx?6?$AA@ 10027648     L4D_Versus_Tool.obj
 0002:00000658       ??_C@_0BB@HKLLCOKA@std_render?5?$DN?5?$CFx?6?$AA@ 10027658     L4D_Versus_Tool.obj
 0002:0000066c       ??_C@_0BA@GJFAOOCB@mdl_cache?5?$DN?5?$CFx?6?$AA@ 1002766c     L4D_Versus_Tool.obj
 0002:0000067c       ??_C@_0O@OIAJJGNF@physOBJ?5?$DN?5?$CFx?6?$AA@ 1002767c     L4D_Versus_Tool.obj
 0002:0000068c       ??_C@_0BB@LJAGCNDN@model_info?5?$DN?5?$CFx?6?$AA@ 1002768c     L4D_Versus_Tool.obj
 0002:000006a0       ??_C@_0BD@JEEKPGPH@model_render?5?$DN?5?$CFx?6?$AA@ 100276a0     L4D_Versus_Tool.obj
 0002:000006b4       ??_C@_0N@IHGMDPNI@sv_gcl?5?$DN?5?$CFx?6?$AA@ 100276b4     L4D_Versus_Tool.obj
 0002:000006c4       ??_C@_0M@LKIMCDGN@debug?5?$DN?5?$CFx?6?$AA@ 100276c4     L4D_Versus_Tool.obj
 0002:000006d0       ??_C@_0BC@HOMDGCKA@client_tool?5?$DN?5?$CFx?6?$AA@ 100276d0     L4D_Versus_Tool.obj
 0002:000006e4       ??_C@_0BC@DHOILOEA@server_tool?5?$DN?5?$CFx?6?$AA@ 100276e4     L4D_Versus_Tool.obj
 0002:000006f8       ??_C@_0O@MPAPABE@sv_ents?5?$DN?5?$CFx?6?$AA@ 100276f8     L4D_Versus_Tool.obj
 0002:00000708       ??_C@_0BK@BGEHOMNC@cl_gameeventmanager?5?$DN?5?$CFx?6?$AA@ 10027708     L4D_Versus_Tool.obj
 0002:00000724       ??_C@_0O@CGLHBLPM@globals?5?$DN?5?$CFx?6?$AA@ 10027724     L4D_Versus_Tool.obj
 0002:00000734       ??_C@_0BA@PMKJAALC@materials?5?$DN?5?$CFx?6?$AA@ 10027734     L4D_Versus_Tool.obj
 0002:00000744       ??_C@_0O@BCFAMGAP@g_pCVar?5?$DN?5?$CFx?6?$AA@ 10027744     L4D_Versus_Tool.obj
 0002:00000754       ??_C@_0O@OHCJBIFN@gamedll?5?$DN?5?$CFx?6?$AA@ 10027754     L4D_Versus_Tool.obj
 0002:00000764       ??_C@_0BA@OKHFOKHF@clientDLL?5?$DN?5?$CFx?6?$AA@ 10027764     L4D_Versus_Tool.obj
 0002:00000774       ??_C@_0BA@GCPKJMCO@ienginetool?5?$CFx?6?$AA@ 10027774     L4D_Versus_Tool.obj
 0002:00000784       ??_C@_0N@EPHPAADE@client?5?$DN?5?$CFx?6?$AA@ 10027784     L4D_Versus_Tool.obj
 0002:00000794       ??_C@_0BC@MOMBADML@enginetrace?5?$DN?5?$CFx?6?$AA@ 10027794     L4D_Versus_Tool.obj
 0002:000007a8       ??_C@_0BI@JAKKMNOJ@playerinfomanager?5?$DN?5?$CFx?6?$AA@ 100277a8     L4D_Versus_Tool.obj
 0002:000007c0       ??_C@_0P@IHIMEPIK@vphysics?5?$DN?5?$CFx?6?$AA@ 100277c0     L4D_Versus_Tool.obj
 0002:000007d0       ??_C@_0P@JIDJBANK@entList?5?$DN?5?$CFx?5?6?$AA@ 100277d0     L4D_Versus_Tool.obj
 0002:000007e0       ??_C@_0BA@FEELJAEL@engine_cl?5?$DN?5?$CFx?6?$AA@ 100277e0     L4D_Versus_Tool.obj
 0002:000007f0       ??_C@_0BA@BFPAPPNJ@engine_sv?5?$DN?5?$CFx?6?$AA@ 100277f0     L4D_Versus_Tool.obj
 0002:00000800       ??_C@_0BE@PMELBIMF@mp_gamemode?5versus?6?$AA@ 10027800     L4D_Versus_Tool.obj
 0002:00000814       ??_C@_0BH@PPNOFFD@demo_recordcommands?50?6?$AA@ 10027814     L4D_Versus_Tool.obj
 0002:0000082c       ??_C@_0N@CKJHLFNL@thirdperson?6?$AA@ 1002782c     L4D_Versus_Tool.obj
 0002:0000083c       ??_C@_0N@OOJAMMFL@sv_cheats?51?6?$AA@ 1002783c     L4D_Versus_Tool.obj
 0002:0000084c       ??_C@_0BC@CKIMOKHE@mp_gamemode?5coop?6?$AA@ 1002784c     L4D_Versus_Tool.obj
 0002:00000860       ??_C@_0BH@ODPIPGE@demo_recordcommands?51?6?$AA@ 10027860     L4D_Versus_Tool.obj
 0002:00000878       ??_C@_0CN@PKPBIAJK@Failed?5to?5find?5Command?5demo_reco@ 10027878     L4D_Versus_Tool.obj
 0002:000008a8       ??_C@_0BE@BECBINPF@demo_recordcommands?$AA@ 100278a8     L4D_Versus_Tool.obj
 0002:000008bc       ??_C@_0CF@IBBMMNKH@Failed?5to?5find?5Command?5thirdpers@ 100278bc     L4D_Versus_Tool.obj
 0002:000008e4       ??_C@_0M@BIELKGOF@thirdperson?$AA@ 100278e4     L4D_Versus_Tool.obj
 0002:000008f0       ??_C@_0CC@DIFHFIJ@Failed?5to?5find?5ConVar?5sv_cheats?$CB@ 100278f0     L4D_Versus_Tool.obj
 0002:00000914       ??_C@_09NFOPKLIK@sv_cheats?$AA@ 10027914     L4D_Versus_Tool.obj
 0002:00000920       ??_C@_0CE@CNIAIGD@Failed?5to?5find?5ConVar?5mp_gamemod@ 10027920     L4D_Versus_Tool.obj
 0002:00000944       ??_C@_0M@EHECIMHD@mp_gamemode?$AA@ 10027944     L4D_Versus_Tool.obj
 0002:00000950       ??_C@_0BF@EKLCJGEP@thirdpersonshoulder?6?$AA@ 10027950     L4D_Versus_Tool.obj
 0002:00000968       ??_C@_0BP@BFCIGICJ@c_thirdpersonshoulderdist?5100?6?$AA@ 10027968     L4D_Versus_Tool.obj
 0002:00000988       ??_C@_0BD@GDBGBNLB@z_view_distance?50?6?$AA@ 10027988     L4D_Versus_Tool.obj
 0002:0000099c       ??_C@_0BG@IIDCCAGA@z_view_distance?5?9100?6?$AA@ 1002799c     L4D_Versus_Tool.obj
 0002:000009b4       ??_C@_0CG@FAEHGMJF@Failed?5to?5find?5Cvar?5z_view_dista@ 100279b4     L4D_Versus_Tool.obj
 0002:000009dc       ??_C@_0BA@PIBEOJNH@z_view_distance?$AA@ 100279dc     L4D_Versus_Tool.obj
 0002:000009ec       ??_C@_0BM@JGNGDAHO@Mat_postprocess_enable?5off?6?$AA@ 100279ec     L4D_Versus_Tool.obj
 0002:00000a08       ??_C@_0CA@EPPDANMA@l4d_versus_tool_set_hud_color_r?$AA@ 10027a08     L4D_Versus_Tool.obj
 0002:00000a28       ??_C@_0CA@HIEGOLNE@l4d_versus_tool_set_hud_color_g?$AA@ 10027a28     L4D_Versus_Tool.obj
 0002:00000a48       ??_C@_0CA@FDBBPJB@l4d_versus_tool_set_hud_color_b?$AA@ 10027a48     L4D_Versus_Tool.obj
 0002:00000a68       ??_C@_0BN@GHJFOGIM@l4d_versus_tool_set_hud_time?$AA@ 10027a68     L4D_Versus_Tool.obj
 0002:00000a88       ??_C@_0BK@HNLDLAFM@mat_postprocess_enable?50?6?$AA@ 10027a88     L4D_Versus_Tool.obj
 0002:00000aa4       ??_C@_0DA@FEPFIGMN@Failed?5to?5Cvar?5command?5mat_postp@ 10027aa4     L4D_Versus_Tool.obj
 0002:00000ad4       ??_C@_0BH@HAEHGEK@mat_postprocess_enable?$AA@ 10027ad4     L4D_Versus_Tool.obj
 0002:00000aec       ??_C@_0BF@HADBFHEI@r_drawothermodels?51?6?$AA@ 10027aec     L4D_Versus_Tool.obj
 0002:00000b04       ??_C@_0BF@HCHHOJBB@r_drawothermodels?52?6?$AA@ 10027b04     L4D_Versus_Tool.obj
 0002:00000b1c       ??_C@_0CI@NNFAIJNL@Failed?5to?5find?5Cvar?5r_drawotherm@ 10027b1c     L4D_Versus_Tool.obj
 0002:00000b44       ??_C@_0BC@FFOICEHG@r_drawothermodels?$AA@ 10027b44     L4D_Versus_Tool.obj
 0002:00000b58       ??_C@_0BF@OLFJJBAG@r_drawstaticprops?51?6?$AA@ 10027b58     L4D_Versus_Tool.obj
 0002:00000b70       ??_C@_0BF@OJBPCPFP@r_drawstaticprops?52?6?$AA@ 10027b70     L4D_Versus_Tool.obj
 0002:00000b88       ??_C@_0CI@NBFEHHBL@Failed?5to?5find?5Cvar?5r_drawstatic@ 10027b88     L4D_Versus_Tool.obj
 0002:00000bb0       ??_C@_0BC@NBLMHMP@r_drawstaticprops?$AA@ 10027bb0     L4D_Versus_Tool.obj
 0002:00000bc4       ??_C@_0P@POJDJLEC@r_drawworld?51?6?$AA@ 10027bc4     L4D_Versus_Tool.obj
 0002:00000bd4       ??_C@_0P@PPFBPBHF@r_drawworld?50?6?$AA@ 10027bd4     L4D_Versus_Tool.obj
 0002:00000be4       ??_C@_0CC@GIJFFFOJ@Failed?5to?5find?5Cvar?5r_drawworld?$CB@ 10027be4     L4D_Versus_Tool.obj
 0002:00000c08       ??_C@_0M@BIOFCHNF@r_drawworld?$AA@ 10027c08     L4D_Versus_Tool.obj
 0002:00000c14       ??_C@_0BF@FJNLCLND@r_drawclipbrushes?50?6?$AA@ 10027c14     L4D_Versus_Tool.obj
 0002:00000c2c       ??_C@_0BF@FKFPPPLN@r_drawclipbrushes?52?6?$AA@ 10027c2c     L4D_Versus_Tool.obj
 0002:00000c44       ??_C@_0CH@KEJKKOD@Failed?5to?5find?5Cvar?5r_drawclipbr@ 10027c44     L4D_Versus_Tool.obj
 0002:00000c6c       ??_C@_0BC@CNFJHEEI@r_drawclipbrushes?$AA@ 10027c6c     L4D_Versus_Tool.obj
 0002:00000c80       ??_C@_0BF@LGCKHMLD@showtriggers_toggle?6?$AA@ 10027c80     L4D_Versus_Tool.obj
 0002:00000c98       ??_C@_0CN@FPHKDDEC@Failed?5to?5find?5Command?5showtrigg@ 10027c98     L4D_Versus_Tool.obj
 0002:00000cc8       ??_C@_0BE@KMIEGHCB@showtriggers_toggle?$AA@ 10027cc8     L4D_Versus_Tool.obj
 0002:00000cdc       ??_C@_0N@OPFCKGGM@sv_cheats?50?6?$AA@ 10027cdc     L4D_Versus_Tool.obj
 0002:00000cec       ??_C@_0BB@KJOCEBKA@mat_wireframe?50?6?$AA@ 10027cec     L4D_Versus_Tool.obj
 0002:00000d00       ??_C@_0BB@KICACLJH@mat_wireframe?51?6?$AA@ 10027d00     L4D_Versus_Tool.obj
[...]
 0001:00015d34       ?CatchIt@@YAXPAUEHExceptionRecord@@PAUEHRegistrationNode@@PAU_CONTEXT@@PAXPBU_s_FuncInfo@@PBU_s_HandlerType@@PBU_s_CatchableType@@PBU_s_TryBlockMapEntry@@H1E@Z 10016d34 f   LIBCMT:frame.obj
 0001:00015da2       ?FindHandlerForForeignException@@YAXPAUEHExceptionRecord@@PAUEHRegistrationNode@@PAU_CONTEXT@@PAXPBU_s_FuncInfo@@HH1@Z 10016da2 f   LIBCMT:frame.obj
 0001:00015e96       ?FindHandler@@YAXPAUEHExceptionRecord@@PAUEHRegistrationNode@@PAU_CONTEXT@@PAXPBU_s_FuncInfo@@EH1@Z 10016e96 f   LIBCMT:frame.obj
 0001:000163cc       ?CPtoLCID@@YAHH@Z          100173cc f   LIBCMT:mbctype.obj
 0001:000163fb       ?setSBCS@@YAXPAUthreadmbcinfostruct@@@Z 100173fb f   LIBCMT:mbctype.obj
 0001:0001645f       ?setSBUpLow@@YAXPAUthreadmbcinfostruct@@@Z 1001745f f   LIBCMT:mbctype.obj
 0001:00016696       ?getSystemCP@@YAHH@Z       10017696 f   LIBCMT:mbctype.obj
 0001:00016d20       __updatetlocinfoEx_nolock  10017d20 f   LIBCMT:setlocal.obj
 0001:000170da       __initterm                 100180da f   LIBCMT:crt0dat.obj
 0001:000171a0       _doexit                    100181a0 f   LIBCMT:crt0dat.obj
 0001:0001741d       _parse_cmdline             1001841d f   LIBCMT:stdargv.obj
 0001:0001ac12       _fastzero_I                1001bc12 f   LIBCMT:p4_memset.obj
 0001:0001acf8       _fastcopy_I                1001bcf8 f   LIBCMT:p4_memcpy.obj
 0001:0001b6b9       ?wcstoxl@@YAKPAUlocaleinfo_struct@@PB_WPAPB_WHH@Z 1001c6b9 f   LIBCMT:wcstol.obj
 0001:0001bb1f       ?__crtLCMapStringA_stat@@YAHPAUlocaleinfo_struct@@KKPBDHPADHHH@Z 1001cb1f f   LIBCMT:a_map.obj
 0001:0001d160       _siglookup                 1001e160 f   LIBCMT:winsig.obj
 0001:0001e74f       __tsopen_nolock            1001f74f f   LIBCMT:open.obj
 0001:0001f344       __unwind_handler           10020344 f   LIBCMT:exsup.obj
 0001:0001f654       ?__crtGetStringTypeA_stat@@YAHPAUlocaleinfo_struct@@KPBDHPAGHHH@Z 10020654 f   LIBCMT:a_str.obj
 0001:0001ffd3       ?x_ismbbtype_l@@YAHPAUlocaleinfo_struct@@IHH@Z 10020fd3 f   LIBCMT:ismbbyte.obj
 0001:00022642       __hw_cw                    10023642 f   LIBCMT:_ieee87_.obj
 0001:000226d0       ___hw_cw_sse2              100236d0 f   LIBCMT:_ieee87_.obj
 0001:00023715       ?strncnt@@YAHPBDH@Z        10024715 f   LIBCMT:a_cmp.obj
 0001:00023733       ?__crtCompareStringA_stat@@YAHPAUlocaleinfo_struct@@KKPBDH1HH@Z 10024733 f   LIBCMT:a_cmp.obj
 0001:00023bdf       _findenv                   10024bdf f   LIBCMT:setenv.obj
 0001:00023c31       _copy_environ              10024c31 f   LIBCMT:setenv.obj
 0001:00024170       __ehhandler$?_Copy@?$basic_string@DU?$char_traits@D@std@@V?$allocator@D@2@@std@@IAEXII@Z 10025170 f   L4D_Versus_Tool.obj
 0001:0002417a       __unwindfunclet$?_Xlen@_String_base@std@@SAXXZ$0 1002517a f   libcpmt:string.obj
 0001:0002417a       __unwindfunclet$?_Xran@_String_base@std@@SAXXZ$0 1002517a f   libcpmt:string.obj
 0001:00024182       __ehhandler$?_Xran@_String_base@std@@SAXXZ 10025182 f   libcpmt:string.obj
 0001:00024182       __ehhandler$?_Xlen@_String_base@std@@SAXXZ 10025182 f   libcpmt:string.obj
 0001:0002419d       __unwindfunclet$??0logic_error@std@@QAE@ABV?$basic_string@DU?$char_traits@D@std@@V?$allocator@D@2@@1@@Z$0 1002519d f   libcpmt:string.obj
 0001:0002419d       __unwindfunclet$??0logic_error@std@@QAE@ABV01@@Z$0 1002519d f   libcpmt:string.obj
 0001:000241a5       __ehhandler$??0logic_error@std@@QAE@ABV01@@Z 100251a5 f   libcpmt:string.obj
 0001:000241a5       __ehhandler$??0logic_error@std@@QAE@ABV?$basic_string@DU?$char_traits@D@std@@V?$allocator@D@2@@1@@Z 100251a5 f   libcpmt:string.obj
 0001:000241c0       __ehhandler$?CallUnexpected@@YAXPBU_s_ESTypeList@@@Z 100251c0 f   LIBCMT:frame.obj
 0001:000241e0       ??__EAutoRecordDemoMp@@YAXXZ 100251e0 f   L4D_Versus_Tool.obj
 0001:00024210       ??__EAutoRecordDemoSp@@YAXXZ 10025210 f   L4D_Versus_Tool.obj
 0001:00024240       ??__ESetHudColor_r@@YAXXZ  10025240 f   L4D_Versus_Tool.obj
 0001:00024270       ??__ESetHudColor_g@@YAXXZ  10025270 f   L4D_Versus_Tool.obj
 0001:000242a0       ??__ESetHudColor_b@@YAXXZ  100252a0 f   L4D_Versus_Tool.obj
 0001:000242d0       ??__ESetHudTime_t@@YAXXZ   100252d0 f   L4D_Versus_Tool.obj
 0001:00024300       ??__EL4DEspPZAlpha@@YAXXZ  10025300 f   L4D_Versus_Tool.obj
 0001:00024330       ??__EL4DEspPZ@@YAXXZ       10025330 f   L4D_Versus_Tool.obj
 0001:00024360       ??__EL4DEspInfected@@YAXXZ 10025360 f   L4D_Versus_Tool.obj
 0001:00024390       ??__EL4DHunterDistanceMeter@@YAXXZ 10025390 f   L4D_Versus_Tool.obj
 0001:000243c0       ??__EL4DHunterDistanceMeterAngle@@YAXXZ 100253c0 f   L4D_Versus_Tool.obj
 0001:000243f0       ??__EDrawBones@@YAXXZ      100253f0 f   L4D_Versus_Tool.obj
 0001:00024420       ??__EDrawPZGlow@@YAXXZ     10025420 f   L4D_Versus_Tool.obj
 0001:00024450       ??__EDrawViewLine@@YAXXZ   10025450 f   L4D_Versus_Tool.obj
 0001:00024480       ??__EL4DAimBotPZ@@YAXXZ    10025480 f   L4D_Versus_Tool.obj
 0001:000244b0       ??__EL4DAimBotPZTargetBone@@YAXXZ 100254b0 f   L4D_Versus_Tool.obj
 0001:000244e0       ??__EL4DAimBotPZUseKey@@YAXXZ 100254e0 f   L4D_Versus_Tool.obj
 0001:00024510       ??__EL4DAimBotPZBreakKey@@YAXXZ 10025510 f   L4D_Versus_Tool.obj
 0001:00024540       ??__EL4DAimBotPZRadius@@YAXXZ 10025540 f   L4D_Versus_Tool.obj
 0001:00024570       ??__EL4DAimBotInfected@@YAXXZ 10025570 f   L4D_Versus_Tool.obj
 0001:000245a0       ??__EL4DAimBotInfectedTargetBone@@YAXXZ 100255a0 f   L4D_Versus_Tool.obj
 0001:000245d0       ??__EL4DAimBotInfectedRadius@@YAXXZ 100255d0 f   L4D_Versus_Tool.obj
 0001:00024600       ??__EL4DAimBotInfectedOverlayMode@@YAXXZ 10025600 f   L4D_Versus_Tool.obj
 0001:00024630       ??__EL4DAimBotInfected_CompensationX@@YAXXZ 10025630 f   L4D_Versus_Tool.obj
 0001:00024660       ??__EL4DAimBotInfected_CompensationY@@YAXXZ 10025660 f   L4D_Versus_Tool.obj
 0001:00024690       ??__EL4DAimBotInfected_CompensationZ@@YAXXZ 10025690 f   L4D_Versus_Tool.obj
 0001:000246c0       ??__EL4DDrawRay@@YAXXZ     100256c0 f   L4D_Versus_Tool.obj
 0001:000246f0       ??__EDebugGameEvents@@YAXXZ 100256f0 f   L4D_Versus_Tool.obj
 0001:00024720       ??__EListenChat@@YAXXZ     10025720 f   L4D_Versus_Tool.obj
 0001:00024750       ??__EKillCounter@@YAXXZ    10025750 f   L4D_Versus_Tool.obj
 0001:00024780       ??__EL4DBhop@@YAXXZ        10025780 f   L4D_Versus_Tool.obj
 0001:000247b0       ??__EThreadRate@@YAXXZ     100257b0 f   L4D_Versus_Tool.obj
 0001:000247e0       ??__EShowItems@@YAXXZ      100257e0 f   L4D_Versus_Tool.obj
 0001:00024810       ??__EShowPlayersHealth@@YAXXZ 10025810 f   L4D_Versus_Tool.obj
 0001:00024840       ??__ETankHelpers@@YAXXZ    10025840 f   L4D_Versus_Tool.obj
 0001:00024870       ??__EL4DTest2@@YAXXZ       10025870 f   L4D_Versus_Tool.obj
 0001:000248a0       ??__Eg_L4D_VT@@YAXXZ       100258a0 f   L4D_Versus_Tool.obj
 0001:000248b0       ??__E__g_CreateL4D_VTIServerPluginCallbacks_reg@@YAXXZ 100258b0 f   L4D_Versus_Tool.obj
 0001:000248d0       ??__El4d_show_interfaces_command@@YAXXZ 100258d0 f   L4D_Versus_Tool.obj
 0001:00024900       ??__El4d_versus_tool_version_command@@YAXXZ 10025900 f   L4D_Versus_Tool.obj
 0001:00024930       ??__El4d_thirdperson_command@@YAXXZ 10025930 f   L4D_Versus_Tool.obj
 0001:00024960       ??__El4d_thirdpersonshoulder_command@@YAXXZ 10025960 f   L4D_Versus_Tool.obj
 0001:00024990       ??__El4d_z_view_distance_command@@YAXXZ 10025990 f   L4D_Versus_Tool.obj
 0001:000249c0       ??__El4d_mat_postprocess_enable_command@@YAXXZ 100259c0 f   L4D_Versus_Tool.obj
 0001:000249f0       ??__El4d_r_drawothermodels_command@@YAXXZ 100259f0 f   L4D_Versus_Tool.obj
 0001:00024a20       ??__El4d_r_drawstaticprops_command@@YAXXZ 10025a20 f   L4D_Versus_Tool.obj
 0001:00024a50       ??__El4d_r_drawworld_command@@YAXXZ 10025a50 f   L4D_Versus_Tool.obj
 0001:00024a80       ??__El4d_r_drawclipbrushes_command@@YAXXZ 10025a80 f   L4D_Versus_Tool.obj
 0001:00024ab0       ??__El4d_showtriggers_toggle_command@@YAXXZ 10025ab0 f   L4D_Versus_Tool.obj
 0001:00024ae0       ??__El4d_mat_wireframe_command@@YAXXZ 10025ae0 f   L4D_Versus_Tool.obj
 0001:00024b10       ??__El4d_cl_viewmodelfovsurvivor_command@@YAXXZ 10025b10 f   L4D_Versus_Tool.obj
 0001:00024b40       ??__El4d_cl_viewmodelfovboomer_command@@YAXXZ 10025b40 f   L4D_Versus_Tool.obj
 0001:00024b70       ??__El4d_cl_viewmodelfovhunter_command@@YAXXZ 10025b70 f   L4D_Versus_Tool.obj
 0001:00024ba0       ??__El4d_cl_viewmodelfovsmoker_command@@YAXXZ 10025ba0 f   L4D_Versus_Tool.obj
 0001:00024bd0       ??__El4d_cl_viewmodelfovtank_command@@YAXXZ 10025bd0 f   L4D_Versus_Tool.obj
 0001:00024c00       ??__El4d_versus_tool_unload_command@@YAXXZ 10025c00 f   L4D_Versus_Tool.obj
 0001:00024c30       ??__El4d_versu_tool_l4d_cvarlist_command@@YAXXZ 10025c30 f   L4D_Versus_Tool.obj
 0001:00024c60       ??__El4d_unlock_cvars_command@@YAXXZ 10025c60 f   L4D_Versus_Tool.obj
 0001:00024c90       ??__El4d_record_demo_command@@YAXXZ 10025c90 f   L4D_Versus_Tool.obj
 0001:00024cc0       ??__El4d_host_timescale_command@@YAXXZ 10025cc0 f   L4D_Versus_Tool.obj
 0001:00024cf0       ??__El4d_survivor_upgrades_command@@YAXXZ 10025cf0 f   L4D_Versus_Tool.obj
 0001:00024d20       ??__El4d_sv_gravity_command@@YAXXZ 10025d20 f   L4D_Versus_Tool.obj
 0001:00024d50       ??__El4d_developer_command@@YAXXZ 10025d50 f   L4D_Versus_Tool.obj
 0001:00024d80       ??__El4d_sv_friction_command@@YAXXZ 10025d80 f   L4D_Versus_Tool.obj
 0001:00024db0       ??__El4d_vcollide_wireframe_command@@YAXXZ 10025db0 f   L4D_Versus_Tool.obj
 0001:00024de0       ??__El4d_versus_tool_write_autoexec_command@@YAXXZ 10025de0 f   L4D_Versus_Tool.obj
 0001:00024e10       ??__El4d_slow_motion_command@@YAXXZ 10025e10 f   L4D_Versus_Tool.obj
 0001:00024e40       ??__El4d_versus_tool_create_versus_config_command@@YAXXZ 10025e40 f   L4D_Versus_Tool.obj
 0001:00024e70       ??__El4d_duck_toggle_command@@YAXXZ 10025e70 f   L4D_Versus_Tool.obj
 0001:00024ea0       ??__El4d_reload_toggle_command@@YAXXZ 10025ea0 f   L4D_Versus_Tool.obj
 0001:00024ed0       ??__El4d_print_server_entitys_command@@YAXXZ 10025ed0 f   L4D_Versus_Tool.obj
 0001:00024f00       ??__El4d_remove_edict_command@@YAXXZ 10025f00 f   L4D_Versus_Tool.obj
 0001:00024f30       ??__El4d_remove_edicts_by_name_command@@YAXXZ 10025f30 f   L4D_Versus_Tool.obj
 0001:00024f60       ??__El4d_print_client_entitys_command@@YAXXZ 10025f60 f   L4D_Versus_Tool.obj
 0001:00024f90       ??__El4d_print_client_class_recvtable_command@@YAXXZ 10025f90 f   L4D_Versus_Tool.obj
 0001:00024fc0       ??__El4d_print_server_class_sendtable_command@@YAXXZ 10025fc0 f   L4D_Versus_Tool.obj
 0001:00024ff0       ??__El4d_get_server_classes_command@@YAXXZ 10025ff0 f   L4D_Versus_Tool.obj
 0001:00025020       ??__El4d_zombie_kill_stats_command@@YAXXZ 10026020 f   L4D_Versus_Tool.obj
 0001:00025050       ??__El4d_spawn_entity_by_name_command@@YAXXZ 10026050 f   L4D_Versus_Tool.obj
 0001:00025080       ??__El4d_main_thread_terminate_command@@YAXXZ 10026080 f   L4D_Versus_Tool.obj
 0001:000250b0       ??__El4d_main_thread_start_command@@YAXXZ 100260b0 f   L4D_Versus_Tool.obj
 0001:000250e0       ??__El4d_mat_wallhack_command@@YAXXZ 100260e0 f   L4D_Versus_Tool.obj
 0001:00025110       ??__El4d_get_owner_aim_ent_id_command@@YAXXZ 10026110 f   L4D_Versus_Tool.obj
 0001:00025140       ??__El4d_ent_is_visible_command@@YAXXZ 10026140 f   L4D_Versus_Tool.obj
 0001:00025170       ??__El4d_get_owner_aim_pos_command@@YAXXZ 10026170 f   L4D_Versus_Tool.obj
 0001:000251a0       ??__El4d_test_command@@YAXXZ 100261a0 f   L4D_Versus_Tool.obj
 0001:000251d0       ??__Es_EmptyConVar@@YAXXZ  100261d0 f   tier1:convar.obj
 0001:000251f0       ??__Es_StringCharConversion@@YAXXZ 100261f0 f   tier1:utlbuffer.obj
 0001:00025250       ??__Es_NoEscConversion@@YAXXZ 10026250 f   tier1:utlbuffer.obj
 0001:00025280       ??__FAutoRecordDemoMp@@YAXXZ 10026280 f   L4D_Versus_Tool.obj
 0001:00025290       ??__FAutoRecordDemoSp@@YAXXZ 10026290 f   L4D_Versus_Tool.obj
 0001:000252a0       ??__FSetHudColor_r@@YAXXZ  100262a0 f   L4D_Versus_Tool.obj
 0001:000252b0       ??__FSetHudColor_g@@YAXXZ  100262b0 f   L4D_Versus_Tool.obj
 0001:000252c0       ??__FSetHudColor_b@@YAXXZ  100262c0 f   L4D_Versus_Tool.obj
 0001:000252d0       ??__FSetHudTime_t@@YAXXZ   100262d0 f   L4D_Versus_Tool.obj
 0001:000252e0       ??__FL4DEspPZAlpha@@YAXXZ  100262e0 f   L4D_Versus_Tool.obj
 0001:000252f0       ??__FL4DEspPZ@@YAXXZ       100262f0 f   L4D_Versus_Tool.obj
 0001:00025300       ??__FL4DEspInfected@@YAXXZ 10026300 f   L4D_Versus_Tool.obj
 0001:00025310       ??__FL4DHunterDistanceMeter@@YAXXZ 10026310 f   L4D_Versus_Tool.obj
 0001:00025320       ??__FL4DHunterDistanceMeterAngle@@YAXXZ 10026320 f   L4D_Versus_Tool.obj
 0001:00025330       ??__FDrawBones@@YAXXZ      10026330 f   L4D_Versus_Tool.obj
 0001:00025340       ??__FDrawPZGlow@@YAXXZ     10026340 f   L4D_Versus_Tool.obj
 0001:00025350       ??__FDrawViewLine@@YAXXZ   10026350 f   L4D_Versus_Tool.obj
 0001:00025360       ??__FL4DAimBotPZ@@YAXXZ    10026360 f   L4D_Versus_Tool.obj
 0001:00025370       ??__FL4DAimBotPZTargetBone@@YAXXZ 10026370 f   L4D_Versus_Tool.obj
 0001:00025380       ??__FL4DAimBotPZUseKey@@YAXXZ 10026380 f   L4D_Versus_Tool.obj
 0001:00025390       ??__FL4DAimBotPZBreakKey@@YAXXZ 10026390 f   L4D_Versus_Tool.obj
 0001:000253a0       ??__FL4DAimBotPZRadius@@YAXXZ 100263a0 f   L4D_Versus_Tool.obj
 0001:000253b0       ??__FL4DAimBotInfected@@YAXXZ 100263b0 f   L4D_Versus_Tool.obj
 0001:000253c0       ??__FL4DAimBotInfectedTargetBone@@YAXXZ 100263c0 f   L4D_Versus_Tool.obj
 0001:000253d0       ??__FL4DAimBotInfectedRadius@@YAXXZ 100263d0 f   L4D_Versus_Tool.obj
 0001:000253e0       ??__FL4DAimBotInfectedOverlayMode@@YAXXZ 100263e0 f   L4D_Versus_Tool.obj
 0001:000253f0       ??__FL4DAimBotInfected_CompensationX@@YAXXZ 100263f0 f   L4D_Versus_Tool.obj
 0001:00025400       ??__FL4DAimBotInfected_CompensationY@@YAXXZ 10026400 f   L4D_Versus_Tool.obj
 0001:00025410       ??__FL4DAimBotInfected_CompensationZ@@YAXXZ 10026410 f   L4D_Versus_Tool.obj
 0001:00025420       ??__FL4DDrawRay@@YAXXZ     10026420 f   L4D_Versus_Tool.obj
 0001:00025430       ??__FDebugGameEvents@@YAXXZ 10026430 f   L4D_Versus_Tool.obj
 0001:00025440       ??__FListenChat@@YAXXZ     10026440 f   L4D_Versus_Tool.obj
 0001:00025450       ??__FKillCounter@@YAXXZ    10026450 f   L4D_Versus_Tool.obj
 0001:00025460       ??__FL4DBhop@@YAXXZ        10026460 f   L4D_Versus_Tool.obj
 0001:00025470       ??__FThreadRate@@YAXXZ     10026470 f   L4D_Versus_Tool.obj
 0001:00025480       ??__FShowItems@@YAXXZ      10026480 f   L4D_Versus_Tool.obj
 0001:00025490       ??__FShowPlayersHealth@@YAXXZ 10026490 f   L4D_Versus_Tool.obj
 0001:000254a0       ??__FTankHelpers@@YAXXZ    100264a0 f   L4D_Versus_Tool.obj
 0001:000254b0       ??__FL4DTest2@@YAXXZ       100264b0 f   L4D_Versus_Tool.obj
 0001:000254c0       ??__Fl4d_show_interfaces_command@@YAXXZ 100264c0 f   L4D_Versus_Tool.obj
 0001:000254d0       ??__Fl4d_versus_tool_version_command@@YAXXZ 100264d0 f   L4D_Versus_Tool.obj
 0001:000254e0       ??__Fl4d_thirdperson_command@@YAXXZ 100264e0 f   L4D_Versus_Tool.obj
 0001:000254f0       ??__Fl4d_thirdpersonshoulder_command@@YAXXZ 100264f0 f   L4D_Versus_Tool.obj
 0001:00025500       ??__Fl4d_z_view_distance_command@@YAXXZ 10026500 f   L4D_Versus_Tool.obj
 0001:00025510       ??__Fl4d_mat_postprocess_enable_command@@YAXXZ 10026510 f   L4D_Versus_Tool.obj
 0001:00025520       ??__Fl4d_r_drawothermodels_command@@YAXXZ 10026520 f   L4D_Versus_Tool.obj
 0001:00025530       ??__Fl4d_r_drawstaticprops_command@@YAXXZ 10026530 f   L4D_Versus_Tool.obj
 0001:00025540       ??__Fl4d_r_drawworld_command@@YAXXZ 10026540 f   L4D_Versus_Tool.obj
 0001:00025550       ??__Fl4d_r_drawclipbrushes_command@@YAXXZ 10026550 f   L4D_Versus_Tool.obj
 0001:00025560       ??__Fl4d_showtriggers_toggle_command@@YAXXZ 10026560 f   L4D_Versus_Tool.obj
 0001:00025570       ??__Fl4d_mat_wireframe_command@@YAXXZ 10026570 f   L4D_Versus_Tool.obj
 0001:00025580       ??__Fl4d_cl_viewmodelfovsurvivor_command@@YAXXZ 10026580 f   L4D_Versus_Tool.obj
 0001:00025590       ??__Fl4d_cl_viewmodelfovboomer_command@@YAXXZ 10026590 f   L4D_Versus_Tool.obj
 0001:000255a0       ??__Fl4d_cl_viewmodelfovhunter_command@@YAXXZ 100265a0 f   L4D_Versus_Tool.obj
 0001:000255b0       ??__Fl4d_cl_viewmodelfovsmoker_command@@YAXXZ 100265b0 f   L4D_Versus_Tool.obj
 0001:000255c0       ??__Fl4d_cl_viewmodelfovtank_command@@YAXXZ 100265c0 f   L4D_Versus_Tool.obj
 0001:000255d0       ??__Fl4d_versus_tool_unload_command@@YAXXZ 100265d0 f   L4D_Versus_Tool.obj
 0001:000255e0       ??__Fl4d_versu_tool_l4d_cvarlist_command@@YAXXZ 100265e0 f   L4D_Versus_Tool.obj
 0001:000255f0       ??__Fl4d_unlock_cvars_command@@YAXXZ 100265f0 f   L4D_Versus_Tool.obj
 0001:00025600       ??__Fl4d_record_demo_command@@YAXXZ 10026600 f   L4D_Versus_Tool.obj
 0001:00025610       ??__Fl4d_host_timescale_command@@YAXXZ 10026610 f   L4D_Versus_Tool.obj
 0001:00025620       ??__Fl4d_survivor_upgrades_command@@YAXXZ 10026620 f   L4D_Versus_Tool.obj
 0001:00025630       ??__Fl4d_sv_gravity_command@@YAXXZ 10026630 f   L4D_Versus_Tool.obj
 0001:00025640       ??__Fl4d_developer_command@@YAXXZ 10026640 f   L4D_Versus_Tool.obj
 0001:00025650       ??__Fl4d_sv_friction_command@@YAXXZ 10026650 f   L4D_Versus_Tool.obj
 0001:00025660       ??__Fl4d_vcollide_wireframe_command@@YAXXZ 10026660 f   L4D_Versus_Tool.obj
 0001:00025670       ??__Fl4d_versus_tool_write_autoexec_command@@YAXXZ 10026670 f   L4D_Versus_Tool.obj
 0001:00025680       ??__Fl4d_slow_motion_command@@YAXXZ 10026680 f   L4D_Versus_Tool.obj
 0001:00025690       ??__Fl4d_versus_tool_create_versus_config_command@@YAXXZ 10026690 f   L4D_Versus_Tool.obj
 0001:000256a0       ??__Fl4d_duck_toggle_command@@YAXXZ 100266a0 f   L4D_Versus_Tool.obj
 0001:000256b0       ??__Fl4d_reload_toggle_command@@YAXXZ 100266b0 f   L4D_Versus_Tool.obj
 0001:000256c0       ??__Fl4d_print_server_entitys_command@@YAXXZ 100266c0 f   L4D_Versus_Tool.obj
 0001:000256d0       ??__Fl4d_remove_edict_command@@YAXXZ 100266d0 f   L4D_Versus_Tool.obj
 0001:000256e0       ??__Fl4d_remove_edicts_by_name_command@@YAXXZ 100266e0 f   L4D_Versus_Tool.obj
 0001:000256f0       ??__Fl4d_print_client_entitys_command@@YAXXZ 100266f0 f   L4D_Versus_Tool.obj
 0001:00025700       ??__Fl4d_print_client_class_recvtable_command@@YAXXZ 10026700 f   L4D_Versus_Tool.obj
 0001:00025710       ??__Fl4d_print_server_class_sendtable_command@@YAXXZ 10026710 f   L4D_Versus_Tool.obj
 0001:00025720       ??__Fl4d_get_server_classes_command@@YAXXZ 10026720 f   L4D_Versus_Tool.obj
 0001:00025730       ??__Fl4d_zombie_kill_stats_command@@YAXXZ 10026730 f   L4D_Versus_Tool.obj
 0001:00025740       ??__Fl4d_spawn_entity_by_name_command@@YAXXZ 10026740 f   L4D_Versus_Tool.obj
 0001:00025750       ??__Fl4d_main_thread_terminate_command@@YAXXZ 10026750 f   L4D_Versus_Tool.obj
 0001:00025760       ??__Fl4d_main_thread_start_command@@YAXXZ 10026760 f   L4D_Versus_Tool.obj
 0001:00025770       ??__Fl4d_mat_wallhack_command@@YAXXZ 10026770 f   L4D_Versus_Tool.obj
 0001:00025780       ??__Fl4d_get_owner_aim_ent_id_command@@YAXXZ 10026780 f   L4D_Versus_Tool.obj
 0001:00025790       ??__Fl4d_ent_is_visible_command@@YAXXZ 10026790 f   L4D_Versus_Tool.obj
 0001:000257a0       ??__Fl4d_get_owner_aim_pos_command@@YAXXZ 100267a0 f   L4D_Versus_Tool.obj
 0001:000257b0       ??__Fl4d_test_command@@YAXXZ 100267b0 f   L4D_Versus_Tool.obj
 0001:000257c0       ??__Fg_L4D_VT@@YAXXZ       100267c0 f   L4D_Versus_Tool.obj
 0001:000257e0       ??__Fs_EmptyConVar@@YAXXZ  100267e0 f   tier1:convar.obj
 0001:0002581b       ??__Fnomem@?5???2@YAPAXI@Z@YAXXZ 1002681b f   LIBCMT:new.obj
