 L4D_Versus_Tool

 Timestamp is 570a85f1 (Sun Apr 10 18:57:21 2016)

 Preferred load address is 10000000

 Start         Length     Name                   Class
 0001:00000000 000216e7H .text                   CODE
 0001:000216f0 00000025H .text$x                 CODE
 0001:00021720 00001183H .text$yc                CODE
 0001:000228b0 000005ffH .text$yd                CODE
 0002:00000000 00000184H .idata$5                DATA
 0002:00000184 00000004H .CRT$XCA                DATA
 0002:00000188 00000178H .CRT$XCU                DATA
 0002:00000300 00000004H .CRT$XCZ                DATA
 0002:00000304 00000004H .CRT$XIA                DATA
 0002:00000308 00000014H .CRT$XIC                DATA
 0002:0000031c 00000004H .CRT$XIZ                DATA
 0002:00000320 00000004H .CRT$XPA                DATA
 0002:00000324 00000004H .CRT$XPX                DATA
 0002:00000328 00000004H .CRT$XPXA               DATA
 0002:0000032c 00000004H .CRT$XPZ                DATA
 0002:00000330 00000004H .CRT$XTA                DATA
 0002:00000334 00000004H .CRT$XTZ                DATA
 0002:00000340 0000c3a0H .rdata                  DATA
 0002:0000c6e0 0000008fH .rdata$debug            DATA
 0002:0000c770 00000634H .rdata$r                DATA
 0002:0000cdb0 0000001cH .rdata$sxdata           DATA
 0002:0000cdcc 00000004H .rtc$IAA                DATA
 0002:0000cdd0 00000004H .rtc$IZZ                DATA
 0002:0000cdd4 00000004H .rtc$TAA                DATA
 0002:0000cdd8 00000004H .rtc$TZZ                DATA
 0002:0000cde0 000006d4H .xdata$x                DATA
 0002:0000d4b4 00000078H .idata$2                DATA
 0002:0000d52c 00000014H .idata$3                DATA
 0002:0000d540 00000184H .idata$4                DATA
 0002:0000d6c4 000006c2H .idata$6                DATA
 0002:0000dd90 00000077H .edata                  DATA
 0003:00000000 00001d20H .data                   DATA
 0003:00001d20 0000e6acH .bss                    DATA

  Address         Publics by Value              Rva+Base       Lib:Object

 0000:00000000       __except_list              00000000     <absolute>
 0000:00000007       ___safe_se_handler_count   00000007     <absolute>
 0000:00000000       ___ImageBase               10000000     <linker-defined>
 0001:00000000       ?SinCos@@YAXMPAM0@Z        10001000 f i L4D_Versus_Tool.obj
 0001:00000020       ?Init@Ray_t@@QAEXABVVector@@0@Z 10001020 f i L4D_Versus_Tool.obj
 0001:000000b0       ?ArgS@CCommand@@QBEPBDXZ   100010b0 f i L4D_Versus_Tool.obj
 0001:000000d0       ?Arg@CCommand@@QBEPBDH@Z   100010d0 f i L4D_Versus_Tool.obj
 0001:00000100       ??1bad_alloc@std@@UAE@XZ   10001100 f i L4D_Versus_Tool.obj
 0001:00000110       ??_Gbad_alloc@std@@UAEPAXI@Z 10001110 f i L4D_Versus_Tool.obj
 0001:00000110       ??_Ebad_alloc@std@@UAEPAXI@Z 10001110 f i L4D_Versus_Tool.obj
 0001:00000140       ?compare@?$char_traits@D@std@@SAHPBD0I@Z 10001140 f i L4D_Versus_Tool.obj
 0001:000001c0       ?FindPattern@@YAKPBDPAD1@Z 100011c0 f   L4D_Versus_Tool.obj
 0001:00000260       ??_GIGameEventListener@@UAEPAXI@Z 10001260 f i L4D_Versus_Tool.obj
 0001:00000260       ??_EIGameEventListener@@UAEPAXI@Z 10001260 f i L4D_Versus_Tool.obj
 0001:00000290       ?PluginUnload@@YAXXZ       10001290 f   L4D_Versus_Tool.obj
 0001:00000360       ?ZombieCounter@@YAX_N00@Z  10001360 f   L4D_Versus_Tool.obj
 0001:00000500       ?Draw_PZTank_HealthBar@@YAXHHHHHHHH@Z 10001500 f   L4D_Versus_Tool.obj
 0001:000009a0       ?GetOwnerPos@@YA?AVVector@@XZ 100019a0 f   L4D_Versus_Tool.obj
 0001:000009f0       ?Circle@@YAXABVVector@@00MHHHH_NM@Z 100019f0 f   L4D_Versus_Tool.obj
 0001:00000b70       ?GetCommandIndex@L4D_VT@@UAEHXZ 10001b70 f i L4D_Versus_Tool.obj
 0001:00000b80       ?Unload@L4D_VT@@UAEXXZ     10001b80 f   L4D_Versus_Tool.obj
 0001:00000bc0       ?Pause@L4D_VT@@UAEXXZ      10001bc0 f   L4D_Versus_Tool.obj
 0001:00000bc0       ?UnPause@L4D_VT@@UAEXXZ    10001bc0 f   L4D_Versus_Tool.obj
 0001:00000bd0       ?GetPluginDescription@L4D_VT@@UAEPBDXZ 10001bd0 f   L4D_Versus_Tool.obj
 0001:00000be0       ?ServerActivate@L4D_VT@@UAEXPAUedict_t@@HH@Z 10001be0 f   L4D_Versus_Tool.obj
 0001:00000bf0       ?LevelShutdown@L4D_VT@@UAEXXZ 10001bf0 f   L4D_Versus_Tool.obj
 0001:00000cb0       ?ClientPutInServer@L4D_VT@@UAEXPAUedict_t@@PBD@Z 10001cb0 f   L4D_Versus_Tool.obj
 0001:00000cc0       ?SetCommandClient@L4D_VT@@UAEXH@Z 10001cc0 f   L4D_Versus_Tool.obj
 0001:00000cd0       ?ClientDisconnect@L4D_VT@@UAEXPAUedict_t@@@Z 10001cd0 f   L4D_Versus_Tool.obj
 0001:00000cd0       ?SetValue@CEmptyConVar@@UAEXPBD@Z 10001cd0 f   tier1:convar.obj
 0001:00000cd0       ?SetValue@CEmptyConVar@@UAEXM@Z 10001cd0 f   tier1:convar.obj
 0001:00000cd0       ?SetValue@CEmptyConVar@@UAEXH@Z 10001cd0 f   tier1:convar.obj
 0001:00000cd0       ?ClientSettingsChanged@L4D_VT@@UAEXPAUedict_t@@@Z 10001cd0 f   L4D_Versus_Tool.obj
 0001:00000cd0       ?GameFrame@L4D_VT@@UAEX_N@Z 10001cd0 f   L4D_Versus_Tool.obj
 0001:00000cd0       ?LevelInit@L4D_VT@@UAEXPBD@Z 10001cd0 f   L4D_Versus_Tool.obj
 0001:00000cd0       ?ClientActive@L4D_VT@@UAEXPAUedict_t@@@Z 10001cd0 f   L4D_Versus_Tool.obj
 0001:00000ce0       ?ClientConnect@L4D_VT@@UAE?AW4PLUGIN_RESULT@@PA_NPAUedict_t@@PBD2PADH@Z 10001ce0 f   L4D_Versus_Tool.obj
 0001:00000cf0       ?NetworkIDValidated@L4D_VT@@UAE?AW4PLUGIN_RESULT@@PBD0@Z 10001cf0 f   L4D_Versus_Tool.obj
 0001:00000cf0       ?ClientCommand@L4D_VT@@UAE?AW4PLUGIN_RESULT@@PAUedict_t@@ABVCCommand@@@Z 10001cf0 f   L4D_Versus_Tool.obj
 0001:00000d00       ?OnQueryCvarValueFinished@L4D_VT@@UAEXHPAUedict_t@@W4EQueryCvarValueStatus@@PBD2@Z 10001d00 f   L4D_Versus_Tool.obj
 0001:000034b0       ??0bad_alloc@std@@QAE@ABV01@@Z 100044b0 f i L4D_Versus_Tool.obj
 0001:000034d0       ?L4D_VT_MainThread@@YGKPAX@Z 100044d0 f   L4D_Versus_Tool.obj
 0001:000083e0       ?L4D_Drawing_Thread@@YGKPAX@Z 100093e0 f   L4D_Versus_Tool.obj
 0001:000083f0       ??_EL4D_VT@@W3AEPAXI@Z     100093f0 f i L4D_Versus_Tool.obj
 0001:00008400       ??_EL4D_VT@@UAEPAXI@Z      10009400 f i L4D_Versus_Tool.obj
 0001:00008400       ??_GL4D_VT@@UAEPAXI@Z      10009400 f i L4D_Versus_Tool.obj
 0001:00008430       ?Load@L4D_VT@@UAE_NP6APAXPBDPAH@Z2@Z 10009430 f   L4D_Versus_Tool.obj
 0001:00008f00       ?DumpClass_Client@@YAXPAVClientClass@@PAVRecvTable@@@Z 10009f00 f   L4D_Versus_Tool.obj
 0001:00008fd0       ?DumpClass_Server@@YAXPAVServerClass@@PAVSendTable@@@Z 10009fd0 f   L4D_Versus_Tool.obj
 0001:00009ab0       ?find@?$basic_string@DU?$char_traits@D@std@@V?$allocator@D@2@@std@@QBEIPBDII@Z 1000aab0 f i L4D_Versus_Tool.obj
 0001:00009b60       ?erase@?$basic_string@DU?$char_traits@D@std@@V?$allocator@D@2@@std@@QAEAAV12@II@Z 1000ab60 f i L4D_Versus_Tool.obj
 0001:00009bf0       ?allocate@?$allocator@D@std@@QAEPADI@Z 1000abf0 f i L4D_Versus_Tool.obj
 0001:00009c40       ?_Copy@?$basic_string@DU?$char_traits@D@std@@V?$allocator@D@2@@std@@QAEXII@Z 1000ac40 f i L4D_Versus_Tool.obj
 0001:00009d80       ?_Grow@?$basic_string@DU?$char_traits@D@std@@V?$allocator@D@2@@std@@QAE_NI_N@Z 1000ad80 f i L4D_Versus_Tool.obj
 0001:00009e30       ?assign@?$basic_string@DU?$char_traits@D@std@@V?$allocator@D@2@@std@@QAEAAV12@ABV12@II@Z 1000ae30 f i L4D_Versus_Tool.obj
 0001:00009f20       ?append@?$basic_string@DU?$char_traits@D@std@@V?$allocator@D@2@@std@@QAEAAV12@ABV12@II@Z 1000af20 f i L4D_Versus_Tool.obj
 0001:0000a010       ?append@?$basic_string@DU?$char_traits@D@std@@V?$allocator@D@2@@std@@QAEAAV12@PBDI@Z 1000b010 f i L4D_Versus_Tool.obj
 0001:0000a130       ?assign@?$basic_string@DU?$char_traits@D@std@@V?$allocator@D@2@@std@@QAEAAV12@PBDI@Z 1000b130 f i L4D_Versus_Tool.obj
 0001:0000a230       ?replace@?$basic_string@DU?$char_traits@D@std@@V?$allocator@D@2@@std@@QAEAAV12@IIABV12@II@Z 1000b230 f i L4D_Versus_Tool.obj
 0001:0000a550       ?replace@?$basic_string@DU?$char_traits@D@std@@V?$allocator@D@2@@std@@QAEAAV12@IIPBDI@Z 1000b550 f i L4D_Versus_Tool.obj
 0001:0000a720       ?assign@?$basic_string@DU?$char_traits@D@std@@V?$allocator@D@2@@std@@QAEAAV12@$$QAV12@@Z 1000b720 f i L4D_Versus_Tool.obj
 0001:0000a7a0       ??$?HDU?$char_traits@D@std@@V?$allocator@D@1@@std@@YA?AV?$basic_string@DU?$char_traits@D@std@@V?$allocator@D@2@@0@ABV10@0@Z 1000b7a0 f i L4D_Versus_Tool.obj
 0001:0000a820       ??$?HDU?$char_traits@D@std@@V?$allocator@D@1@@std@@YA?AV?$basic_string@DU?$char_traits@D@std@@V?$allocator@D@2@@0@PBDABV10@@Z 1000b820 f i L4D_Versus_Tool.obj
 0001:0000a8b0       ?RecordDemo@@YAXXZ         1000b8b0 f   L4D_Versus_Tool.obj
 0001:0000ae50       ?FireGameEvent@L4D_VT@@UAEXPAVKeyValues@@@Z 1000be50 f   L4D_Versus_Tool.obj
 0001:0000bae0       _cosf                      1000cae0 f i mathlib:mathlib_base.obj
 0001:0000baf0       ?_sqrtf@@YAMM@Z            1000caf0 f   mathlib:mathlib_base.obj
 0001:0000bb00       ?_rsqrtf@@YAMM@Z           1000cb00 f   mathlib:mathlib_base.obj
 0001:0000bb10       ?_VectorNormalize@@YIMAAVVector@@@Z 1000cb10 f   mathlib:mathlib_base.obj
 0001:0000bb50       ?_VectorNormalizeFast@@YIXAAVVector@@@Z 1000cb50 f   mathlib:mathlib_base.obj
 0001:0000bb90       ?_InvRSquared@@YAMPBM@Z    1000cb90 f   mathlib:mathlib_base.obj
 0001:0000bbc0       ?MatrixAngles@@YAXABUmatrix3x4_t@@PAM@Z 1000cbc0 f   mathlib:mathlib_base.obj
 0001:0000bc70       ?MatrixGetColumn@@YAXABUmatrix3x4_t@@HAAVVector@@@Z 1000cc70 f   mathlib:mathlib_base.obj
 0001:0000bc90       ?AngleVectors@@YAXABVQAngle@@PAVVector@@@Z 1000cc90 f   mathlib:mathlib_base.obj
 0001:0000bd20       ?VectorAngles@@YAXABVVector@@AAVQAngle@@@Z 1000cd20 f   mathlib:mathlib_base.obj
 0001:0000be00       ?AngleMatrix@@YAXABVQAngle@@AAUmatrix3x4_t@@@Z 1000ce00 f   mathlib:mathlib_base.obj
 0001:0000bf20       ?AngleMatrix@@YAXABVQAngle@@ABVVector@@AAUmatrix3x4_t@@@Z 1000cf20 f   mathlib:mathlib_base.obj
 0001:0000bf50       ?ConnectTier1Libraries@@YAXPAP6APAXPBDPAH@ZH@Z 1000cf50 f   tier1:tier1.obj
 0001:0000bfc0       ?DisconnectTier1Libraries@@YAXXZ 1000cfc0 f   tier1:tier1.obj
 0001:0000bfe0       ?ConVar_Register@@YAXHPAVIConCommandBaseAccessor@@@Z 1000cfe0 f   tier1:convar.obj
 0001:0000c070       ?ConVar_Unregister@@YAXXZ  1000d070 f   tier1:convar.obj
 0001:0000c0b0       ?GetDLLIdentifier@ConCommandBase@@UBEHXZ 1000d0b0 f   tier1:convar.obj
 0001:0000c0c0       ?Create@ConCommandBase@@MAEXPBD0H@Z 1000d0c0 f   tier1:convar.obj
 0001:0000c110       ?Init@ConCommandBase@@MAEXXZ 1000d110 f   tier1:convar.obj
 0001:0000c110       ?Init@ConVar@@UAEXXZ       1000d110 f   tier1:convar.obj
 0001:0000c130       ?GetName@ConCommandBase@@UBEPBDXZ 1000d130 f   tier1:convar.obj
 0001:0000c140       ?IsFlagSet@ConCommandBase@@UBE_NH@Z 1000d140 f   tier1:convar.obj
 0001:0000c150       ?AddFlags@ConCommandBase@@UAEXH@Z 1000d150 f   tier1:convar.obj
 0001:0000c160       ?RemoveFlags@ConCommandBase@@UAEXH@Z 1000d160 f   tier1:convar.obj
 0001:0000c170       ?GetFlags@ConCommandBase@@UBEHXZ 1000d170 f   tier1:convar.obj
 0001:0000c180       ?GetHelpText@ConCommandBase@@UBEPBDXZ 1000d180 f   tier1:convar.obj
 0001:0000c190       ?IsRegistered@ConCommandBase@@UBE_NXZ 1000d190 f   tier1:convar.obj
 0001:0000c1a0       ??0ConCommand@@QAE@PBDP6AXABVCCommand@@@Z0HP6AH0QAY0EA@D@Z@Z 1000d1a0 f   tier1:convar.obj
 0001:0000c240       ??1ConCommand@@UAE@XZ      1000d240 f   tier1:convar.obj
 0001:0000c250       ?IsCommand@ConCommand@@UBE_NXZ 1000d250 f   tier1:convar.obj
 0001:0000c250       ?IsCommand@ConCommandBase@@UBE_NXZ 1000d250 f   tier1:convar.obj
 0001:0000c260       ?Dispatch@ConCommand@@UAEXABVCCommand@@@Z 1000d260 f   tier1:convar.obj
 0001:0000c2a0       ?CanAutoComplete@ConCommand@@UAE_NXZ 1000d2a0 f   tier1:convar.obj
 0001:0000c2b0       ??1ConVar@@UAE@XZ          1000d2b0 f   tier1:convar.obj
 0001:0000c2e0       ?IsFlagSet@ConVar@@UBE_NH@Z 1000d2e0 f   tier1:convar.obj
 0001:0000c300       ?GetHelpText@ConVar@@UBEPBDXZ 1000d300 f   tier1:convar.obj
 0001:0000c310       ?AddFlags@ConVar@@UAEXH@Z  1000d310 f   tier1:convar.obj
 0001:0000c320       ?GetFlags@ConVar@@UBEHXZ   1000d320 f   tier1:convar.obj
 0001:0000c330       ?IsRegistered@ConVar@@UBE_NXZ 1000d330 f   tier1:convar.obj
 0001:0000c340       ?GetName@ConVar@@UBEPBDXZ  1000d340 f   tier1:convar.obj
 0001:0000c350       ?IsCommand@ConVar@@UBE_NXZ 1000d350 f   tier1:convar.obj
 0001:0000c360       ?GetBaseName@ConVar@@UBEPBDXZ 1000d360 f   tier1:convar.obj
 0001:0000c370       ?DefaultCompletionFunc@@YAHPBDQAY0EA@D@Z 1000d370 f   tier1:convar.obj
 0001:0000c370       ?GetSplitScreenPlayerSlot@ConVar@@UBEHXZ 1000d370 f   tier1:convar.obj
 0001:0000c380       ?InternalSetValue@ConVar@@EAEXPBD@Z 1000d380 f   tier1:convar.obj
 0001:0000c410       ?ChangeStringValue@ConVar@@EAEXPBDM@Z 1000d410 f   tier1:convar.obj
 0001:0000c4c0       ?ClampValue@ConVar@@EAE_NAAM@Z 1000d4c0 f   tier1:convar.obj
 0001:0000c510       ?InternalSetFloatValue@ConVar@@EAEXM@Z 1000d510 f   tier1:convar.obj
 0001:0000c5a0       ?InternalSetIntValue@ConVar@@EAEXH@Z 1000d5a0 f   tier1:convar.obj
 0001:0000c620       ?Create@ConVar@@EAEXPBD0H0_NM1MP6AXPAVIConVar@@0M@Z@Z 1000d620 f   tier1:convar.obj
 0001:0000c6f0       ?SetValue@ConVar@@UAEXPBD@Z 1000d6f0 f   tier1:convar.obj
 0001:0000c700       ?SetValue@ConVar@@UAEXM@Z  1000d700 f   tier1:convar.obj
 0001:0000c720       ?SetValue@ConVar@@UAEXH@Z  1000d720 f   tier1:convar.obj
 0001:0000c730       ?IsFlagSet@ConVar@@WBI@BE_NH@Z 1000d730 f i tier1:convar.obj
 0001:0000c740       ?GetName@ConVar@@WBI@BEPBDXZ 1000d740 f i tier1:convar.obj
 0001:0000c750       ?RegisterConCommandBase@CDefaultAccessor@@UAE_NPAVConCommandBase@@@Z 1000d750 f i tier1:convar.obj
 0001:0000c770       ??_GConCommandBase@@UAEPAXI@Z 1000d770 f i tier1:convar.obj
 0001:0000c770       ??_EConCommandBase@@UAEPAXI@Z 1000d770 f i tier1:convar.obj
 0001:0000c770       ??_GConCommand@@UAEPAXI@Z  1000d770 f i tier1:convar.obj
 0001:0000c770       ??_EConCommand@@UAEPAXI@Z  1000d770 f i tier1:convar.obj
 0001:0000c7a0       ??0ConVar@@QAE@PBD0H0@Z    1000d7a0 f   tier1:convar.obj
 0001:0000c800       ??0CEmptyConVar@@QAE@XZ    1000d800 f i tier1:convar.obj
 0001:0000c8d0       ?GetName@CEmptyConVar@@UBEPBDXZ 1000d8d0 f i tier1:convar.obj
 0001:0000c8e0       ?IsFlagSet@CEmptyConVar@@UBE_NH@Z 1000d8e0 f i tier1:convar.obj
 0001:0000c8f0       ?GetName@CEmptyConVar@@WBI@BEPBDXZ 1000d8f0 f i tier1:convar.obj
 0001:0000c900       ?IsFlagSet@CEmptyConVar@@WBI@BE_NH@Z 1000d900 f i tier1:convar.obj
 0001:0000c910       ??_GCEmptyConVar@@UAEPAXI@Z 1000d910 f i tier1:convar.obj
 0001:0000c910       ??_GConVar@@UAEPAXI@Z      1000d910 f i tier1:convar.obj
 0001:0000c910       ??_EConVar@@UAEPAXI@Z      1000d910 f i tier1:convar.obj
 0001:0000c910       ??_ECEmptyConVar@@UAEPAXI@Z 1000d910 f i tier1:convar.obj
 0001:0000c960       ?Grow@?$CUtlMemory@VCUtlString@@H@@QAEXH@Z 1000d960 f i tier1:convar.obj
 0001:0000ca10       ?AutoCompleteSuggest@ConCommand@@UAEHPBDAAV?$CUtlVector@VCUtlString@@V?$CUtlMemory@VCUtlString@@H@@@@@Z 1000da10 f   tier1:convar.obj
 0001:0000cb30       ?GetName@KeyValues@@QBEPBDXZ 1000db30 f   tier1:KeyValues.obj
 0001:0000cb50       ??0KeyValues@@QAE@PBD@Z    1000db50 f   tier1:KeyValues.obj
 0001:0000cba0       ?FindKey@KeyValues@@QAEPAV1@PBD_N@Z 1000dba0 f   tier1:KeyValues.obj
 0001:0000ccc0       ?GetInt@KeyValues@@QAEHPBDH@Z 1000dcc0 f   tier1:KeyValues.obj
 0001:0000cd40       ?SetString@KeyValues@@QAEXPBD0@Z 1000dd40 f   tier1:KeyValues.obj
 0001:0000cdb0       ?GetString@KeyValues@@QAEPBDPBD0@Z 1000ddb0 f   tier1:KeyValues.obj
 0001:0000cef0       ??0InterfaceReg@@QAE@P6APAXXZPBD@Z 1000def0 f   tier1:interface.obj
 0001:0000cf20       _CreateInterface           1000df20 f   tier1:interface.obj
 0001:0000cf90       ?V_snprintf@@YAHPADHPBDZZ  1000df90 f   tier1:strtools.obj
 0001:0000cfe0       ?Grow@?$CUtlMemory@EH@@QAEXH@Z 1000dfe0 f i tier1:utlstring.obj
 0001:0000d090       ?Set@CUtlBinaryBlock@@QAEXPBXH@Z 1000e090 f   tier1:utlstring.obj
 0001:0000d110       ??0CUtlString@@QAE@PBD@Z   1000e110 f   tier1:utlstring.obj
 0001:0000d170       ??0CUtlString@@QAE@ABV0@@Z 1000e170 f   tier1:utlstring.obj
 0001:0000d1e0       ?FindConversion@CUtlCStringConversion@@UAEDPBDPAH@Z 1000e1e0 f   tier1:utlbuffer.obj
 0001:0000d200       ??0CUtlCharConversion@@QAE@DPBDHPAUConversionArray_t@0@@Z 1000e200 f   tier1:utlbuffer.obj
 0001:0000d2a0       ?FindConversion@CUtlCharConversion@@UAEDPBDPAH@Z 1000e2a0 f   tier1:utlbuffer.obj
 0001:0000d320       ?FindConversion@CUtlNoEscConversion@@UAEDPBDPAH@Z 1000e320 f i tier1:utlbuffer.obj
 0001:0000d340       ?ConnectTier2Libraries@@YAXPAP6APAXPBDPAH@ZH@Z 1000e340 f   tier2:tier2.obj
 0001:0000d4b0       ?DisconnectTier2Libraries@@YAXXZ 1000e4b0 f   tier2:tier2.obj
 0001:0000d4ea       ??1out_of_range@std@@UAE@XZ 1000e4ea f i libcpmt:xthrow.obj
 0001:0000d4ea       ??1length_error@std@@UAE@XZ 1000e4ea f i libcpmt:xthrow.obj
 0001:0000d4ef       ??0logic_error@std@@QAE@ABV01@@Z 1000e4ef f i libcpmt:xthrow.obj
 0001:0000d50c       ?_Xlength_error@std@@YAXPBD@Z 1000e50c f   libcpmt:xthrow.obj
 0001:0000d53c       ??0length_error@std@@QAE@ABV01@@Z 1000e53c f i libcpmt:xthrow.obj
 0001:0000d559       ?_Xout_of_range@std@@YAXPBD@Z 1000e559 f   libcpmt:xthrow.obj
 0001:0000d589       ??0out_of_range@std@@QAE@ABV01@@Z 1000e589 f i libcpmt:xthrow.obj
 0001:0000d5a6       ??_Elogic_error@std@@UAEPAXI@Z 1000e5a6 f i libcpmt:xthrow.obj
 0001:0000d5a6       ??_Eout_of_range@std@@UAEPAXI@Z 1000e5a6 f i libcpmt:xthrow.obj
 0001:0000d5a6       ??_Glength_error@std@@UAEPAXI@Z 1000e5a6 f i libcpmt:xthrow.obj
 0001:0000d5a6       ??_Elength_error@std@@UAEPAXI@Z 1000e5a6 f i libcpmt:xthrow.obj
 0001:0000d5a6       ??_Glogic_error@std@@UAEPAXI@Z 1000e5a6 f i libcpmt:xthrow.obj
 0001:0000d5a6       ??_Gout_of_range@std@@UAEPAXI@Z 1000e5a6 f i libcpmt:xthrow.obj
 0001:0000d5c8       _GetModuleInformation@16   1000e5c8 f   psapi:PSAPI.DLL
 0001:0000d5ce       __cfltcvt_init             1000e5ce f   LIBCMT:_fpinit_.obj
 0001:0000d62e       __fpmath                   1000e62e f   LIBCMT:_fpinit_.obj
 0001:0000d647       ??0exception@std@@QAE@ABQBDH@Z 1000e647 f   LIBCMT:stdexcpt.obj
 0001:0000d664       ?what@exception@std@@UBEPBDXZ 1000e664 f   LIBCMT:stdexcpt.obj
 0001:0000d671       ?_Copy_str@exception@std@@AAEXPBD@Z 1000e671 f   LIBCMT:stdexcpt.obj
 0001:0000d6b1       ?_Tidy@exception@std@@AAEXXZ 1000e6b1 f   LIBCMT:stdexcpt.obj
 0001:0000d6cf       ??0exception@std@@QAE@ABQBD@Z 1000e6cf f   LIBCMT:stdexcpt.obj
 0001:0000d6f6       ??4exception@std@@QAEAAV01@ABV01@@Z 1000e6f6 f   LIBCMT:stdexcpt.obj
 0001:0000d72b       ??1exception@std@@UAE@XZ   1000e72b f   LIBCMT:stdexcpt.obj
 0001:0000d736       ??_Gexception@std@@UAEPAXI@Z 1000e736 f i LIBCMT:stdexcpt.obj
 0001:0000d736       ??_Eexception@std@@UAEPAXI@Z 1000e736 f i LIBCMT:stdexcpt.obj
 0001:0000d75d       ??0exception@std@@QAE@ABV01@@Z 1000e75d f   LIBCMT:stdexcpt.obj
 0001:0000d782       ??1type_info@@UAE@XZ       1000e782 f   LIBCMT:typinfo.obj
 0001:0000d792       ??_Gtype_info@@UAEPAXI@Z   1000e792 f i LIBCMT:typinfo.obj
 0001:0000d792       ??_Etype_info@@UAEPAXI@Z   1000e792 f i LIBCMT:typinfo.obj
 0001:0000d7b3       ??8type_info@@QBE_NABV0@@Z 1000e7b3 f   LIBCMT:typinfo.obj
 0001:0000d7d3       ??3@YAXPAX@Z               1000e7d3 f   LIBCMT:delete.obj
 0001:0000d7e0       _memcpy                    1000e7e0 f   LIBCMT:memcpy.obj
 0001:0000db50       _memchr                    1000eb50 f   LIBCMT:memchr.obj
 0001:0000dc00       _memmove                   1000ec00 f   LIBCMT:memmove.obj
 0001:0000df61       __localtime64_s            1000ef61 f   LIBCMT:loctim64.obj
 0001:0000e1e9       __localtime64              1000f1e9 f   LIBCMT:loctim64.obj
 0001:0000e210       __time64                   1000f210 f   LIBCMT:time64.obj
 0001:0000e261       __purecall                 1000f261 f   LIBCMT:purevirt.obj
 0001:0000e290       __alloca_probe             1000f290     LIBCMT:chkstk.obj
 0001:0000e290       __chkstk                   1000f290 f   LIBCMT:chkstk.obj
 0001:0000e2c0       __ftol2_sse                1000f2c0 f   LIBCMT:ftol2.obj
 0001:0000e2c9       __ftol2_pentium4           1000f2c9 f   LIBCMT:ftol2.obj
 0001:0000e2dc       __ftol2_sse_excpt          1000f2dc f   LIBCMT:ftol2.obj
 0001:0000e2f6       __ftol2                    1000f2f6 f   LIBCMT:ftol2.obj
 0001:0000e36b       _atol                      1000f36b f   LIBCMT:atox.obj
 0001:0000e381       _atoi                      1000f381 f   LIBCMT:atox.obj
 0001:0000e38c       ??2@YAPAXI@Z               1000f38c f   LIBCMT:new.obj
 0001:0000e40c       __CxxThrowException@8      1000f40c f   LIBCMT:throw.obj
 0001:0000e458       _rand                      1000f458 f   LIBCMT:rand.obj
 0001:0000e479       __fclose_nolock            1000f479 f   LIBCMT:fclose.obj
 0001:0000e4e6       _fclose                    1000f4e6 f   LIBCMT:fclose.obj
 0001:0000e55a       _fprintf                   1000f55a f   LIBCMT:fprintf.obj
 0001:0000e666       __fsopen                   1000f666 f   LIBCMT:fopen.obj
 0001:0000e722       _fopen                     1000f722 f   LIBCMT:fopen.obj
 0001:0000e739       _sprintf                   1000f739 f   LIBCMT:sprintf.obj
 0001:0000e7bd       _remove                    1000f7bd f   LIBCMT:unlink.obj
 0001:0000e7ed       ?_JumpToContinuation@@YGXPAXPAUEHRegistrationNode@@@Z 1000f7ed f   LIBCMT:_trnsctrl_.obj
 0001:0000e81f       ?_CallMemberFunction1@@YGXPAX00@Z 1000f81f f   LIBCMT:_trnsctrl_.obj
 0001:0000e81f       ?_CallMemberFunction2@@YGXPAX00H@Z 1000f81f f   LIBCMT:_trnsctrl_.obj
 0001:0000e81f       ?_CallMemberFunction0@@YGXPAX0@Z 1000f81f f   LIBCMT:_trnsctrl_.obj
 0001:0000e826       ?_UnwindNestedFrames@@YGXPAUEHRegistrationNode@@PAUEHExceptionRecord@@@Z 1000f826 f   LIBCMT:_trnsctrl_.obj
 0001:0000e87a       ___CxxFrameHandler3        1000f87a f   LIBCMT:_trnsctrl_.obj
 0001:0000e8e3       ?_CallSETranslator@@YAHPAUEHExceptionRecord@@PAUEHRegistrationNode@@PAX2PBU_s_FuncInfo@@H1@Z 1000f8e3 f   LIBCMT:_trnsctrl_.obj
 0001:0000ea59       ?_GetRangeOfTrysToCheck@@YAPBU_s_TryBlockMapEntry@@PBU_s_FuncInfo@@HHPAI1@Z 1000fa59 f   LIBCMT:_trnsctrl_.obj
 0001:0000eacc       __CreateFrameInfo          1000facc f   LIBCMT:_trnsctrl_.obj
 0001:0000eaf8       __IsExceptionObjectToBeDestroyed 1000faf8 f   LIBCMT:_trnsctrl_.obj
 0001:0000eb1f       __FindAndUnlinkFrame       1000fb1f f   LIBCMT:_trnsctrl_.obj
 0001:0000eb71       ?_CallCatchBlock2@@YAPAXPAUEHRegistrationNode@@PBU_s_FuncInfo@@PAXHK@Z 1000fb71 f   LIBCMT:_trnsctrl_.obj
 0001:0000ebd1       ??0_LocaleUpdate@@QAE@PAUlocaleinfo_struct@@@Z 1000fbd1 f i LIBCMT:strftime.obj
 0001:0000ec58       __freea                    1000fc58 f i LIBCMT:strftime.obj
 0001:0000f525       __Strftime_l               10010525 f   LIBCMT:strftime.obj
 0001:0000f6b1       _strftime                  100106b1 f   LIBCMT:strftime.obj
 0001:0000f786       ___onexitinit              10010786 f   LIBCMT:onexit.obj
 0001:0000f7b7       __onexit                   100107b7 f   LIBCMT:onexit.obj
 0001:0000f7f3       _atexit                    100107f3 f   LIBCMT:onexit.obj
 0001:0000f80a       __CRT_INIT@12              1001080a f   LIBCMT:dllcrt0.obj
 0001:0000fa64       __DllMainCRTStartup@12     10010a64 f   LIBCMT:dllcrt0.obj
 0001:0000fa90       _acos                      10010a90 f   LIBCMT:_acos_.obj
 0001:0000fad0       __CIacos                   10010ad0 f   LIBCMT:_acos_.obj
 0001:0000fb0b       __CIacos_default           10010b0b f   LIBCMT:_acos_.obj
 0001:0000fb1f       __acos_default             10010b1f     LIBCMT:_acos_.obj
 0001:0000fbe0       _asin                      10010be0 f   LIBCMT:_asin_.obj
 0001:0000fc20       __CIasin                   10010c20 f   LIBCMT:_asin_.obj
 0001:0000fc5b       __CIasin_default           10010c5b f   LIBCMT:_asin_.obj
 0001:0000fc6f       __asin_default             10010c6f     LIBCMT:_asin_.obj
 0001:0000fd30       _fmod                      10010d30 f   LIBCMT:_87fmod_.obj
 0001:0000fd3a       __CIfmod                   10010d3a f   LIBCMT:_87fmod_.obj
 0001:0000fd60       _pow                       10010d60 f   LIBCMT:_pow_.obj
 0001:0000fda0       __CIpow                    10010da0 f   LIBCMT:_pow_.obj
 0001:0000fddb       __CIpow_default            10010ddb f   LIBCMT:_pow_.obj
 0001:0000fdf4       __pow_default              10010df4     LIBCMT:_pow_.obj
 0001:0000fff0       _floor                     10010ff0 f   LIBCMT:_floor_pentium4_.obj
 0001:00010030       __floor_pentium4           10011030 f   LIBCMT:_floor_pentium4_.obj
 0001:00010120       _memset                    10011120 f   LIBCMT:memset.obj
 0001:000101a0       __alloca_probe_16          100111a0 f   LIBCMT:alloca16.obj
 0001:000101b6       __alloca_probe_8           100111b6     LIBCMT:alloca16.obj
 0001:000101cc       __atof_l                   100111cc f   LIBCMT:atof.obj
 0001:00010277       _atof                      10011277 f   LIBCMT:atof.obj
 0001:000102a0       _strchr                    100112a0 f   LIBCMT:strchr.obj
 0001:000102a6       ___from_strstr_to_strchr   100112a6     LIBCMT:strchr.obj
 0001:0001035e       __isdigit_l                1001135e f i LIBCMT:_ctype.obj
 0001:000103af       _isdigit                   100113af f i LIBCMT:_ctype.obj
 0001:000103dd       __wtol                     100113dd f   LIBCMT:wtox.obj
 0001:000103f3       __wtoi                     100113f3 f   LIBCMT:wtox.obj
 0001:00010629       _strtol                    10011629 f   LIBCMT:strtol.obj
 0001:00010660       _strncpy                   10011660 f   LIBCMT:strncpy.obj
 0001:00010790       _strstr                    10011790 f   LIBCMT:strstr.obj
 0001:00010816       __tolower_l                10011816 f   LIBCMT:tolower.obj
 0001:0001092b       _tolower                   1001192b f   LIBCMT:tolower.obj
 0001:00010960       _strncat                   10011960 f   LIBCMT:strncat.obj
 0001:00010a95       __vsnprintf_l              10011a95 f   LIBCMT:vsnprint.obj
 0001:00010b41       __vsnprintf                10011b41 f   LIBCMT:vsnprint.obj
 0001:00010b60       __allmul                   10011b60 f   LIBCMT:llmul.obj
 0001:00010ba0       __allrem                   10011ba0 f   LIBCMT:llrem.obj
 0001:00010c60       __alldiv                   10011c60 f   LIBCMT:lldiv.obj
 0001:00010d0a       __forcdecpt_l              10011d0a f   LIBCMT:cvt.obj
 0001:00010d7e       __cropzeros_l              10011d7e f   LIBCMT:cvt.obj
 0001:00010e00       __positive                 10011e00 f   LIBCMT:cvt.obj
 0001:00010e1c       __fassign_l                10011e1c f   LIBCMT:cvt.obj
 0001:00010e5e       __fassign                  10011e5e f   LIBCMT:cvt.obj
 0001:00010e97       __forcdecpt                10011e97 f   LIBCMT:cvt.obj
 0001:00010eaa       __cropzeros                10011eaa f   LIBCMT:cvt.obj
 0001:0001101e       __cftoe_l                  1001201e f   LIBCMT:cvt.obj
 0001:000110e5       __cftoe                    100120e5 f   LIBCMT:cvt.obj
 0001:00011105       __cftoa_l                  10012105 f   LIBCMT:cvt.obj
 0001:0001157e       __cftof_l                  1001257e f   LIBCMT:cvt.obj
 0001:0001163f       __cftog_l                  1001263f f   LIBCMT:cvt.obj
 0001:0001172c       __cfltcvt_l                1001272c f   LIBCMT:cvt.obj
 0001:000117b4       __cfltcvt                  100127b4 f   LIBCMT:cvt.obj
 0001:000117d7       __initp_misc_cfltcvt_tab   100127d7 f   LIBCMT:cmiscdat.obj
 0001:000117fa       __setdefaultprecision      100127fa f   LIBCMT:fp8.obj
 0001:00011822       _strcpy_s                  10012822 f   LIBCMT:strcpy_s.obj
 0001:00011881       _malloc                    10012881 f   LIBCMT:malloc.obj
 0001:00011920       _strlen                    10012920 f   LIBCMT:strlen.obj
 0001:000119ab       _free                      100129ab f   LIBCMT:free.obj
 0001:000119e5       ?_Type_info_dtor@type_info@@CAXPAV1@@Z 100129e5 f   LIBCMT:typname.obj
 0001:00011a60       _strcmp                    10012a60 f   LIBCMT:strcmp.obj
 0001:00011ae8       __VEC_memcpy               10012ae8 f   LIBCMT:p4_memcpy.obj
 0001:00011beb       ___sse2_available_init     10012beb f   LIBCMT:cpu_disp.obj
 0001:00011bfb       __initp_misc_invarg        10012bfb f   LIBCMT:invarg.obj
 0001:00011c0a       __call_reportfault         10012c0a f   LIBCMT:invarg.obj
 0001:00011d33       __invoke_watson            10012d33 f   LIBCMT:invarg.obj
 0001:00011d58       __invalid_parameter        10012d58 f   LIBCMT:invarg.obj
 0001:00011d85       __invalid_parameter_noinfo 10012d85 f   LIBCMT:invarg.obj
 0001:00012476       ___tzset                   10013476 f   LIBCMT:tzset.obj
 0001:000124c5       __isindst                  100134c5 f   LIBCMT:tzset.obj
 0001:00012506       __gmtime64_s               10013506 f   LIBCMT:gmtime64.obj
 0001:0001273f       __get_daylight             1001373f f   LIBCMT:timeset.obj
 0001:0001276c       __get_dstbias              1001376c f   LIBCMT:timeset.obj
 0001:00012799       __get_timezone             10013799 f   LIBCMT:timeset.obj
 0001:000127c6       ___daylight                100137c6 f   LIBCMT:timeset.obj
 0001:000127cc       ___dstbias                 100137cc f   LIBCMT:timeset.obj
 0001:000127d2       ___timezone                100137d2 f   LIBCMT:timeset.obj
 0001:000127d8       ___tzname                  100137d8 f   LIBCMT:timeset.obj
 0001:000127de       __get_errno_from_oserr     100137de f   LIBCMT:dosmap.obj
 0001:00012820       __errno                    10013820 f   LIBCMT:dosmap.obj
 0001:00012833       ___doserrno                10013833 f   LIBCMT:dosmap.obj
 0001:00012846       __dosmaperr                10013846 f   LIBCMT:dosmap.obj
 0001:00012869       ___getgmtimebuf            10013869 f   LIBCMT:gmtime.obj
 0001:000128a0       __aulldiv                  100138a0 f   LIBCMT:ulldiv.obj
 0001:00012908       _abort                     10013908 f   LIBCMT:abort.obj
 0001:0001293b       __set_abort_behavior       1001393b f   LIBCMT:abort.obj
 0001:0001295c       __GET_RTERRMSG             1001395c f   LIBCMT:crt0msg.obj
 0001:00012982       __NMSG_WRITE               10013982 f   LIBCMT:crt0msg.obj
 0001:00012b31       __FF_MSGBANNER             10013b31 f   LIBCMT:crt0msg.obj
 0001:00012b6a       __initp_misc_purevirt      10013b6a f   LIBCMT:inithelp.obj
 0001:00012b79       __initp_heap_handler       10013b79 f   LIBCMT:handler.obj
 0001:00012b88       __callnewh                 10013b88 f   LIBCMT:handler.obj
 0001:00012bb0       __encoded_null             10013bb0 f   LIBCMT:tidtable.obj
 0001:00012bb9       ___crtTlsAlloc@4           10013bb9 f   LIBCMT:tidtable.obj
 0001:00012bc2       ___set_flsgetvalue         10013bc2 f   LIBCMT:tidtable.obj
 0001:00012bf6       __mtterm                   10013bf6 f   LIBCMT:tidtable.obj
 0001:00012c33       __initptd                  10013c33 f   LIBCMT:tidtable.obj
 0001:00012ce7       __getptd_noexit            10013ce7 f   LIBCMT:tidtable.obj
 0001:00012d60       __getptd                   10013d60 f   LIBCMT:tidtable.obj
 0001:00012d7a       __freefls@4                10013d7a f   LIBCMT:tidtable.obj
 0001:00012ea9       __freeptd                  10013ea9 f   LIBCMT:tidtable.obj
 0001:00012f17       __mtinit                   10013f17 f   LIBCMT:tidtable.obj
 0001:00013092       __close_nolock             10014092 f   LIBCMT:close.obj
 0001:0001312e       __close                    1001412e f   LIBCMT:close.obj
 0001:000131f2       __fileno                   100141f2 f   LIBCMT:fileno.obj
 0001:00013218       __freebuf                  10014218 f   LIBCMT:_freebuf.obj
 0001:00013249       __flush                    10014249 f   LIBCMT:fflush.obj
 0001:000132b1       __fflush_nolock            100142b1 f   LIBCMT:fflush.obj
 0001:000133d3       __flushall                 100143d3 f   LIBCMT:fflush.obj
 0001:000133dc       ___iob_func                100143dc f   LIBCMT:_file.obj
 0001:000133e2       ___initstdio               100143e2 f   LIBCMT:_file.obj
 0001:00013493       ___endstdio                10014493 f   LIBCMT:_file.obj
 0001:000134b3       __lock_file                100144b3 f   LIBCMT:_file.obj
 0001:000134f4       __lock_file2               100144f4 f   LIBCMT:_file.obj
 0001:00013526       __unlock_file              10014526 f   LIBCMT:_file.obj
 0001:00013562       __unlock_file2             10014562 f   LIBCMT:_file.obj
 0001:000135a0       __SEH_prolog4              100145a0 f   LIBCMT:sehprolg4.obj
 0001:000135e5       __SEH_epilog4              100145e5 f   LIBCMT:sehprolg4.obj
 0001:00013600       __except_handler4          10014600 f   LIBCMT:chandler4.obj
 0001:0001378f       __stbuf                    1001478f f   LIBCMT:_sftbuf.obj
 0001:0001382b       __ftbuf                    1001482b f   LIBCMT:_sftbuf.obj
 0001:000138f4       __output_l                 100148f4 f   LIBCMT:output.obj
 0001:000144fc       __ioinit                   100154fc f   LIBCMT:ioinit.obj
 0001:00014741       __ioterm                   10015741 f   LIBCMT:ioinit.obj
 0001:00014794       __openfile                 10015794 f   LIBCMT:_open.obj
 0001:00014a2b       __getstream                10015a2b f   LIBCMT:stream.obj
 0001:00014b60       __local_unwind4            10015b60 f   LIBCMT:exsup4.obj
 0001:00014c36       __seh_longjmp_unwind4@4    10015c36 f   LIBCMT:exsup4.obj
 0001:00014c52       @_EH4_CallFilterFunc@8     10015c52 f   LIBCMT:exsup4.obj
 0001:00014c69       @_EH4_TransferToHandler@8  10015c69 f   LIBCMT:exsup4.obj
 0001:00014c82       @_EH4_GlobalUnwind2@8      10015c82 f   LIBCMT:exsup4.obj
 0001:00014c9b       @_EH4_LocalUnwind@16       10015c9b f   LIBCMT:exsup4.obj
 0001:00014cb2       __flsbuf                   10015cb2 f   LIBCMT:_flsbuf.obj
 0001:00014e16       ??1bad_exception@std@@UAE@XZ 10015e16 f i LIBCMT:frame.obj
 0001:00014e21       ??_Gbad_exception@std@@UAEPAXI@Z 10015e21 f i LIBCMT:frame.obj
 0001:00014e21       ??_Ebad_exception@std@@UAEPAXI@Z 10015e21 f i LIBCMT:frame.obj
 0001:00014e48       ___TypeMatch               10015e48 f   LIBCMT:frame.obj
 0001:00014ea7       ___FrameUnwindFilter       10015ea7 f   LIBCMT:frame.obj
 0001:00014ef6       ___FrameUnwindToState      10015ef6 f   LIBCMT:frame.obj
 0001:00015017       ___DestructExceptionObject 10016017 f   LIBCMT:frame.obj
 0001:0001506c       ___AdjustPointer           1001606c f   LIBCMT:frame.obj
 0001:000152f0       ___BuildCatchObjectHelper  100162f0 f   LIBCMT:frame.obj
 0001:0001546f       ___BuildCatchObject        1001646f f   LIBCMT:frame.obj
 0001:000159eb       ??0bad_exception@std@@QAE@ABV01@@Z 100169eb f i LIBCMT:frame.obj
 0001:00015a08       ___InternalCxxFrameHandler 10016a08 f   LIBCMT:frame.obj
 0001:00015aee       @__security_check_cookie@4 10016aee f   LIBCMT:secchk.obj
 0001:00015afd       ?terminate@@YAXXZ          10016afd f   LIBCMT:hooks.obj
 0001:00015b36       ?unexpected@@YAXXZ         10016b36 f   LIBCMT:hooks.obj
 0001:00015b49       ?_inconsistency@@YAXXZ     10016b49 f   LIBCMT:hooks.obj
 0001:00015b81       __initp_eh_hooks           10016b81 f   LIBCMT:hooks.obj
 0001:00015ba0       __CallSettingFrame@12      10016ba0 f   LIBCMT:lowhelpr.obj
 0001:00015bc7       __NLG_Return               10016bc7     LIBCMT:lowhelpr.obj
 0001:00015e0f       ___updatetmbcinfo          10016e0f f   LIBCMT:mbctype.obj
 0001:00015f2f       __setmbcp_nolock           10016f2f f   LIBCMT:mbctype.obj
 0001:00016118       __setmbcp                  10017118 f   LIBCMT:mbctype.obj
 0001:000162b2       ___initmbctable            100172b2 f   LIBCMT:mbctype.obj
 0001:000162d0       ___addlocaleref            100172d0 f   LIBCMT:localref.obj
 0001:0001635f       ___removelocaleref         1001735f f   LIBCMT:localref.obj
 0001:000163f8       ___freetlocinfo            100173f8 f   LIBCMT:localref.obj
 0001:00016543       __updatetlocinfoEx_nolock  10017543 f   LIBCMT:localref.obj
 0001:00016590       ___updatetlocinfo          10017590 f   LIBCMT:localref.obj
 0001:00016609       __malloc_crt               10017609 f   LIBCMT:crtheap.obj
 0001:0001664e       __calloc_crt               1001764e f   LIBCMT:crtheap.obj
 0001:0001669a       __realloc_crt              1001769a f   LIBCMT:crtheap.obj
 0001:000166e8       __recalloc_crt             100176e8 f   LIBCMT:crtheap.obj
 0001:0001673a       ___ascii_stricmp           1001773a f   LIBCMT:stricmp.obj
 0001:00016773       __isleadbyte_l             10017773 f i LIBCMT:_wctype.obj
 0001:000167ab       _isleadbyte                100177ab f i LIBCMT:_wctype.obj
 0001:000167be       __msize                    100177be f   LIBCMT:msize.obj
 0001:000167f1       ___crtCorExitProcess       100177f1 f   LIBCMT:crt0dat.obj
 0001:0001681c       ___crtExitProcess          1001781c f   LIBCMT:crt0dat.obj
 0001:00016834       __lockexit                 10017834 f   LIBCMT:crt0dat.obj
 0001:0001683d       __unlockexit               1001783d f   LIBCMT:crt0dat.obj
 0001:00016846       __init_pointers            10017846 f   LIBCMT:crt0dat.obj
 0001:00016879       __initterm_e               10017879 f   LIBCMT:crt0dat.obj
 0001:0001689d       __cinit                    1001789d f   LIBCMT:crt0dat.obj
 0001:00016a74       __exit                     10017a74 f   LIBCMT:crt0dat.obj
 0001:00016a8a       __cexit                    10017a8a f   LIBCMT:crt0dat.obj
 0001:00016a99       __amsg_exit                10017a99 f   LIBCMT:crt0dat.obj
 0001:00016ab7       __setenvp                  10017ab7 f   LIBCMT:stdenvp.obj
 0001:00016d2d       __setargv                  10017d2d f   LIBCMT:stdargv.obj
 0001:00016de8       ___crtGetEnvironmentStringsA 10017de8 f   LIBCMT:a_env.obj
 0001:00016e7f       __RTC_Initialize           10017e7f f   LIBCMT:_initsect_.obj
 0001:00016ea5       __RTC_Terminate            10017ea5 f   LIBCMT:_initsect_.obj
 0001:00016ecb       __heap_init                10017ecb f   LIBCMT:heapinit.obj
 0001:00016ee9       __heap_term                10017ee9 f   LIBCMT:heapinit.obj
 0001:00016efd       __XcptFilter               10017efd f   LIBCMT:winxfltr.obj
 0001:00017047       ___CppXcptFilter           10018047 f   LIBCMT:winxfltr.obj
 0001:00017067       _DllMain@12                10018067 f   LIBCMT:dllmain.obj
 0001:0001706d       ___security_init_cookie    1001806d f   LIBCMT:gs_support.obj
 0001:00017108       __sse2_mathfcns_init       10018108 f   LIBCMT:_mathfcns_.obj
 0001:00017120       __CIacos_pentium4          10018120 f   LIBCMT:_acos_pentium4_.obj
 0001:00017138       __acos_pentium4            10018138     LIBCMT:_acos_pentium4_.obj
 0001:00017680       __trandisp1                10018680 f   LIBCMT:_87disp_.obj
 0001:000176e7       __trandisp2                100186e7 f   LIBCMT:_87disp_.obj
 0001:00017773       __rttospopde               10018773     LIBCMT:_87disp_.obj
 0001:00017778       __rttospop                 10018778     LIBCMT:_87disp_.obj
 0001:0001777a       __rtnospop                 1001877a     LIBCMT:_87disp_.obj
 0001:0001777c       __rttosnpop                1001877c     LIBCMT:_87disp_.obj
 0001:0001777d       __rtnospopde               1001877d     LIBCMT:_87disp_.obj
 0001:00017784       __rtzeropop                10018784     LIBCMT:_87disp_.obj
 0001:00017786       __rtzeronpop               10018786     LIBCMT:_87disp_.obj
 0001:0001778b       __rtonepop                 1001878b     LIBCMT:_87disp_.obj
 0001:0001778d       __rtonenpop                1001878d     LIBCMT:_87disp_.obj
 0001:00017792       __tosnan1                  10018792     LIBCMT:_87disp_.obj
 0001:000177bd       __nosnan2                  100187bd     LIBCMT:_87disp_.obj
 0001:000177bf       __tosnan2                  100187bf     LIBCMT:_87disp_.obj
 0001:000177e7       __nan2                     100187e7     LIBCMT:_87disp_.obj
 0001:00017826       __rtindfpop                10018826     LIBCMT:_87disp_.obj
 0001:00017828       __rtindfnpop               10018828     LIBCMT:_87disp_.obj
 0001:00017839       __rttosnpopde              10018839     LIBCMT:_87disp_.obj
 0001:00017843       __rtchsifneg               10018843     LIBCMT:_87disp_.obj
 0001:00017850       __startTwoArgErrorHandling 10018850 f   LIBCMT:_genexcep_.obj
 0001:00017867       __startOneArgErrorHandling 10018867 f   LIBCMT:_genexcep_.obj
 0001:000178b0       __twoToTOS                 100188b0 f   LIBCMT:_common_.obj
 0001:000178c5       __load_CW                  100188c5 f   LIBCMT:_common_.obj
 0001:000178dc       __convertTOStoQNaN         100188dc f   LIBCMT:_common_.obj
 0001:000178f5       __fload_withFB             100188f5 f   LIBCMT:_common_.obj
 0001:00017938       __checkTOS_withFB          10018938 f   LIBCMT:_common_.obj
 0001:0001794e       __fast_exit                1001894e f   LIBCMT:_common_.obj
 0001:0001795b       __math_exit                1001895b f   LIBCMT:_common_.obj
 0001:00017985       __check_overflow_exit      10018985 f   LIBCMT:_common_.obj
 0001:00017999       __check_range_exit         10018999 f   LIBCMT:_common_.obj
 0001:00017a40       __CIasin_pentium4          10018a40 f   LIBCMT:_asin_pentium4_.obj
 0001:00017a58       __asin_pentium4            10018a58     LIBCMT:_asin_pentium4_.obj
 0001:00017fc0       __cintrindisp2             10018fc0 f   LIBCMT:_87cdisp_.obj
 0001:00017ffe       __cintrindisp1             10018ffe f   LIBCMT:_87cdisp_.obj
 0001:0001803b       __ctrandisp2               1001903b f   LIBCMT:_87cdisp_.obj
 0001:000181ca       __ctrandisp1               100191ca f   LIBCMT:_87cdisp_.obj
 0001:000181fd       __fload                    100191fd f   LIBCMT:_87cdisp_.obj
 0001:00018240       __CIpow_pentium4           10019240 f   LIBCMT:_pow_pentium4_.obj
 0001:00018259       __pow_pentium4             10019259     LIBCMT:_pow_pentium4_.obj
 0001:00018db1       __fFEXP                    10019db1     LIBCMT:_87tran_.obj
 0001:00018e08       __rtinfpopse               10019e08     LIBCMT:_87tran_.obj
 0001:00018e0a       __rtinfnpopse              10019e0a     LIBCMT:_87tran_.obj
 0001:00018e1a       __fFLN                     10019e1a     LIBCMT:_87tran_.obj
 0001:00018ecf       __rtinfpop                 10019ecf     LIBCMT:_87tran_.obj
 0001:00018ed1       __rtinfnpop                10019ed1     LIBCMT:_87tran_.obj
 0001:00018eee       __ffexpm1                  10019eee     LIBCMT:_87tran_.obj
 0001:00018f97       __d_inttype                10019f97 f   LIBCMT:_powhlp_.obj
 0001:00019001       __powhlp                   1001a001 f   LIBCMT:_powhlp_.obj
 0001:0001912c       ___libm_error_support      1001a12c f   LIBCMT:_libm_error_.obj
 0001:000193f8       __floor_default            1001a3f8 f   LIBCMT:_floor_.obj
 0001:000194d0       __VEC_memzero              1001a4d0 f   LIBCMT:p4_memset.obj
 0001:0001958a       __fltin2                   1001a58a f   LIBCMT:_cfin_.obj
 0001:00019631       __isctype_l                1001a631 f   LIBCMT:isctype.obj
 0001:000196e9       ___strgtold12_l            1001a6e9 f   LIBCMT:_strgtold_.obj
 0001:00019f87       _wcstol                    1001af87 f   LIBCMT:wcstol.obj
 0001:00019fa1       _iswctype                  1001afa1 f   LIBCMT:iswctype.obj
 0001:0001a000       __mtinitlocks              1001b000 f   LIBCMT:mlock.obj
 0001:0001a04a       __mtdeletelocks            1001b04a f   LIBCMT:mlock.obj
 0001:0001a0a1       __unlock                   1001b0a1 f   LIBCMT:mlock.obj
 0001:0001a0b8       __mtinitlocknum            1001b0b8 f   LIBCMT:mlock.obj
 0001:0001a17a       __lock                     1001b17a f   LIBCMT:mlock.obj
 0001:0001a394       ___crtLCMapStringA         1001b394 f   LIBCMT:a_map.obj
 0001:0001a3e0       _strrchr                   1001b3e0 f   LIBCMT:strrchr.obj
 0001:0001a40d       __atodbl_l                 1001b40d f   LIBCMT:atodbl.obj
 0001:0001a4b5       __atoflt_l                 1001b4b5 f   LIBCMT:atodbl.obj
 0001:0001a55d       __fptostr                  1001b55d f   LIBCMT:_fptostr.obj
 0001:0001a610       ___dtold                   1001b610 f   LIBCMT:_cfout_.obj
 0001:0001a6c3       __fltout2                  1001b6c3 f   LIBCMT:_cfout_.obj
 0001:0001a760       __alldvrm                  1001b760 f   LIBCMT:lldvrm.obj
 0001:0001a840       __aullshr                  1001b840 f   LIBCMT:ullshr.obj
 0001:0001a85f       __fptrap                   1001b85f f   LIBCMT:crt0fp.obj
 0001:0001a868       __controlfp_s              1001b868 f   LIBCMT:_contrlfp_.obj
 0001:0001a8c7       __crt_debugger_hook        1001b8c7 f   LIBCMT:dbghook.obj
 0001:0001a8cf       _strncpy_s                 1001b8cf f   LIBCMT:strncpy_s.obj
 0001:0001a984       __getenv_helper_nolock     1001b984 f   LIBCMT:getenv.obj
 0001:0001aa0b       ____lc_codepage_func       1001ba0b f   LIBCMT:initctyp.obj
 0001:0001aa31       __initp_misc_winsig        1001ba31 f   LIBCMT:winsig.obj
 0001:0001aa86       ___get_sigabrt             1001ba86 f   LIBCMT:winsig.obj
 0001:0001aa93       _raise                     1001ba93 f   LIBCMT:winsig.obj
 0001:0001ac36       ___crtMessageBoxW          1001bc36 f   LIBCMT:crtmboxw.obj
 0001:0001ada2       _wcscat_s                  1001bda2 f   LIBCMT:wcscat_s.obj
 0001:0001ae17       _wcsncpy_s                 1001be17 f   LIBCMT:wcsncpy_s.obj
 0001:0001aee4       _wcslen                    1001bee4 f   LIBCMT:wcslen.obj
 0001:0001aeff       _wcscpy_s                  1001beff f   LIBCMT:wcscpy_s.obj
 0001:0001af62       __set_error_mode           1001bf62 f   LIBCMT:errmode.obj
 0001:0001afb0       __aulldvrm                 1001bfb0 f   LIBCMT:ulldvrm.obj
 0001:0001b045       __set_osfhnd               1001c045 f   LIBCMT:osfinfo.obj
 0001:0001b0c6       __free_osfhnd              1001c0c6 f   LIBCMT:osfinfo.obj
 0001:0001b14c       __get_osfhandle            1001c14c f   LIBCMT:osfinfo.obj
 0001:0001b1b5       ___lock_fhandle            1001c1b5 f   LIBCMT:osfinfo.obj
 0001:0001b254       __unlock_fhandle           1001c254 f   LIBCMT:osfinfo.obj
 0001:0001b27b       __alloc_osfhnd             1001c27b f   LIBCMT:osfinfo.obj
 0001:0001b414       __write_nolock             1001c414 f   LIBCMT:write.obj
 0001:0001bb11       __write                    1001cb11 f   LIBCMT:write.obj
 0001:0001bbe5       __commit                   1001cbe5 f   LIBCMT:commit.obj
 0001:0001bcbe       __fcloseall                1001ccbe f   LIBCMT:closeall.obj
 0001:0001bd60       __ValidateImageBase        1001cd60 f   LIBCMT:pesect.obj
 0001:0001bda0       __FindPESection            1001cda0 f   LIBCMT:pesect.obj
 0001:0001bdf0       __IsNonwritableInCurrentImage 1001cdf0 f   LIBCMT:pesect.obj
 0001:0001beac       __isatty                   1001ceac f   LIBCMT:isatty.obj
 0001:0001bf02       __get_printf_count_output  1001cf02 f   LIBCMT:printf.obj
 0001:0001bf18       __wctomb_s_l               1001cf18 f   LIBCMT:wctomb.obj
 0001:0001c06d       _wctomb_s                  1001d06d f   LIBCMT:wctomb.obj
 0001:0001c7be       __sopen_helper             1001d7be f   LIBCMT:open.obj
 0001:0001c882       __sopen_s                  1001d882 f   LIBCMT:open.obj
 0001:0001c8a2       __mbsnbicmp_l              1001d8a2 f   LIBCMT:mbsnbicm.obj
 0001:0001caa6       __mbsnbicmp                1001daa6 f   LIBCMT:mbsnbicm.obj
 0001:0001cac0       __mbsnbcmp_l               1001dac0 f   LIBCMT:mbsnbcmp.obj
 0001:0001cc0c       __mbsnbcmp                 1001dc0c f   LIBCMT:mbsnbcmp.obj
 0001:0001cc30       __global_unwind2           1001dc30 f   LIBCMT:exsup.obj
 0001:0001cc95       __local_unwind2            1001dc95 f   LIBCMT:exsup.obj
 0001:0001cd19       __abnormal_termination     1001dd19 f   LIBCMT:exsup.obj
 0001:0001cd3c       __NLG_Notify1              1001dd3c f   LIBCMT:exsup.obj
 0001:0001cd45       __NLG_Notify               1001dd45 f   LIBCMT:exsup.obj
 0001:0001cd5c       __NLG_Dispatch2            1001dd5c     LIBCMT:exsup.obj
 0001:0001cd5c       __NLG_Dispatch             1001dd5c     LIBCMT:exsup.obj
 0001:0001cd64       __NLG_Call                 1001dd64 f   LIBCMT:exsup.obj
 0001:0001cd66       __NLG_Return2              1001dd66     LIBCMT:exsup.obj
 0001:0001cd67       __lseeki64_nolock          1001dd67 f   LIBCMT:lseeki64.obj
 0001:0001cdec       __lseeki64                 1001ddec f   LIBCMT:lseeki64.obj
 0001:0001ced6       __getbuf                   1001ded6 f   LIBCMT:_getbuf.obj
 0001:0001cf1f       __EH_prolog3_catch         1001df1f f   LIBCMT:ehprolg3.obj
 0001:0001cf55       ?_ValidateWrite@@YAHPAXI@Z 1001df55 f   LIBCMT:validate.obj
 0001:0001cf55       ?_ValidateExecute@@YAHP6GHXZ@Z 1001df55 f   LIBCMT:validate.obj
 0001:0001cf55       ?_ValidateRead@@YAHPBXI@Z  1001df55 f   LIBCMT:validate.obj
 0001:0001cf67       ___report_gsfailure        1001df67 f   LIBCMT:gs_report.obj
 0001:0001d154       ___crtGetStringTypeA       1001e154 f   LIBCMT:a_str.obj
 0001:0001d194       ___free_lc_time            1001e194 f   LIBCMT:inittime.obj
 0001:0001d50b       ___free_lconv_num          1001e50b f   LIBCMT:initnum.obj
 0001:0001d574       ___free_lconv_mon          1001e574 f   LIBCMT:initmon.obj
 0001:0001d672       __calloc_impl              1001e672 f   LIBCMT:calloc_impl.obj
 0001:0001d6f4       _realloc                   1001e6f4 f   LIBCMT:realloc.obj
 0001:0001d7a1       __recalloc                 1001e7a1 f   LIBCMT:recalloc.obj
 0001:0001d80f       __initp_misc_rand_s        1001e80f f   LIBCMT:rand_s.obj
 0001:0001d871       __ismbblead                1001e871 f   LIBCMT:ismbbyte.obj
 0001:0001d889       __87except                 1001e889 f   LIBCMT:_87except_.obj
 0001:0001d9c8       __frnd                     1001e9c8 f   LIBCMT:_frnd_.obj
 0001:0001d9dc       __fpclass                  1001e9dc f   LIBCMT:_ieeemisc_.obj
 0001:0001da79       __set_exp                  1001ea79 f   LIBCMT:_util_.obj
 0001:0001daa6       __sptype                   1001eaa6 f   LIBCMT:_util_.obj
 0001:0001db0c       __decomp                   1001eb0c f   LIBCMT:_util_.obj
 0001:0001dbcf       __matherr                  1001ebcf f   LIBCMT:_matherr_.obj
 0001:0001dbd2       __raise_exc_ex             1001ebd2 f   LIBCMT:_fpexcept_.obj
 0001:0001deae       __raise_exc                1001eeae f   LIBCMT:_fpexcept_.obj
 0001:0001ded1       __handle_exc               1001eed1 f   LIBCMT:_fpexcept_.obj
 0001:0001e0b5       __set_errno_from_matherr   1001f0b5 f   LIBCMT:_fpexcept_.obj
 0001:0001e0e2       __errcode                  1001f0e2 f   LIBCMT:_fpexcept_.obj
 0001:0001e116       __umatherr                 1001f116 f   LIBCMT:_fpexcept_.obj
 0001:0001e1b6       __handle_qnan1             1001f1b6 f   LIBCMT:_fpexcept_.obj
 0001:0001e20b       __except1                  1001f20b f   LIBCMT:_fpexcept_.obj
 0001:0001e2d5       __statfp                   1001f2d5 f   LIBCMT:_fpctrl_.obj
 0001:0001e2e5       __clrfp                    1001f2e5 f   LIBCMT:_fpctrl_.obj
 0001:0001e2f6       __ctrlfp                   1001f2f6 f   LIBCMT:_fpctrl_.obj
 0001:0001e321       __set_statfp               1001f321 f   LIBCMT:_fpctrl_.obj
 0001:0001e379       ___set_fpsr_sse2           1001f379 f   LIBCMT:_fpctrl_.obj
 0001:0001e3eb       __ld12tod                  1001f3eb f   LIBCMT:_intrncvt_.obj
 0001:0001e93c       __ld12tof                  1001f93c f   LIBCMT:_intrncvt_.obj
 0001:0001ee8d       ___mtold12                 1001fe8d f   LIBCMT:_mantold_.obj
 0001:0001f071       __mbtowc_l                 10020071 f   LIBCMT:mbtowc.obj
 0001:0001f187       _mbtowc                    10020187 f   LIBCMT:mbtowc.obj
 0001:0001f1b0       _strcspn                   100201b0 f   LIBCMT:strcspn.obj
 0001:0001f1f6       _strncmp                   100201f6 f   LIBCMT:strncmp.obj
 0001:0001f2c0       _strpbrk                   100202c0 f   LIBCMT:strpbrk.obj
 0001:0001f300       __wchartodigit             10020300 f   LIBCMT:wchtodig.obj
 0001:0001f4a0       __SEH_prolog4_GS           100204a0 f   LIBCMT:sehprolg4gs.obj
 0001:0001f4e8       __SEH_epilog4_GS           100204e8 f   LIBCMT:sehprolg4gs.obj
 0001:0001f4f7       _$I10_OUTPUT               100204f7 f   LIBCMT:_x10fout_.obj
 0001:0001ff1d       __control87                10020f1d f i LIBCMT:_ieee87_.obj
 0001:0002022f       __mbsnbicoll_l             1002122f f   LIBCMT:mbsnbico.obj
 0001:0002030d       __mbsnbicoll               1002130d f   LIBCMT:mbsnbico.obj
 0001:00020327       ___wtomb_environ           10021327 f   LIBCMT:wtombenv.obj
 0001:000203be       __putwch_nolock            100213be f   LIBCMT:putwch.obj
 0001:00020400       __chsize_nolock            10021400 f   LIBCMT:chsize.obj
 0001:000205b6       __read_nolock              100215b6 f   LIBCMT:read.obj
 0001:00020b6d       __lseek_nolock             10021b6d f   LIBCMT:lseek.obj
 0001:00020be2       __setmode_nolock           10021be2 f   LIBCMT:setmode.obj
 0001:00020c9d       __get_fmode                10021c9d f   LIBCMT:setmode.obj
 0001:00020cca       __strnicmp_l               10021cca f   LIBCMT:strnicmp.obj
 0001:00020dac       __strnicmp                 10021dac f   LIBCMT:strnicmp.obj
 0001:0002106d       ___crtCompareStringA       1002206d f   LIBCMT:a_cmp.obj
 0001:000210af       __strnicoll_l              100220af f   LIBCMT:strnicol.obj
 0001:0002124b       ___crtsetenv               1002224b f   LIBCMT:setenv.obj
 0001:0002148d       ___initconout              1002248d f   LIBCMT:initcon.obj
 0001:000214ac       ___termconout              100224ac f   LIBCMT:initcon.obj
 0001:000214d0       ___ascii_strnicmp          100224d0 f   LIBCMT:_strnicm.obj
 0001:00021531       __strdup                   10022531 f   LIBCMT:strdup.obj
 0001:00021583       __mbschr_l                 10022583 f   LIBCMT:mbschr.obj
 0001:00021633       __mbschr                   10022633 f   LIBCMT:mbschr.obj
 0001:0002164a       _RtlUnwind@16              1002264a f   kernel32:KERNEL32.dll
 0001:00021650       __access_s                 10022650 f   LIBCMT:access.obj
 0001:000216cf       __access                   100226cf f   LIBCMT:access.obj
 0001:000216cf       _access                    100226cf f   LIBCMT:access.obj
 0002:00000000       __imp__CreateSolidBrush@4  10024000     gdi32:GDI32.dll
 0002:00000004       \177GDI32_NULL_THUNK_DATA  10024004     gdi32:GDI32.dll
 0002:00000008       __imp__GetProcessHeap@0    10024008     kernel32:KERNEL32.dll
 0002:0000000c       __imp__ReadFile@20         1002400c     kernel32:KERNEL32.dll
 0002:00000010       __imp__WriteConsoleW@20    10024010     kernel32:KERNEL32.dll
 0002:00000014       __imp__CompareStringW@24   10024014     kernel32:KERNEL32.dll
 0002:00000018       __imp__CreateFileW@28      10024018     kernel32:KERNEL32.dll
 0002:0000001c       __imp__GetProcAddress@8    1002401c     kernel32:KERNEL32.dll
 0002:00000020       __imp__CreateThread@24     10024020     kernel32:KERNEL32.dll
 0002:00000024       __imp__WaitForSingleObject@8 10024024     kernel32:KERNEL32.dll
 0002:00000028       __imp__CloseHandle@4       10024028     kernel32:KERNEL32.dll
 0002:0000002c       __imp__Sleep@4             1002402c     kernel32:KERNEL32.dll
 0002:00000030       __imp__GetModuleHandleA@4  10024030     kernel32:KERNEL32.dll
 0002:00000034       __imp__GetCurrentProcess@0 10024034     kernel32:KERNEL32.dll
 0002:00000038       __imp__SetEndOfFile@4      10024038     kernel32:KERNEL32.dll
 0002:0000003c       __imp__HeapReAlloc@16      1002403c     kernel32:KERNEL32.dll
 0002:00000040       __imp__SetFilePointer@16   10024040     kernel32:KERNEL32.dll
 0002:00000044       __imp__CreateFileA@28      10024044     kernel32:KERNEL32.dll
 0002:00000048       __imp__FlushFileBuffers@4  10024048     kernel32:KERNEL32.dll
 0002:0000004c       __imp__GetConsoleMode@8    1002404c     kernel32:KERNEL32.dll
 0002:00000050       __imp__WideCharToMultiByte@32 10024050     kernel32:KERNEL32.dll
 0002:00000054       __imp__MultiByteToWideChar@24 10024054     kernel32:KERNEL32.dll
 0002:00000058       __imp__GetSystemTimeAsFileTime@4 10024058     kernel32:KERNEL32.dll
 0002:0000005c       __imp__DecodePointer@4     1002405c     kernel32:KERNEL32.dll
 0002:00000060       __imp__EncodePointer@4     10024060     kernel32:KERNEL32.dll
 0002:00000064       __imp__RaiseException@16   10024064     kernel32:KERNEL32.dll
 0002:00000068       __imp__GetLastError@0      10024068     kernel32:KERNEL32.dll
 0002:0000006c       __imp__DeleteFileA@4       1002406c     kernel32:KERNEL32.dll
 0002:00000070       __imp__RtlUnwind@16        10024070     kernel32:KERNEL32.dll
 0002:00000074       __imp__GetTimeFormatA@24   10024074     kernel32:KERNEL32.dll
 0002:00000078       __imp__GetDateFormatA@24   10024078     kernel32:KERNEL32.dll
 0002:0000007c       __imp__GetCurrentThreadId@0 1002407c     kernel32:KERNEL32.dll
 0002:00000080       __imp__GetCommandLineA@0   10024080     kernel32:KERNEL32.dll
 0002:00000084       __imp__SetEnvironmentVariableA@8 10024084     kernel32:KERNEL32.dll
 0002:00000088       __imp__HeapAlloc@12        10024088     kernel32:KERNEL32.dll
 0002:0000008c       __imp__HeapFree@12         1002408c     kernel32:KERNEL32.dll
 0002:00000090       __imp__IsProcessorFeaturePresent@4 10024090     kernel32:KERNEL32.dll
 0002:00000094       __imp__UnhandledExceptionFilter@4 10024094     kernel32:KERNEL32.dll
 0002:00000098       __imp__SetUnhandledExceptionFilter@4 10024098     kernel32:KERNEL32.dll
 0002:0000009c       __imp__IsDebuggerPresent@0 1002409c     kernel32:KERNEL32.dll
 0002:000000a0       __imp__TerminateProcess@8  100240a0     kernel32:KERNEL32.dll
 0002:000000a4       __imp__GetTimeZoneInformation@4 100240a4     kernel32:KERNEL32.dll
 0002:000000a8       __imp__WriteFile@20        100240a8     kernel32:KERNEL32.dll
 0002:000000ac       __imp__GetStdHandle@4      100240ac     kernel32:KERNEL32.dll
 0002:000000b0       __imp__GetModuleFileNameW@12 100240b0     kernel32:KERNEL32.dll
 0002:000000b4       __imp__TlsAlloc@0          100240b4     kernel32:KERNEL32.dll
 0002:000000b8       __imp__TlsGetValue@4       100240b8     kernel32:KERNEL32.dll
 0002:000000bc       __imp__TlsSetValue@8       100240bc     kernel32:KERNEL32.dll
 0002:000000c0       __imp__TlsFree@4           100240c0     kernel32:KERNEL32.dll
 0002:000000c4       __imp__InterlockedIncrement@4 100240c4     kernel32:KERNEL32.dll
 0002:000000c8       __imp__GetModuleHandleW@4  100240c8     kernel32:KERNEL32.dll
 0002:000000cc       __imp__SetLastError@4      100240cc     kernel32:KERNEL32.dll
 0002:000000d0       __imp__InterlockedDecrement@4 100240d0     kernel32:KERNEL32.dll
 0002:000000d4       __imp__EnterCriticalSection@4 100240d4     kernel32:KERNEL32.dll
 0002:000000d8       __imp__LeaveCriticalSection@4 100240d8     kernel32:KERNEL32.dll
 0002:000000dc       __imp__SetHandleCount@4    100240dc     kernel32:KERNEL32.dll
 0002:000000e0       __imp__InitializeCriticalSectionAndSpinCount@8 100240e0     kernel32:KERNEL32.dll
 0002:000000e4       __imp__GetFileType@4       100240e4     kernel32:KERNEL32.dll
 0002:000000e8       __imp__GetStartupInfoW@4   100240e8     kernel32:KERNEL32.dll
 0002:000000ec       __imp__DeleteCriticalSection@4 100240ec     kernel32:KERNEL32.dll
 0002:000000f0       __imp__GetCPInfo@8         100240f0     kernel32:KERNEL32.dll
 0002:000000f4       __imp__GetACP@0            100240f4     kernel32:KERNEL32.dll
 0002:000000f8       __imp__GetOEMCP@0          100240f8     kernel32:KERNEL32.dll
 0002:000000fc       __imp__IsValidCodePage@4   100240fc     kernel32:KERNEL32.dll
 0002:00000100       __imp__HeapSize@12         10024100     kernel32:KERNEL32.dll
 0002:00000104       __imp__ExitProcess@4       10024104     kernel32:KERNEL32.dll
 0002:00000108       __imp__GetModuleFileNameA@12 10024108     kernel32:KERNEL32.dll
 0002:0000010c       __imp__FreeEnvironmentStringsW@4 1002410c     kernel32:KERNEL32.dll
 0002:00000110       __imp__GetEnvironmentStringsW@0 10024110     kernel32:KERNEL32.dll
 0002:00000114       __imp__HeapCreate@12       10024114     kernel32:KERNEL32.dll
 0002:00000118       __imp__HeapDestroy@4       10024118     kernel32:KERNEL32.dll
 0002:0000011c       __imp__QueryPerformanceCounter@4 1002411c     kernel32:KERNEL32.dll
 0002:00000120       __imp__GetTickCount@0      10024120     kernel32:KERNEL32.dll
 0002:00000124       __imp__GetCurrentProcessId@0 10024124     kernel32:KERNEL32.dll
 0002:00000128       __imp__GetStringTypeW@16   10024128     kernel32:KERNEL32.dll
 0002:0000012c       __imp__LCMapStringW@24     1002412c     kernel32:KERNEL32.dll
 0002:00000130       __imp__LoadLibraryW@4      10024130     kernel32:KERNEL32.dll
 0002:00000134       __imp__SetStdHandle@8      10024134     kernel32:KERNEL32.dll
 0002:00000138       __imp__GetConsoleCP@0      10024138     kernel32:KERNEL32.dll
 0002:0000013c       __imp__GetFileAttributesA@4 1002413c     kernel32:KERNEL32.dll
 0002:00000140       \177KERNEL32_NULL_THUNK_DATA 10024140     kernel32:KERNEL32.dll
 0002:00000144       __imp__GetModuleInformation@16 10024144     psapi:PSAPI.DLL
 0002:00000148       \177PSAPI_NULL_THUNK_DATA  10024148     psapi:PSAPI.DLL
 0002:0000014c       __imp__GetDC@4             1002414c     user32:USER32.dll
 0002:00000150       __imp__ShowWindow@8        10024150     user32:USER32.dll
 0002:00000154       __imp__FindWindowA@8       10024154     user32:USER32.dll
 0002:00000158       __imp__GetAsyncKeyState@4  10024158     user32:USER32.dll
 0002:0000015c       \177USER32_NULL_THUNK_DATA 1002415c     user32:USER32.dll
 0002:00000160       __imp__Warning             10024160     tier0:tier0.dll
 0002:00000164       __imp_?ConColorMsg@@YAXABVColor@@PBDZZ 10024164     tier0:tier0.dll
 0002:00000168       __imp__g_pMemAlloc         10024168     tier0:tier0.dll
 0002:0000016c       __imp__Msg                 1002416c     tier0:tier0.dll
 0002:00000170       __imp__AssertValidStringPtr 10024170     tier0:tier0.dll
 0002:00000174       __imp___AssertValidWritePtr 10024174     tier0:tier0.dll
 0002:00000178       \177tier0_NULL_THUNK_DATA  10024178     tier0:tier0.dll
 0002:0000017c       __imp__KeyValuesSystem     1002417c     vstdlib:vstdlib.dll
 0002:00000180       \177vstdlib_NULL_THUNK_DATA 10024180     vstdlib:vstdlib.dll
 0002:00000184       ___xc_a                    10024184     LIBCMT:crt0init.obj
 0002:00000300       ___xc_z                    10024300     LIBCMT:crt0init.obj
 0002:00000304       ___xi_a                    10024304     LIBCMT:crt0init.obj
 0002:0000031c       ___xi_z                    1002431c     LIBCMT:crt0init.obj
 0002:00000320       ___xp_a                    10024320     LIBCMT:crt0init.obj
 0002:0000032c       ___xp_z                    1002432c     LIBCMT:crt0init.obj
 0002:00000330       ___xt_a                    10024330     LIBCMT:crt0init.obj
 0002:00000334       ___xt_z                    10024334     LIBCMT:crt0init.obj
 0002:00000364       __real@437f0000            10024364     L4D_Versus_Tool.obj
 0002:00000368       ??_C@_00CNPNBAHC@?$AA@     10024368     L4D_Versus_Tool.obj
 0002:00000370       ??_7bad_alloc@std@@6B@     10024370     L4D_Versus_Tool.obj
 0002:0000037c       ??_7IGameEventListener@@6B@ 1002437c     L4D_Versus_Tool.obj
 0002:00000384       ??_C@_0BP@EAGJNPBM@plugin_unload?5L4D_Versus_Tool?6?$AA@ 10024384     L4D_Versus_Tool.obj
 0002:000003a4       ??_C@_0BD@PELHOKFO@Killed?5players?3?5?$CFd?$AA@ 100243a4     L4D_Versus_Tool.obj
 0002:000003b8       ??_C@_0CC@FBJIMKFA@Killed?5zombies?3?5?$CFd?5?$CIHeadshot?3?5?$CFd@ 100243b8     L4D_Versus_Tool.obj
 0002:000003dc       ??_C@_0CD@JEKJDLOO@playgamesound?5UI?2LittleReward?4wa@ 100243dc     L4D_Versus_Tool.obj
 0002:00000400       ??_C@_0BD@EGBNOPBD@Killed?5zombies?3?5?$CFd?$AA@ 10024400     L4D_Versus_Tool.obj
 0002:00000414       __real@41100000            10024414     L4D_Versus_Tool.obj
 0002:00000418       __real@3f666666            10024418     L4D_Versus_Tool.obj
 0002:0000041c       ??_C@_05FLILCDFA@?$CI?$DM0?$DO?$CJ?$AA@ 1002441c     L4D_Versus_Tool.obj
 0002:00000424       ??_C@_06JPHCDDEM@?$CI?$DM?9?$HM?$DO?$CJ?$AA@ 10024424     L4D_Versus_Tool.obj
 0002:0000042c       ??_C@_07BGLECDFL@?$CI?$DM?9?9?$HM?$DO?$CJ?$AA@ 1002442c     L4D_Versus_Tool.obj
 0002:00000434       ??_C@_08JFOOGAIM@?$CI?$DM?9?9?9?$HM?$DO?$CJ?$AA@ 10024434     L4D_Versus_Tool.obj
 0002:00000440       ??_C@_09INNKHNLI@?$CI?$DM?9?9?9?9?$HM?$DO?$CJ?$AA@ 10024440     L4D_Versus_Tool.obj
 0002:0000044c       ??_C@_0L@KMHGLNBA@?$CI?$DM?9?9?9?9?9?$HM?$DO?$CJ?$AA@ 1002444c     L4D_Versus_Tool.obj
 0002:00000458       ??_C@_0M@HEFKDKAK@?$CI?$DM?9?9?9?9?9?9?$HM?$DO?$CJ?$AA@ 10024458     L4D_Versus_Tool.obj
 0002:00000464       ??_C@_0N@IJOAOPPH@?$CI?$DM?9?9?9?9?9?9?9?$HM?$DO?$CJ?$AA@ 10024464     L4D_Versus_Tool.obj
 0002:00000474       ??_C@_0O@EKBBNLID@?$CI?$DM?9?9?9?9?9?9?9?9?$HM?$DO?$CJ?$AA@ 10024474     L4D_Versus_Tool.obj
 0002:00000484       ??_C@_0P@BNLKJPJC@?$CI?$DM?9?9?9?9?9?9?9?9?9?$HM?$DO?$CJ?$AA@ 10024484     L4D_Versus_Tool.obj
 0002:00000494       ??_C@_0BA@HHFNBECE@?$CI?$DM?9?9?9?9?9?9?9?9?9?9?$HM?$DO?$CJ?$AA@ 10024494     L4D_Versus_Tool.obj
 0002:000004a4       ??_C@_0BB@CDPHGLKK@?$CI?$DM?9?9?9?9?9?9?9?9?9?9?$HM?9?$DO?$CJ?$AA@ 100244a4     L4D_Versus_Tool.obj
 0002:000004b8       ??_C@_0BC@CJKDGPPC@?$CI?$DM?9?9?9?9?9?9?9?9?9?9?$HM?9?9?$DO?$CJ?$AA@ 100244b8     L4D_Versus_Tool.obj
 0002:000004cc       ??_C@_0BD@EMBJOCDA@?$CI?$DM?9?9?9?9?9?9?9?9?9?9?$HM?9?9?9?$DO?$CJ?$AA@ 100244cc     L4D_Versus_Tool.obj
 0002:000004e0       ??_C@_0BE@DJBGPLCB@?$CI?$DM?9?9?9?9?9?9?9?9?9?9?$HM?9?9?9?9?$DO?$CJ?$AA@ 100244e0     L4D_Versus_Tool.obj
 0002:000004f4       ??_C@_0BF@FDNDNEMK@?$CI?$DM?9?9?9?9?9?9?9?9?9?9?$HM?9?9?9?9?9?$DO?$CJ?$AA@ 100244f4     L4D_Versus_Tool.obj
 0002:0000050c       ??_C@_0BG@GEGBCKBF@?$CI?$DM?9?9?9?9?9?9?9?9?9?9?$HM?9?9?9?9?9?9?$DO?$CJ?$AA@ 1002450c     L4D_Versus_Tool.obj
 0002:00000524       ??_C@_0BH@HCDKFHKO@?$CI?$DM?9?9?9?9?9?9?9?9?9?9?$HM?9?9?9?9?9?9?9?$DO?$CJ?$AA@ 10024524     L4D_Versus_Tool.obj
 0002:0000053c       ??_C@_0BI@COJPGGNH@?$CI?$DM?9?9?9?9?9?9?9?9?9?9?$HM?9?9?9?9?9?9?9?9?$DO?$CJ?$AA@ 1002453c     L4D_Versus_Tool.obj
 0002:00000554       ??_C@_0BJ@HBKAKHO@?$CI?$DM?9?9?9?9?9?9?9?9?9?9?$HM?9?9?9?9?9?9?9?9?9?$DO?$CJ?$AA@ 10024554     L4D_Versus_Tool.obj
 0002:00000570       ??_C@_0BK@KIDJJEFO@?$CI?$DM?9?9?9?9?9?9?9?9?9?9?$HM?9?9?9?9?9?9?9?9?9?9?$DO?$CJ?$AA@ 10024570     L4D_Versus_Tool.obj
 0002:0000058c       __real@3ec90fdb            1002458c     L4D_Versus_Tool.obj
 0002:00000590       __real@3fe0000000000000    10024590     L4D_Versus_Tool.obj
 0002:00000598       __real@3c23d70a            10024598     L4D_Versus_Tool.obj
 0002:0000059c       ??_C@_0L@EMPDFJNI@engine?4dll?$AA@ 1002459c     L4D_Versus_Tool.obj
 0002:000005a8       ??_C@_08GLLLJGIM@Infected?$AA@ 100245a8     L4D_Versus_Tool.obj
 0002:000005bc       ??_7L4D_VT@@6BIServerPluginCallbacks@@@ 100245bc     L4D_Versus_Tool.obj
 0002:00000608       ??_C@_0BN@KOJFOMNG@L4D_Versus_Tool?5v?52?40?0?5Senny?$AA@ 10024608     L4D_Versus_Tool.obj
 0002:00000628       ??_C@_0BE@CMEKGLO@host_timescale?51?40?6?$AA@ 10024628     L4D_Versus_Tool.obj
 0002:0000063c       ??_C@_0BM@PMMOAFLJ@l4d_mat_postprocess_enable?6?$AA@ 1002463c     L4D_Versus_Tool.obj
 0002:00000658       ??_C@_0O@CNDIGMFE@surface?5?$DN?5?$CFx?6?$AA@ 10024658     L4D_Versus_Tool.obj
 0002:00000668       ??_C@_0BB@HKLLCOKA@std_render?5?$DN?5?$CFx?6?$AA@ 10024668     L4D_Versus_Tool.obj
 0002:0000067c       ??_C@_0BA@GJFAOOCB@mdl_cache?5?$DN?5?$CFx?6?$AA@ 1002467c     L4D_Versus_Tool.obj
 0002:0000068c       ??_C@_0O@OIAJJGNF@physOBJ?5?$DN?5?$CFx?6?$AA@ 1002468c     L4D_Versus_Tool.obj
 0002:0000069c       ??_C@_0BB@LJAGCNDN@model_info?5?$DN?5?$CFx?6?$AA@ 1002469c     L4D_Versus_Tool.obj
 0002:000006b0       ??_C@_0BD@JEEKPGPH@model_render?5?$DN?5?$CFx?6?$AA@ 100246b0     L4D_Versus_Tool.obj
 0002:000006c4       ??_C@_0N@IHGMDPNI@sv_gcl?5?$DN?5?$CFx?6?$AA@ 100246c4     L4D_Versus_Tool.obj
 0002:000006d4       ??_C@_0M@LKIMCDGN@debug?5?$DN?5?$CFx?6?$AA@ 100246d4     L4D_Versus_Tool.obj
 0002:000006e0       ??_C@_0BC@HOMDGCKA@client_tool?5?$DN?5?$CFx?6?$AA@ 100246e0     L4D_Versus_Tool.obj
 0002:000006f4       ??_C@_0BC@DHOILOEA@server_tool?5?$DN?5?$CFx?6?$AA@ 100246f4     L4D_Versus_Tool.obj
 0002:00000708       ??_C@_0O@MPAPABE@sv_ents?5?$DN?5?$CFx?6?$AA@ 10024708     L4D_Versus_Tool.obj
 0002:00000718       ??_C@_0BK@BGEHOMNC@cl_gameeventmanager?5?$DN?5?$CFx?6?$AA@ 10024718     L4D_Versus_Tool.obj
 0002:00000734       ??_C@_0O@CGLHBLPM@globals?5?$DN?5?$CFx?6?$AA@ 10024734     L4D_Versus_Tool.obj
 0002:00000744       ??_C@_0BA@PMKJAALC@materials?5?$DN?5?$CFx?6?$AA@ 10024744     L4D_Versus_Tool.obj
 0002:00000754       ??_C@_0O@BCFAMGAP@g_pCVar?5?$DN?5?$CFx?6?$AA@ 10024754     L4D_Versus_Tool.obj
 0002:00000764       ??_C@_0O@OHCJBIFN@gamedll?5?$DN?5?$CFx?6?$AA@ 10024764     L4D_Versus_Tool.obj
 0002:00000774       ??_C@_0BA@OKHFOKHF@clientDLL?5?$DN?5?$CFx?6?$AA@ 10024774     L4D_Versus_Tool.obj
 0002:00000784       ??_C@_0BA@GCPKJMCO@ienginetool?5?$CFx?6?$AA@ 10024784     L4D_Versus_Tool.obj
 0002:00000794       ??_C@_0N@EPHPAADE@client?5?$DN?5?$CFx?6?$AA@ 10024794     L4D_Versus_Tool.obj
 0002:000007a4       ??_C@_0BC@MOMBADML@enginetrace?5?$DN?5?$CFx?6?$AA@ 100247a4     L4D_Versus_Tool.obj
 0002:000007b8       ??_C@_0BI@JAKKMNOJ@playerinfomanager?5?$DN?5?$CFx?6?$AA@ 100247b8     L4D_Versus_Tool.obj
 0002:000007d0       ??_C@_0P@IHIMEPIK@vphysics?5?$DN?5?$CFx?6?$AA@ 100247d0     L4D_Versus_Tool.obj
 0002:000007e0       ??_C@_0P@JIDJBANK@entList?5?$DN?5?$CFx?5?6?$AA@ 100247e0     L4D_Versus_Tool.obj
 0002:000007f0       ??_C@_0BA@FEELJAEL@engine_cl?5?$DN?5?$CFx?6?$AA@ 100247f0     L4D_Versus_Tool.obj
 0002:00000800       ??_C@_0BA@BFPAPPNJ@engine_sv?5?$DN?5?$CFx?6?$AA@ 10024800     L4D_Versus_Tool.obj
 0002:00000810       ??_C@_0BE@PMELBIMF@mp_gamemode?5versus?6?$AA@ 10024810     L4D_Versus_Tool.obj
 0002:00000824       ??_C@_0BH@PPNOFFD@demo_recordcommands?50?6?$AA@ 10024824     L4D_Versus_Tool.obj
 0002:0000083c       ??_C@_0N@CKJHLFNL@thirdperson?6?$AA@ 1002483c     L4D_Versus_Tool.obj
 0002:0000084c       ??_C@_0N@OOJAMMFL@sv_cheats?51?6?$AA@ 1002484c     L4D_Versus_Tool.obj
 0002:0000085c       ??_C@_0BC@CKIMOKHE@mp_gamemode?5coop?6?$AA@ 1002485c     L4D_Versus_Tool.obj
 0002:00000870       ??_C@_0BH@ODPIPGE@demo_recordcommands?51?6?$AA@ 10024870     L4D_Versus_Tool.obj
 0002:00000888       ??_C@_0CN@PKPBIAJK@Failed?5to?5find?5Command?5demo_reco@ 10024888     L4D_Versus_Tool.obj
 0002:000008b8       ??_C@_0BE@BECBINPF@demo_recordcommands?$AA@ 100248b8     L4D_Versus_Tool.obj
 0002:000008cc       ??_C@_0CF@IBBMMNKH@Failed?5to?5find?5Command?5thirdpers@ 100248cc     L4D_Versus_Tool.obj
 0002:000008f4       ??_C@_0M@BIELKGOF@thirdperson?$AA@ 100248f4     L4D_Versus_Tool.obj
 0002:00000900       ??_C@_0CC@DIFHFIJ@Failed?5to?5find?5ConVar?5sv_cheats?$CB@ 10024900     L4D_Versus_Tool.obj
 0002:00000924       ??_C@_09NFOPKLIK@sv_cheats?$AA@ 10024924     L4D_Versus_Tool.obj
 0002:00000930       ??_C@_0CE@CNIAIGD@Failed?5to?5find?5ConVar?5mp_gamemod@ 10024930     L4D_Versus_Tool.obj
 0002:00000954       ??_C@_0M@EHECIMHD@mp_gamemode?$AA@ 10024954     L4D_Versus_Tool.obj
 0002:00000960       ??_C@_0BF@EKLCJGEP@thirdpersonshoulder?6?$AA@ 10024960     L4D_Versus_Tool.obj
 0002:00000978       ??_C@_0BP@BFCIGICJ@c_thirdpersonshoulderdist?5100?6?$AA@ 10024978     L4D_Versus_Tool.obj
 0002:00000998       ??_C@_0BD@GDBGBNLB@z_view_distance?50?6?$AA@ 10024998     L4D_Versus_Tool.obj
 0002:000009ac       ??_C@_0BG@IIDCCAGA@z_view_distance?5?9100?6?$AA@ 100249ac     L4D_Versus_Tool.obj
 0002:000009c4       ??_C@_0CG@FAEHGMJF@Failed?5to?5find?5Cvar?5z_view_dista@ 100249c4     L4D_Versus_Tool.obj
 0002:000009ec       ??_C@_0BA@PIBEOJNH@z_view_distance?$AA@ 100249ec     L4D_Versus_Tool.obj
 0002:000009fc       ??_C@_0BM@JGNGDAHO@Mat_postprocess_enable?5off?6?$AA@ 100249fc     L4D_Versus_Tool.obj
 0002:00000a18       ??_C@_0CA@EPPDANMA@l4d_versus_tool_set_hud_color_r?$AA@ 10024a18     L4D_Versus_Tool.obj
 0002:00000a38       ??_C@_0CA@HIEGOLNE@l4d_versus_tool_set_hud_color_g?$AA@ 10024a38     L4D_Versus_Tool.obj
 0002:00000a58       ??_C@_0CA@FDBBPJB@l4d_versus_tool_set_hud_color_b?$AA@ 10024a58     L4D_Versus_Tool.obj
 0002:00000a78       ??_C@_0BN@GHJFOGIM@l4d_versus_tool_set_hud_time?$AA@ 10024a78     L4D_Versus_Tool.obj
 0002:00000a98       ??_C@_0BK@HNLDLAFM@mat_postprocess_enable?50?6?$AA@ 10024a98     L4D_Versus_Tool.obj
 0002:00000ab4       ??_C@_0DA@FEPFIGMN@Failed?5to?5Cvar?5command?5mat_postp@ 10024ab4     L4D_Versus_Tool.obj
 0002:00000ae4       ??_C@_0BH@HAEHGEK@mat_postprocess_enable?$AA@ 10024ae4     L4D_Versus_Tool.obj
 0002:00000afc       ??_C@_0BF@HADBFHEI@r_drawothermodels?51?6?$AA@ 10024afc     L4D_Versus_Tool.obj
 0002:00000b14       ??_C@_0BF@HCHHOJBB@r_drawothermodels?52?6?$AA@ 10024b14     L4D_Versus_Tool.obj
 0002:00000b2c       ??_C@_0CI@NNFAIJNL@Failed?5to?5find?5Cvar?5r_drawotherm@ 10024b2c     L4D_Versus_Tool.obj
 0002:00000b54       ??_C@_0BC@FFOICEHG@r_drawothermodels?$AA@ 10024b54     L4D_Versus_Tool.obj
 0002:00000b68       ??_C@_0BF@OLFJJBAG@r_drawstaticprops?51?6?$AA@ 10024b68     L4D_Versus_Tool.obj
 0002:00000b80       ??_C@_0BF@OJBPCPFP@r_drawstaticprops?52?6?$AA@ 10024b80     L4D_Versus_Tool.obj
 0002:00000b98       ??_C@_0CI@NBFEHHBL@Failed?5to?5find?5Cvar?5r_drawstatic@ 10024b98     L4D_Versus_Tool.obj
 0002:00000bc0       ??_C@_0BC@NBLMHMP@r_drawstaticprops?$AA@ 10024bc0     L4D_Versus_Tool.obj
 0002:00000bd4       ??_C@_0P@POJDJLEC@r_drawworld?51?6?$AA@ 10024bd4     L4D_Versus_Tool.obj
 0002:00000be4       ??_C@_0P@PPFBPBHF@r_drawworld?50?6?$AA@ 10024be4     L4D_Versus_Tool.obj
 0002:00000bf4       ??_C@_0CC@GIJFFFOJ@Failed?5to?5find?5Cvar?5r_drawworld?$CB@ 10024bf4     L4D_Versus_Tool.obj
 0002:00000c18       ??_C@_0M@BIOFCHNF@r_drawworld?$AA@ 10024c18     L4D_Versus_Tool.obj
 0002:00000c24       ??_C@_0BF@FJNLCLND@r_drawclipbrushes?50?6?$AA@ 10024c24     L4D_Versus_Tool.obj
 0002:00000c3c       ??_C@_0BF@FKFPPPLN@r_drawclipbrushes?52?6?$AA@ 10024c3c     L4D_Versus_Tool.obj
 0002:00000c54       ??_C@_0CH@KEJKKOD@Failed?5to?5find?5Cvar?5r_drawclipbr@ 10024c54     L4D_Versus_Tool.obj
 0002:00000c7c       ??_C@_0BC@CNFJHEEI@r_drawclipbrushes?$AA@ 10024c7c     L4D_Versus_Tool.obj
 0002:00000c90       ??_C@_0BF@LGCKHMLD@showtriggers_toggle?6?$AA@ 10024c90     L4D_Versus_Tool.obj
 0002:00000ca8       ??_C@_0CN@FPHKDDEC@Failed?5to?5find?5Command?5showtrigg@ 10024ca8     L4D_Versus_Tool.obj
 0002:00000cd8       ??_C@_0BE@KMIEGHCB@showtriggers_toggle?$AA@ 10024cd8     L4D_Versus_Tool.obj
 0002:00000cec       ??_C@_0N@OPFCKGGM@sv_cheats?50?6?$AA@ 10024cec     L4D_Versus_Tool.obj
 0002:00000cfc       ??_C@_0BB@KJOCEBKA@mat_wireframe?50?6?$AA@ 10024cfc     L4D_Versus_Tool.obj
 0002:00000d10       ??_C@_0BB@KICACLJH@mat_wireframe?51?6?$AA@ 10024d10     L4D_Versus_Tool.obj
 0002:00000d24       ??_C@_0CE@IBBNELBG@Failed?5to?5find?5Cvar?5mat_wirefram@ 10024d24     L4D_Versus_Tool.obj
 0002:00000d48       ??_C@_0O@FPACLNFG@mat_wireframe?$AA@ 10024d48     L4D_Versus_Tool.obj
 0002:00000d58       ??_C@_0BO@PPOJAJGA@cl_viewmodelfovsurvivor?550?40?6?$AA@ 10024d58     L4D_Versus_Tool.obj
 0002:00000d78       ??_C@_0BO@LCCBKIGL@cl_viewmodelfovsurvivor?570?40?6?$AA@ 10024d78     L4D_Versus_Tool.obj
 0002:00000d98       ??_C@_0DA@CFFDLGLC@Failed?5to?5find?5ConVar?5cl_viewmod@ 10024d98     L4D_Versus_Tool.obj
 0002:00000dc8       ??_C@_0BI@GCLMCFIF@cl_viewmodelfovsurvivor?$AA@ 10024dc8     L4D_Versus_Tool.obj
 0002:00000de0       ??_C@_0BK@HAIPNCOA@cl_viewmodelfovboomer?550?6?$AA@ 10024de0     L4D_Versus_Tool.obj
 0002:00000dfc       ??_C@_0BM@IKLPKEOD@cl_viewmodelfovboomer?570?40?6?$AA@ 10024dfc     L4D_Versus_Tool.obj
 0002:00000e18       ??_C@_0CO@MFDHCOJF@Failed?5to?5find?5ConVar?5cl_viewmod@ 10024e18     L4D_Versus_Tool.obj
 0002:00000e48       ??_C@_0BG@JPFCPKCP@cl_viewmodelfovboomer?$AA@ 10024e48     L4D_Versus_Tool.obj
 0002:00000e60       ??_C@_0BK@NGCDKFAG@cl_viewmodelfovhunter?550?6?$AA@ 10024e60     L4D_Versus_Tool.obj
 0002:00000e7c       ??_C@_0BM@EMPKLCLK@cl_viewmodelfovhunter?570?40?6?$AA@ 10024e7c     L4D_Versus_Tool.obj
 0002:00000e98       ??_C@_0CO@DPMMNBAP@Failed?5to?5find?5ConVar?5cl_viewmod@ 10024e98     L4D_Versus_Tool.obj
 0002:00000ec8       ??_C@_0BG@IJBOLFDJ@cl_viewmodelfovhunter?$AA@ 10024ec8     L4D_Versus_Tool.obj
 0002:00000ee0       ??_C@_0BK@NNGNBAFB@cl_viewmodelfovsmoker?550?6?$AA@ 10024ee0     L4D_Versus_Tool.obj
 0002:00000efc       ??_C@_0BM@CALDFGE@cl_viewmodelfovsmoker?570?40?6?$AA@ 10024efc     L4D_Versus_Tool.obj
 0002:00000f18       ??_C@_0CO@OKPAJMMH@Failed?5to?5find?5ConVar?5cl_viewmod@ 10024f18     L4D_Versus_Tool.obj
 0002:00000f48       ??_C@_0BG@DGFIJDIC@cl_viewmodelfovsmoker?$AA@ 10024f48     L4D_Versus_Tool.obj
 0002:00000f60       ??_C@_0BI@LNFOMHPK@cl_viewmodelfovtank?550?6?$AA@ 10024f60     L4D_Versus_Tool.obj
 0002:00000f78       ??_C@_0BK@FHEPHHAC@cl_viewmodelfovtank?570?40?6?$AA@ 10024f78     L4D_Versus_Tool.obj
 0002:00000f94       ??_C@_0CM@OHDFDFEB@Failed?5to?5find?5ConVar?5cl_viewmod@ 10024f94     L4D_Versus_Tool.obj
 0002:00000fc0       ??_C@_0BE@MDDGCLIF@cl_viewmodelfovtank?$AA@ 10024fc0     L4D_Versus_Tool.obj
 0002:00000fd4       ??_C@_0BE@BIDIPGLF@Host_timescale?51?40?6?$AA@ 10024fd4     L4D_Versus_Tool.obj
 0002:00000fe8       ??_C@_0BE@BOPDDEFO@Host_timescale?51?45?6?$AA@ 10024fe8     L4D_Versus_Tool.obj
 0002:00000ffc       ??_C@_0BE@EAPGEFF@host_timescale?51?45?6?$AA@ 10024ffc     L4D_Versus_Tool.obj
 0002:00001010       ??_C@_0BE@BLLMCCNL@Host_timescale?51?42?6?$AA@ 10025010     L4D_Versus_Tool.obj
 0002:00001024       ??_C@_0BE@BEAHCNA@host_timescale?51?42?6?$AA@ 10025024     L4D_Versus_Tool.obj
 0002:00001038       ??_C@_0CH@HBMGPGDO@Failed?5to?5find?5ConVar?5host_times@ 10025038     L4D_Versus_Tool.obj
 0002:00001060       ??_C@_0P@KABNEGIH@host_timescale?$AA@ 10025060     L4D_Versus_Tool.obj
 0002:00001070       ??_C@_0BA@GPGIPIOE@Sv_gravity?5800?6?$AA@ 10025070     L4D_Versus_Tool.obj
 0002:00001080       ??_C@_0BA@HIFHIDJJ@sv_gravity?5800?6?$AA@ 10025080     L4D_Versus_Tool.obj
 0002:00001090       ??_C@_0BA@KKJIBFOF@Sv_gravity?5400?6?$AA@ 10025090     L4D_Versus_Tool.obj
 0002:000010a0       ??_C@_0BA@LNKHGOJI@sv_gravity?5400?6?$AA@ 100250a0     L4D_Versus_Tool.obj
 0002:000010b0       ??_C@_0CD@EPHHNBEN@Failed?5to?5find?5ConVar?5sv_gravity@ 100250b0     L4D_Versus_Tool.obj
 0002:000010d4       ??_C@_0L@FKMMBKBD@sv_gravity?$AA@ 100250d4     L4D_Versus_Tool.obj
 0002:000010e0       ??_C@_0P@BHHOFOGE@Developer?5off?6?$AA@ 100250e0     L4D_Versus_Tool.obj
 0002:000010f0       ??_C@_0N@FFAANKMH@developer?50?6?$AA@ 100250f0     L4D_Versus_Tool.obj
 0002:00001100       ??_C@_0O@OOGOLLJD@Developer?5on?6?$AA@ 10025100     L4D_Versus_Tool.obj
 0002:00001110       ??_C@_0N@FEMCLAPA@developer?51?6?$AA@ 10025110     L4D_Versus_Tool.obj
 0002:00001120       ??_C@_0CC@IBMPNLHN@Failed?5to?5find?5ConVar?5developer?$CB@ 10025120     L4D_Versus_Tool.obj
 0002:00001144       ??_C@_09DNECJBKD@developer?$AA@ 10025144     L4D_Versus_Tool.obj
 0002:00001150       ??_C@_0P@LKEMAOHM@sv_friction?54?6?$AA@ 10025150     L4D_Versus_Tool.obj
 0002:00001160       ??_C@_0P@DFIAJIDO@Sv_friction?50?6?$AA@ 10025160     L4D_Versus_Tool.obj
[...]
 0001:0001510b       ?CallUnexpected@@YAXPBU_s_ESTypeList@@@Z 1001610b f   LIBCMT:frame.obj
 0001:0001513c       __catch$?CallUnexpected@@YAXPBU_s_ESTypeList@@@Z$0 1001613c f   LIBCMT:frame.obj
 0001:00015154       ?CallCatchBlock@@YAPAXPAUEHExceptionRecord@@PAUEHRegistrationNode@@PAU_CONTEXT@@PBU_s_FuncInfo@@PAXHK@Z 10016154 f   LIBCMT:frame.obj
 0001:00015501       ?CatchIt@@YAXPAUEHExceptionRecord@@PAUEHRegistrationNode@@PAU_CONTEXT@@PAXPBU_s_FuncInfo@@PBU_s_HandlerType@@PBU_s_CatchableType@@PBU_s_TryBlockMapEntry@@H1E@Z 10016501 f   LIBCMT:frame.obj
 0001:0001556f       ?FindHandlerForForeignException@@YAXPAUEHExceptionRecord@@PAUEHRegistrationNode@@PAU_CONTEXT@@PAXPBU_s_FuncInfo@@HH1@Z 1001656f f   LIBCMT:frame.obj
 0001:00015676       ?FindHandler@@YAXPAUEHExceptionRecord@@PAUEHRegistrationNode@@PAU_CONTEXT@@PAXPBU_s_FuncInfo@@EH1@Z 10016676 f   LIBCMT:frame.obj
 0001:00015bec       ?CPtoLCID@@YAHH@Z          10016bec f   LIBCMT:mbctype.obj
 0001:00015c1b       ?setSBCS@@YAXPAUthreadmbcinfostruct@@@Z 10016c1b f   LIBCMT:mbctype.obj
 0001:00015c7f       ?setSBUpLow@@YAXPAUthreadmbcinfostruct@@@Z 10016c7f f   LIBCMT:mbctype.obj
 0001:00015eb3       ?getSystemCP@@YAHH@Z       10016eb3 f   LIBCMT:mbctype.obj
 0001:00016934       _doexit                    10017934 f   LIBCMT:crt0dat.obj
 0001:00016b93       _parse_cmdline             10017b93 f   LIBCMT:stdargv.obj
 0001:00019dc5       ?wcstoxl@@YAKPB_WPAPB_WHH@Z 1001adc5 f   LIBCMT:wcstol.obj
 0001:0001a1ad       ?__crtLCMapStringA_stat@@YAHPAUlocaleinfo_struct@@KKPBDHPADHHH@Z 1001b1ad f   LIBCMT:a_map.obj
 0001:0001aa4f       _siglookup                 1001ba4f f   LIBCMT:winsig.obj
 0001:0001c08a       __tsopen_nolock            1001d08a f   LIBCMT:open.obj
 0001:0001cc50       __unwind_handler           1001dc50 f   LIBCMT:exsup.obj
 0001:0001d06d       ?__crtGetStringTypeA_stat@@YAHPAUlocaleinfo_struct@@KPBDHPAGHHH@Z 1001e06d f   LIBCMT:a_str.obj
 0001:0001d81e       ?x_ismbbtype_l@@YAHPAUlocaleinfo_struct@@IHH@Z 1001e81e f   LIBCMT:ismbbyte.obj
 0001:0001fdef       __hw_cw                    10020def f   LIBCMT:_ieee87_.obj
 0001:0001fe7d       ___hw_cw_sse2              10020e7d f   LIBCMT:_ieee87_.obj
 0001:00020dff       ?__crtCompareStringA_stat@@YAHPAUlocaleinfo_struct@@KKPBDH1HH@Z 10021dff f   LIBCMT:a_cmp.obj
 0001:00021199       _findenv                   10022199 f   LIBCMT:setenv.obj
 0001:000211eb       _copy_environ              100221eb f   LIBCMT:setenv.obj
 0001:000216f0       __ehhandler$?_Copy@?$basic_string@DU?$char_traits@D@std@@V?$allocator@D@2@@std@@QAEXII@Z 100226f0 f   L4D_Versus_Tool.obj
 0001:000216fa       __ehhandler$?CallUnexpected@@YAXPBU_s_ESTypeList@@@Z 100226fa f   LIBCMT:frame.obj
 0001:00021720       ??__EAutoRecordDemoMp@@YAXXZ 10022720 f   L4D_Versus_Tool.obj
 0001:00021750       ??__EAutoRecordDemoSp@@YAXXZ 10022750 f   L4D_Versus_Tool.obj
 0001:00021780       ??__ESetHudColor_r@@YAXXZ  10022780 f   L4D_Versus_Tool.obj
 0001:000217b0       ??__ESetHudColor_g@@YAXXZ  100227b0 f   L4D_Versus_Tool.obj
 0001:000217e0       ??__ESetHudColor_b@@YAXXZ  100227e0 f   L4D_Versus_Tool.obj
 0001:00021810       ??__ESetHudTime_t@@YAXXZ   10022810 f   L4D_Versus_Tool.obj
 0001:00021840       ??__EL4DEspPZAlpha@@YAXXZ  10022840 f   L4D_Versus_Tool.obj
 0001:00021870       ??__EL4DEspPZ@@YAXXZ       10022870 f   L4D_Versus_Tool.obj
 0001:000218a0       ??__EL4DEspInfected@@YAXXZ 100228a0 f   L4D_Versus_Tool.obj
 0001:000218d0       ??__EL4DHunterDistanceMeter@@YAXXZ 100228d0 f   L4D_Versus_Tool.obj
 0001:00021900       ??__EL4DHunterDistanceMeterAngle@@YAXXZ 10022900 f   L4D_Versus_Tool.obj
 0001:00021930       ??__EDrawPZGlow@@YAXXZ     10022930 f   L4D_Versus_Tool.obj
 0001:00021960       ??__EDrawViewLine@@YAXXZ   10022960 f   L4D_Versus_Tool.obj
 0001:00021990       ??__EL4DAimBotPZ@@YAXXZ    10022990 f   L4D_Versus_Tool.obj
 0001:000219c0       ??__EL4DAimBotPZTargetBone@@YAXXZ 100229c0 f   L4D_Versus_Tool.obj
 0001:000219f0       ??__EL4DAimBotPZUseKey@@YAXXZ 100229f0 f   L4D_Versus_Tool.obj
 0001:00021a20       ??__EL4DAimBotPZBreakKey@@YAXXZ 10022a20 f   L4D_Versus_Tool.obj
 0001:00021a50       ??__EL4DAimBotPZRadius@@YAXXZ 10022a50 f   L4D_Versus_Tool.obj
 0001:00021a80       ??__EL4DAimBotInfected@@YAXXZ 10022a80 f   L4D_Versus_Tool.obj
 0001:00021ab0       ??__EL4DAimBotInfectedTargetBone@@YAXXZ 10022ab0 f   L4D_Versus_Tool.obj
 0001:00021ae0       ??__EL4DAimBotInfectedRadius@@YAXXZ 10022ae0 f   L4D_Versus_Tool.obj
 0001:00021b10       ??__EL4DAimBotInfectedOverlayMode@@YAXXZ 10022b10 f   L4D_Versus_Tool.obj
 0001:00021b40       ??__EL4DAimBotInfected_CompensationX@@YAXXZ 10022b40 f   L4D_Versus_Tool.obj
 0001:00021b70       ??__EL4DAimBotInfected_CompensationY@@YAXXZ 10022b70 f   L4D_Versus_Tool.obj
 0001:00021ba0       ??__EL4DAimBotInfected_CompensationZ@@YAXXZ 10022ba0 f   L4D_Versus_Tool.obj
 0001:00021bd0       ??__EL4DDrawRay@@YAXXZ     10022bd0 f   L4D_Versus_Tool.obj
 0001:00021c00       ??__EDebugGameEvents@@YAXXZ 10022c00 f   L4D_Versus_Tool.obj
 0001:00021c30       ??__EListenChat@@YAXXZ     10022c30 f   L4D_Versus_Tool.obj
 0001:00021c60       ??__EKillCounter@@YAXXZ    10022c60 f   L4D_Versus_Tool.obj
 0001:00021c90       ??__EL4DBhop@@YAXXZ        10022c90 f   L4D_Versus_Tool.obj
 0001:00021cc0       ??__EThreadRate@@YAXXZ     10022cc0 f   L4D_Versus_Tool.obj
 0001:00021cf0       ??__EThreadDebug@@YAXXZ    10022cf0 f   L4D_Versus_Tool.obj
 0001:00021d20       ??__EThreadDebugRange@@YAXXZ 10022d20 f   L4D_Versus_Tool.obj
 0001:00021d50       ??__EShowItems@@YAXXZ      10022d50 f   L4D_Versus_Tool.obj
 0001:00021d80       ??__EShowPlayersHealth@@YAXXZ 10022d80 f   L4D_Versus_Tool.obj
 0001:00021db0       ??__ETankHelpers@@YAXXZ    10022db0 f   L4D_Versus_Tool.obj
 0001:00021de0       ??__EDrawSkeletonInfected@@YAXXZ 10022de0 f   L4D_Versus_Tool.obj
 0001:00021e10       ??__EL4DTest2@@YAXXZ       10022e10 f   L4D_Versus_Tool.obj
 0001:00021e40       ??__Eg_L4D_VT@@YAXXZ       10022e40 f   L4D_Versus_Tool.obj
 0001:00021e50       ??__E__g_CreateL4D_VTIServerPluginCallbacks_reg@@YAXXZ 10022e50 f   L4D_Versus_Tool.obj
 0001:00021e70       ??__El4d_show_interfaces_command@@YAXXZ 10022e70 f   L4D_Versus_Tool.obj
 0001:00021ea0       ??__El4d_versus_tool_version_command@@YAXXZ 10022ea0 f   L4D_Versus_Tool.obj
 0001:00021ed0       ??__El4d_thirdperson_command@@YAXXZ 10022ed0 f   L4D_Versus_Tool.obj
 0001:00021f00       ??__El4d_thirdpersonshoulder_command@@YAXXZ 10022f00 f   L4D_Versus_Tool.obj
 0001:00021f30       ??__El4d_z_view_distance_command@@YAXXZ 10022f30 f   L4D_Versus_Tool.obj
 0001:00021f60       ??__El4d_mat_postprocess_enable_command@@YAXXZ 10022f60 f   L4D_Versus_Tool.obj
 0001:00021f90       ??__El4d_r_drawothermodels_command@@YAXXZ 10022f90 f   L4D_Versus_Tool.obj
 0001:00021fc0       ??__El4d_r_drawstaticprops_command@@YAXXZ 10022fc0 f   L4D_Versus_Tool.obj
 0001:00021ff0       ??__El4d_r_drawworld_command@@YAXXZ 10022ff0 f   L4D_Versus_Tool.obj
 0001:00022020       ??__El4d_r_drawclipbrushes_command@@YAXXZ 10023020 f   L4D_Versus_Tool.obj
 0001:00022050       ??__El4d_showtriggers_toggle_command@@YAXXZ 10023050 f   L4D_Versus_Tool.obj
 0001:00022080       ??__El4d_mat_wireframe_command@@YAXXZ 10023080 f   L4D_Versus_Tool.obj
 0001:000220b0       ??__El4d_cl_viewmodelfovsurvivor_command@@YAXXZ 100230b0 f   L4D_Versus_Tool.obj
 0001:000220e0       ??__El4d_cl_viewmodelfovboomer_command@@YAXXZ 100230e0 f   L4D_Versus_Tool.obj
 0001:00022110       ??__El4d_cl_viewmodelfovhunter_command@@YAXXZ 10023110 f   L4D_Versus_Tool.obj
 0001:00022140       ??__El4d_cl_viewmodelfovsmoker_command@@YAXXZ 10023140 f   L4D_Versus_Tool.obj
 0001:00022170       ??__El4d_cl_viewmodelfovtank_command@@YAXXZ 10023170 f   L4D_Versus_Tool.obj
 0001:000221a0       ??__El4d_versus_tool_unload_command@@YAXXZ 100231a0 f   L4D_Versus_Tool.obj
 0001:000221d0       ??__El4d_versu_tool_l4d_cvarlist_command@@YAXXZ 100231d0 f   L4D_Versus_Tool.obj
 0001:00022200       ??__El4d_unlock_cvars_command@@YAXXZ 10023200 f   L4D_Versus_Tool.obj
 0001:00022230       ??__El4d_record_demo_command@@YAXXZ 10023230 f   L4D_Versus_Tool.obj
 0001:00022260       ??__El4d_host_timescale_command@@YAXXZ 10023260 f   L4D_Versus_Tool.obj
 0001:00022290       ??__El4d_survivor_upgrades_command@@YAXXZ 10023290 f   L4D_Versus_Tool.obj
 0001:000222c0       ??__El4d_sv_gravity_command@@YAXXZ 100232c0 f   L4D_Versus_Tool.obj
 0001:000222f0       ??__El4d_developer_command@@YAXXZ 100232f0 f   L4D_Versus_Tool.obj
 0001:00022320       ??__El4d_sv_friction_command@@YAXXZ 10023320 f   L4D_Versus_Tool.obj
 0001:00022350       ??__El4d_vcollide_wireframe_command@@YAXXZ 10023350 f   L4D_Versus_Tool.obj
 0001:00022380       ??__El4d_versus_tool_write_autoexec_command@@YAXXZ 10023380 f   L4D_Versus_Tool.obj
 0001:000223b0       ??__El4d_slow_motion_command@@YAXXZ 100233b0 f   L4D_Versus_Tool.obj
 0001:000223e0       ??__El4d_versus_tool_create_versus_config_command@@YAXXZ 100233e0 f   L4D_Versus_Tool.obj
 0001:00022410       ??__El4d_duck_toggle_command@@YAXXZ 10023410 f   L4D_Versus_Tool.obj
 0001:00022440       ??__El4d_reload_toggle_command@@YAXXZ 10023440 f   L4D_Versus_Tool.obj
 0001:00022470       ??__El4d_print_server_entitys_command@@YAXXZ 10023470 f   L4D_Versus_Tool.obj
 0001:000224a0       ??__El4d_remove_edict_command@@YAXXZ 100234a0 f   L4D_Versus_Tool.obj
 0001:000224d0       ??__El4d_remove_edicts_by_name_command@@YAXXZ 100234d0 f   L4D_Versus_Tool.obj
 0001:00022500       ??__El4d_print_client_entitys_command@@YAXXZ 10023500 f   L4D_Versus_Tool.obj
 0001:00022530       ??__El4d_print_client_class_recvtable_command@@YAXXZ 10023530 f   L4D_Versus_Tool.obj
 0001:00022560       ??__El4d_print_server_class_sendtable_command@@YAXXZ 10023560 f   L4D_Versus_Tool.obj
 0001:00022590       ??__El4d_get_server_classes_command@@YAXXZ 10023590 f   L4D_Versus_Tool.obj
 0001:000225c0       ??__El4d_zombie_kill_stats_command@@YAXXZ 100235c0 f   L4D_Versus_Tool.obj
 0001:000225f0       ??__El4d_spawn_entity_by_name_command@@YAXXZ 100235f0 f   L4D_Versus_Tool.obj
 0001:00022620       ??__El4d_main_thread_terminate_command@@YAXXZ 10023620 f   L4D_Versus_Tool.obj
 0001:00022650       ??__El4d_main_thread_start_command@@YAXXZ 10023650 f   L4D_Versus_Tool.obj
 0001:00022680       ??__El4d_mat_wallhack_command@@YAXXZ 10023680 f   L4D_Versus_Tool.obj
 0001:000226b0       ??__El4d_get_owner_aim_ent_id_command@@YAXXZ 100236b0 f   L4D_Versus_Tool.obj
 0001:000226e0       ??__El4d_ent_is_visible_command@@YAXXZ 100236e0 f   L4D_Versus_Tool.obj
 0001:00022710       ??__El4d_get_owner_aim_pos_command@@YAXXZ 10023710 f   L4D_Versus_Tool.obj
 0001:00022740       ??__El4d_setup_bones_command@@YAXXZ 10023740 f   L4D_Versus_Tool.obj
 0001:00022770       ??__El4d_set_crosshair_material_transparent_command@@YAXXZ 10023770 f   L4D_Versus_Tool.obj
 0001:000227a0       ??__El4d_enable_skeleton_draw_command@@YAXXZ 100237a0 f   L4D_Versus_Tool.obj
 0001:000227d0       ??__El4d_test_command@@YAXXZ 100237d0 f   L4D_Versus_Tool.obj
 0001:00022800       ??__Es_EmptyConVar@@YAXXZ  10023800 f   tier1:convar.obj
 0001:00022820       ??__Es_StringCharConversion@@YAXXZ 10023820 f   tier1:utlbuffer.obj
 0001:00022880       ??__Es_NoEscConversion@@YAXXZ 10023880 f   tier1:utlbuffer.obj
 0001:000228b0       ??__FAutoRecordDemoMp@@YAXXZ 100238b0 f   L4D_Versus_Tool.obj
 0001:000228c0       ??__FAutoRecordDemoSp@@YAXXZ 100238c0 f   L4D_Versus_Tool.obj
 0001:000228d0       ??__FSetHudColor_r@@YAXXZ  100238d0 f   L4D_Versus_Tool.obj
 0001:000228e0       ??__FSetHudColor_g@@YAXXZ  100238e0 f   L4D_Versus_Tool.obj
 0001:000228f0       ??__FSetHudColor_b@@YAXXZ  100238f0 f   L4D_Versus_Tool.obj
 0001:00022900       ??__FSetHudTime_t@@YAXXZ   10023900 f   L4D_Versus_Tool.obj
 0001:00022910       ??__FL4DEspPZAlpha@@YAXXZ  10023910 f   L4D_Versus_Tool.obj
 0001:00022920       ??__FL4DEspPZ@@YAXXZ       10023920 f   L4D_Versus_Tool.obj
 0001:00022930       ??__FL4DEspInfected@@YAXXZ 10023930 f   L4D_Versus_Tool.obj
 0001:00022940       ??__FL4DHunterDistanceMeter@@YAXXZ 10023940 f   L4D_Versus_Tool.obj
 0001:00022950       ??__FL4DHunterDistanceMeterAngle@@YAXXZ 10023950 f   L4D_Versus_Tool.obj
 0001:00022960       ??__FDrawPZGlow@@YAXXZ     10023960 f   L4D_Versus_Tool.obj
 0001:00022970       ??__FDrawViewLine@@YAXXZ   10023970 f   L4D_Versus_Tool.obj
 0001:00022980       ??__FL4DAimBotPZ@@YAXXZ    10023980 f   L4D_Versus_Tool.obj
 0001:00022990       ??__FL4DAimBotPZTargetBone@@YAXXZ 10023990 f   L4D_Versus_Tool.obj
 0001:000229a0       ??__FL4DAimBotPZUseKey@@YAXXZ 100239a0 f   L4D_Versus_Tool.obj
 0001:000229b0       ??__FL4DAimBotPZBreakKey@@YAXXZ 100239b0 f   L4D_Versus_Tool.obj
 0001:000229c0       ??__FL4DAimBotPZRadius@@YAXXZ 100239c0 f   L4D_Versus_Tool.obj
 0001:000229d0       ??__FL4DAimBotInfected@@YAXXZ 100239d0 f   L4D_Versus_Tool.obj
 0001:000229e0       ??__FL4DAimBotInfectedTargetBone@@YAXXZ 100239e0 f   L4D_Versus_Tool.obj
 0001:000229f0       ??__FL4DAimBotInfectedRadius@@YAXXZ 100239f0 f   L4D_Versus_Tool.obj
 0001:00022a00       ??__FL4DAimBotInfectedOverlayMode@@YAXXZ 10023a00 f   L4D_Versus_Tool.obj
 0001:00022a10       ??__FL4DAimBotInfected_CompensationX@@YAXXZ 10023a10 f   L4D_Versus_Tool.obj
 0001:00022a20       ??__FL4DAimBotInfected_CompensationY@@YAXXZ 10023a20 f   L4D_Versus_Tool.obj
 0001:00022a30       ??__FL4DAimBotInfected_CompensationZ@@YAXXZ 10023a30 f   L4D_Versus_Tool.obj
 0001:00022a40       ??__FL4DDrawRay@@YAXXZ     10023a40 f   L4D_Versus_Tool.obj
 0001:00022a50       ??__FDebugGameEvents@@YAXXZ 10023a50 f   L4D_Versus_Tool.obj
 0001:00022a60       ??__FListenChat@@YAXXZ     10023a60 f   L4D_Versus_Tool.obj
 0001:00022a70       ??__FKillCounter@@YAXXZ    10023a70 f   L4D_Versus_Tool.obj
 0001:00022a80       ??__FL4DBhop@@YAXXZ        10023a80 f   L4D_Versus_Tool.obj
 0001:00022a90       ??__FThreadRate@@YAXXZ     10023a90 f   L4D_Versus_Tool.obj
 0001:00022aa0       ??__FThreadDebug@@YAXXZ    10023aa0 f   L4D_Versus_Tool.obj
 0001:00022ab0       ??__FThreadDebugRange@@YAXXZ 10023ab0 f   L4D_Versus_Tool.obj
 0001:00022ac0       ??__FShowItems@@YAXXZ      10023ac0 f   L4D_Versus_Tool.obj
 0001:00022ad0       ??__FShowPlayersHealth@@YAXXZ 10023ad0 f   L4D_Versus_Tool.obj
 0001:00022ae0       ??__FTankHelpers@@YAXXZ    10023ae0 f   L4D_Versus_Tool.obj
 0001:00022af0       ??__FDrawSkeletonInfected@@YAXXZ 10023af0 f   L4D_Versus_Tool.obj
 0001:00022b00       ??__FL4DTest2@@YAXXZ       10023b00 f   L4D_Versus_Tool.obj
 0001:00022b10       ??__Fl4d_show_interfaces_command@@YAXXZ 10023b10 f   L4D_Versus_Tool.obj
 0001:00022b20       ??__Fl4d_versus_tool_version_command@@YAXXZ 10023b20 f   L4D_Versus_Tool.obj
 0001:00022b30       ??__Fl4d_thirdperson_command@@YAXXZ 10023b30 f   L4D_Versus_Tool.obj
 0001:00022b40       ??__Fl4d_thirdpersonshoulder_command@@YAXXZ 10023b40 f   L4D_Versus_Tool.obj
 0001:00022b50       ??__Fl4d_z_view_distance_command@@YAXXZ 10023b50 f   L4D_Versus_Tool.obj
 0001:00022b60       ??__Fl4d_mat_postprocess_enable_command@@YAXXZ 10023b60 f   L4D_Versus_Tool.obj
 0001:00022b70       ??__Fl4d_r_drawothermodels_command@@YAXXZ 10023b70 f   L4D_Versus_Tool.obj
 0001:00022b80       ??__Fl4d_r_drawstaticprops_command@@YAXXZ 10023b80 f   L4D_Versus_Tool.obj
 0001:00022b90       ??__Fl4d_r_drawworld_command@@YAXXZ 10023b90 f   L4D_Versus_Tool.obj
 0001:00022ba0       ??__Fl4d_r_drawclipbrushes_command@@YAXXZ 10023ba0 f   L4D_Versus_Tool.obj
 0001:00022bb0       ??__Fl4d_showtriggers_toggle_command@@YAXXZ 10023bb0 f   L4D_Versus_Tool.obj
 0001:00022bc0       ??__Fl4d_mat_wireframe_command@@YAXXZ 10023bc0 f   L4D_Versus_Tool.obj
 0001:00022bd0       ??__Fl4d_cl_viewmodelfovsurvivor_command@@YAXXZ 10023bd0 f   L4D_Versus_Tool.obj
 0001:00022be0       ??__Fl4d_cl_viewmodelfovboomer_command@@YAXXZ 10023be0 f   L4D_Versus_Tool.obj
 0001:00022bf0       ??__Fl4d_cl_viewmodelfovhunter_command@@YAXXZ 10023bf0 f   L4D_Versus_Tool.obj
 0001:00022c00       ??__Fl4d_cl_viewmodelfovsmoker_command@@YAXXZ 10023c00 f   L4D_Versus_Tool.obj
 0001:00022c10       ??__Fl4d_cl_viewmodelfovtank_command@@YAXXZ 10023c10 f   L4D_Versus_Tool.obj
 0001:00022c20       ??__Fl4d_versus_tool_unload_command@@YAXXZ 10023c20 f   L4D_Versus_Tool.obj
 0001:00022c30       ??__Fl4d_versu_tool_l4d_cvarlist_command@@YAXXZ 10023c30 f   L4D_Versus_Tool.obj
 0001:00022c40       ??__Fl4d_unlock_cvars_command@@YAXXZ 10023c40 f   L4D_Versus_Tool.obj
 0001:00022c50       ??__Fl4d_record_demo_command@@YAXXZ 10023c50 f   L4D_Versus_Tool.obj
 0001:00022c60       ??__Fl4d_host_timescale_command@@YAXXZ 10023c60 f   L4D_Versus_Tool.obj
 0001:00022c70       ??__Fl4d_survivor_upgrades_command@@YAXXZ 10023c70 f   L4D_Versus_Tool.obj
 0001:00022c80       ??__Fl4d_sv_gravity_command@@YAXXZ 10023c80 f   L4D_Versus_Tool.obj
 0001:00022c90       ??__Fl4d_developer_command@@YAXXZ 10023c90 f   L4D_Versus_Tool.obj
 0001:00022ca0       ??__Fl4d_sv_friction_command@@YAXXZ 10023ca0 f   L4D_Versus_Tool.obj
 0001:00022cb0       ??__Fl4d_vcollide_wireframe_command@@YAXXZ 10023cb0 f   L4D_Versus_Tool.obj
 0001:00022cc0       ??__Fl4d_versus_tool_write_autoexec_command@@YAXXZ 10023cc0 f   L4D_Versus_Tool.obj
 0001:00022cd0       ??__Fl4d_slow_motion_command@@YAXXZ 10023cd0 f   L4D_Versus_Tool.obj
 0001:00022ce0       ??__Fl4d_versus_tool_create_versus_config_command@@YAXXZ 10023ce0 f   L4D_Versus_Tool.obj
 0001:00022cf0       ??__Fl4d_duck_toggle_command@@YAXXZ 10023cf0 f   L4D_Versus_Tool.obj
 0001:00022d00       ??__Fl4d_reload_toggle_command@@YAXXZ 10023d00 f   L4D_Versus_Tool.obj
 0001:00022d10       ??__Fl4d_print_server_entitys_command@@YAXXZ 10023d10 f   L4D_Versus_Tool.obj
 0001:00022d20       ??__Fl4d_remove_edict_command@@YAXXZ 10023d20 f   L4D_Versus_Tool.obj
 0001:00022d30       ??__Fl4d_remove_edicts_by_name_command@@YAXXZ 10023d30 f   L4D_Versus_Tool.obj
 0001:00022d40       ??__Fl4d_print_client_entitys_command@@YAXXZ 10023d40 f   L4D_Versus_Tool.obj
 0001:00022d50       ??__Fl4d_print_client_class_recvtable_command@@YAXXZ 10023d50 f   L4D_Versus_Tool.obj
 0001:00022d60       ??__Fl4d_print_server_class_sendtable_command@@YAXXZ 10023d60 f   L4D_Versus_Tool.obj
 0001:00022d70       ??__Fl4d_get_server_classes_command@@YAXXZ 10023d70 f   L4D_Versus_Tool.obj
 0001:00022d80       ??__Fl4d_zombie_kill_stats_command@@YAXXZ 10023d80 f   L4D_Versus_Tool.obj
 0001:00022d90       ??__Fl4d_spawn_entity_by_name_command@@YAXXZ 10023d90 f   L4D_Versus_Tool.obj
 0001:00022da0       ??__Fl4d_main_thread_terminate_command@@YAXXZ 10023da0 f   L4D_Versus_Tool.obj
 0001:00022db0       ??__Fl4d_main_thread_start_command@@YAXXZ 10023db0 f   L4D_Versus_Tool.obj
 0001:00022dc0       ??__Fl4d_mat_wallhack_command@@YAXXZ 10023dc0 f   L4D_Versus_Tool.obj
 0001:00022dd0       ??__Fl4d_get_owner_aim_ent_id_command@@YAXXZ 10023dd0 f   L4D_Versus_Tool.obj
 0001:00022de0       ??__Fl4d_ent_is_visible_command@@YAXXZ 10023de0 f   L4D_Versus_Tool.obj
 0001:00022df0       ??__Fl4d_get_owner_aim_pos_command@@YAXXZ 10023df0 f   L4D_Versus_Tool.obj
 0001:00022e00       ??__Fl4d_setup_bones_command@@YAXXZ 10023e00 f   L4D_Versus_Tool.obj
 0001:00022e10       ??__Fl4d_set_crosshair_material_transparent_command@@YAXXZ 10023e10 f   L4D_Versus_Tool.obj
 0001:00022e20       ??__Fl4d_enable_skeleton_draw_command@@YAXXZ 10023e20 f   L4D_Versus_Tool.obj
 0001:00022e30       ??__Fl4d_test_command@@YAXXZ 10023e30 f   L4D_Versus_Tool.obj
 0001:00022e40       ??__Fg_L4D_VT@@YAXXZ       10023e40 f   L4D_Versus_Tool.obj
 0001:00022e60       ??__Fs_EmptyConVar@@YAXXZ  10023e60 f   tier1:convar.obj
 0001:00022e9b       ??__Fnomem@?5???2@YAPAXI@Z@YAXXZ 10023e9b f   LIBCMT:new.obj
